Archive member included to satisfy reference by file (symbol)

app/libapp.a(shmem.c.obj)     (--whole-archive)
app/libapp.a(main.c.obj)      (--whole-archive)
zephyr/libzephyr.a(heap.c.obj)
                              (--whole-archive)
zephyr/libzephyr.a(cbprintf_packaged.c.obj)
                              (--whole-archive)
zephyr/libzephyr.a(printk.c.obj)
                              (--whole-archive)
zephyr/libzephyr.a(sem.c.obj)
                              (--whole-archive)
zephyr/libzephyr.a(thread_entry.c.obj)
                              (--whole-archive)
zephyr/libzephyr.a(cbprintf_complete.c.obj)
                              (--whole-archive)
zephyr/libzephyr.a(assert.c.obj)
                              (--whole-archive)
zephyr/libzephyr.a(mpsc_pbuf.c.obj)
                              (--whole-archive)
zephyr/libzephyr.a(dec.c.obj)
                              (--whole-archive)
zephyr/libzephyr.a(hex.c.obj)
                              (--whole-archive)
zephyr/libzephyr.a(rb.c.obj)  (--whole-archive)
zephyr/libzephyr.a(timeutil.c.obj)
                              (--whole-archive)
zephyr/libzephyr.a(bitarray.c.obj)
                              (--whole-archive)
zephyr/libzephyr.a(onoff.c.obj)
                              (--whole-archive)
zephyr/libzephyr.a(notify.c.obj)
                              (--whole-archive)
zephyr/libzephyr.a(ring_buffer.c.obj)
                              (--whole-archive)
zephyr/libzephyr.a(last_section_id.c.obj)
                              (--whole-archive)
zephyr/libzephyr.a(configs.c.obj)
                              (--whole-archive)
zephyr/libzephyr.a(log_core.c.obj)
                              (--whole-archive)
zephyr/libzephyr.a(log_mgmt.c.obj)
                              (--whole-archive)
zephyr/libzephyr.a(log_cache.c.obj)
                              (--whole-archive)
zephyr/libzephyr.a(log_msg.c.obj)
                              (--whole-archive)
zephyr/libzephyr.a(mem_attr.c.obj)
                              (--whole-archive)
zephyr/libzephyr.a(tracing_none.c.obj)
                              (--whole-archive)
zephyr/libzephyr.a(banner.c.obj)
                              (--whole-archive)
zephyr/libzephyr.a(flash_map_partition_manager.c.obj)
                              (--whole-archive)
zephyr/arch/common/libarch__common.a(sw_isr_common.c.obj)
                              (--whole-archive)
zephyr/arch/arch/arm/core/libarch__arm__core.a(fatal.c.obj)
                              (--whole-archive)
zephyr/arch/arch/arm/core/libarch__arm__core.a(nmi.c.obj)
                              (--whole-archive)
zephyr/arch/arch/arm/core/libarch__arm__core.a(nmi_on_reset.S.obj)
                              (--whole-archive)
zephyr/arch/arch/arm/core/libarch__arm__core.a(tls.c.obj)
                              (--whole-archive)
zephyr/arch/arch/arm/core/cortex_m/libarch__arm__core__cortex_m.a(exc_exit.c.obj)
                              (--whole-archive)
zephyr/arch/arch/arm/core/cortex_m/libarch__arm__core__cortex_m.a(fault.c.obj)
                              (--whole-archive)
zephyr/arch/arch/arm/core/cortex_m/libarch__arm__core__cortex_m.a(fault_s.S.obj)
                              (--whole-archive)
zephyr/arch/arch/arm/core/cortex_m/libarch__arm__core__cortex_m.a(fpu.c.obj)
                              (--whole-archive)
zephyr/arch/arch/arm/core/cortex_m/libarch__arm__core__cortex_m.a(reset.S.obj)
                              (--whole-archive)
zephyr/arch/arch/arm/core/cortex_m/libarch__arm__core__cortex_m.a(scb.c.obj)
                              (--whole-archive)
zephyr/arch/arch/arm/core/cortex_m/libarch__arm__core__cortex_m.a(thread_abort.c.obj)
                              (--whole-archive)
zephyr/arch/arch/arm/core/cortex_m/libarch__arm__core__cortex_m.a(vector_table.S.obj)
                              (--whole-archive)
zephyr/arch/arch/arm/core/cortex_m/libarch__arm__core__cortex_m.a(swap_helper.S.obj)
                              (--whole-archive)
zephyr/arch/arch/arm/core/cortex_m/libarch__arm__core__cortex_m.a(irq_manage.c.obj)
                              (--whole-archive)
zephyr/arch/arch/arm/core/cortex_m/libarch__arm__core__cortex_m.a(prep_c.c.obj)
                              (--whole-archive)
zephyr/arch/arch/arm/core/cortex_m/libarch__arm__core__cortex_m.a(thread.c.obj)
                              (--whole-archive)
zephyr/arch/arch/arm/core/cortex_m/libarch__arm__core__cortex_m.a(cpu_idle.c.obj)
                              (--whole-archive)
zephyr/arch/arch/arm/core/cortex_m/libarch__arm__core__cortex_m.a(irq_init.c.obj)
                              (--whole-archive)
zephyr/arch/arch/arm/core/cortex_m/libarch__arm__core__cortex_m.a(isr_wrapper.c.obj)
                              (--whole-archive)
zephyr/arch/arch/arm/core/cortex_m/libarch__arm__core__cortex_m.a(__aeabi_read_tp.S.obj)
                              (--whole-archive)
[...]
Memory Configuration

Name             Origin             Length             Attributes
FLASH            0x0000000000008000 0x00000000000f8000 xr
RAM              0x000000002000c568 0x0000000000033a98 xw
IDT_LIST         0x00000000ffff7fff 0x0000000000008000 xw
*default*        0x0000000000000000 0xffffffffffffffff

Linker script and memory map

                0x000000000000eb10                vfprintf = __l_vfprintf
                0x0000000000000000                vfscanf = __l_vfscanf
LOAD zephyr/CMakeFiles/zephyr_final.dir/misc/empty_file.c.obj
LOAD zephyr/CMakeFiles/zephyr_final.dir/isr_tables.c.obj
LOAD zephyr/CMakeFiles/offsets.dir/./arch/arm/core/offsets/offsets.c.obj
LOAD tfm/api_ns/interface/lib/s_veneers.o
LOAD app/libapp.a
LOAD zephyr/libzephyr.a
LOAD zephyr/arch/common/libarch__common.a
LOAD zephyr/arch/arch/arm/core/libarch__arm__core.a
LOAD zephyr/arch/arch/arm/core/cortex_m/libarch__arm__core__cortex_m.a
LOAD zephyr/arch/arch/arm/core/cortex_m/cmse/libarch__arm__core__cortex_m__cmse.a
LOAD zephyr/arch/arch/arm/core/mpu/libarch__arm__core__mpu.a
LOAD zephyr/lib/libc/picolibc/liblib__libc__picolibc.a
LOAD zephyr/lib/libc/common/liblib__libc__common.a
LOAD zephyr/soc/soc/nrf9151/libsoc__nordic.a
LOAD zephyr/drivers/clock_control/libdrivers__clock_control.a
LOAD zephyr/drivers/gpio/libdrivers__gpio.a
LOAD zephyr/drivers/pinctrl/libdrivers__pinctrl.a
LOAD zephyr/drivers/serial/libdrivers__serial.a
LOAD zephyr/drivers/timer/libdrivers__timer.a
LOAD modules/nrf/lib/nrf_modem_lib/lib..__nrf__lib__nrf_modem_lib.a
LOAD modules/nrf/lib/modem_antenna/lib..__nrf__lib__modem_antenna.a
LOAD modules/nrf/subsys/nrf_security/src/zephyr/libmbedtls_zephyr.a
LOAD modules/nrf/modules/trusted-firmware-m/lib..__nrf__modules__trusted-firmware-m.a
LOAD modules/nrf/modules/trusted-firmware-m/libtfm_api_nrf.a
LOAD modules/trusted-firmware-m/libtfm_api.a
LOAD modules/hal_nordic/modules/hal_nordic/nrfx/libmodules__hal_nordic__nrfx.a
LOAD C:/ncs/v3.1.1/nrfxlib/nrf_modem/lib/cellular/nrf9120/soft-float/libmodem.a
LOAD zephyr/kernel/libkernel.a
LOAD modules/nrf/subsys/nrf_security/src/libmbedcrypto.a
LOAD modules/nrf/subsys/nrf_security/src/libmbedcrypto_base.a
LOAD modules/nrf/subsys/nrf_security/src/libnrf_security_utils.a
LOAD zephyr/kernel/libkernel.a
LOAD C:/ncs/v3.1.1/nrfxlib/crypto/nrf_oberon/lib/cortex-m33/soft-float/liboberon_mbedtls_3.0.17.a
LOAD C:/ncs/v3.1.1/nrfxlib/crypto/nrf_oberon/lib/cortex-m33/soft-float/liboberon_3.0.17.a
LOAD zephyr/arch/common/libisr_tables.a
LOAD c:\ncs\toolchains\b8b84efebd\opt\zephyr-sdk\arm-zephyr-eabi\bin\../lib/gcc/../../picolibc/arm-zephyr-eabi/lib/thumb/v8-m.main/nofp\libc.a
LOAD c:/ncs/toolchains/b8b84efebd/opt/zephyr-sdk/arm-zephyr-eabi/bin/../lib/gcc/arm-zephyr-eabi/12.2.0/thumb/v8-m.main/nofp\libgcc.a
                0x0000000000000020                _region_min_align = 0x20

.rel.plt        0x0000000000008000        0x0
 *(SORT_BY_ALIGNMENT(.rel.plt))
                [!provide]                        PROVIDE (__rel_iplt_start = .)
 *(SORT_BY_ALIGNMENT(.rel.iplt))
 .rel.iplt      0x0000000000008000        0x0 zephyr/CMakeFiles/zephyr_final.dir/isr_tables.c.obj
                [!provide]                        PROVIDE (__rel_iplt_end = .)

.rela.plt       0x0000000000000000        0x0
 *(SORT_BY_ALIGNMENT(.rela.plt))
                [!provide]                        PROVIDE (__rela_iplt_start = .)
 *(SORT_BY_ALIGNMENT(.rela.iplt))
                [!provide]                        PROVIDE (__rela_iplt_end = .)

.rel.dyn
 *(SORT_BY_ALIGNMENT(.rel.*))

.rela.dyn
 *(SORT_BY_ALIGNMENT(.rela.*))

/DISCARD/
 *(SORT_BY_ALIGNMENT(.plt))

/DISCARD/
 *(SORT_BY_ALIGNMENT(.iplt))
                0x0000000000008000                __rom_region_start = 0x8000

rom_start       0x0000000000008000      0x144
                0x0000000000008000                __rom_start_address = .
 FILL mask 0x00
                0x0000000000008000                . = (. + (0x0 - (. - __rom_start_address)))
                0x0000000000008000                . = ALIGN (0x4)
                0x0000000000008000                . = ALIGN (0x80)
                0x0000000000008000                . = ALIGN (0x200)
                0x0000000000008000                _vector_start = .
 *(SORT_BY_ALIGNMENT(.exc_vector_table))
 *(SORT_BY_ALIGNMENT(.exc_vector_table.*))
 .exc_vector_table._vector_table_section
                0x0000000000008000       0x40 zephyr/arch/arch/arm/core/cortex_m/libarch__arm__core__cortex_m.a(vector_table.S.obj)
                0x0000000000008000                _vector_table
 *(SORT_BY_ALIGNMENT(.vectors))
                0x0000000000008144                _vector_end = .
                0x0000000000008040                . = ALIGN (0x4)
 *(SORT_BY_ALIGNMENT(.gnu.linkonce.irq_vector_table*))
 .gnu.linkonce.irq_vector_table
                0x0000000000008040      0x104 zephyr/CMakeFiles/zephyr_final.dir/isr_tables.c.obj
                0x0000000000008040                _irq_vector_table
                0x0000000000008144                _vector_end = .

text            0x0000000000008144     0x8e3c
                0x0000000000008144                __text_region_start = .
 *(SORT_BY_ALIGNMENT(.text))
 .text          0x0000000000008144       0x30 c:/ncs/toolchains/b8b84efebd/opt/zephyr-sdk/arm-zephyr-eabi/bin/../lib/gcc/arm-zephyr-eabi/12.2.0/thumb/v8-m.main/nofp\libgcc.a(_aeabi_uldivmod.o)
                0x0000000000008144                __aeabi_uldivmod
 .text          0x0000000000008174        0x4 c:/ncs/toolchains/b8b84efebd/opt/zephyr-sdk/arm-zephyr-eabi/bin/../lib/gcc/arm-zephyr-eabi/12.2.0/thumb/v8-m.main/nofp\libgcc.a(_dvmd_tls.o)
                0x0000000000008174                __aeabi_idiv0
                0x0000000000008174                __aeabi_ldiv0
 .text          0x0000000000008178       0x10 c:\ncs\toolchains\b8b84efebd\opt\zephyr-sdk\arm-zephyr-eabi\bin\../lib/gcc/../../picolibc/arm-zephyr-eabi/lib/thumb/v8-m.main/nofp\libc.a(strlen.S.o)
                0x0000000000008178                strlen
 .text          0x0000000000008188      0x29c c:/ncs/toolchains/b8b84efebd/opt/zephyr-sdk/arm-zephyr-eabi/bin/../lib/gcc/arm-zephyr-eabi/12.2.0/thumb/v8-m.main/nofp\libgcc.a(_udivmoddi4.o)
                0x0000000000008188                __udivmoddi4
 *(SORT_BY_ALIGNMENT(.text.*))
 .text.main     0x0000000000008424      0x144 app/libapp.a(main.c.obj)
                0x0000000000008424                main
 .text.cbvprintf_package
                0x0000000000008568      0x3a4 zephyr/libzephyr.a(cbprintf_packaged.c.obj)
                0x0000000000008568                cbvprintf_package
 .text.cbprintf_package_convert
                0x000000000000890c      0x3cc zephyr/libzephyr.a(cbprintf_packaged.c.obj)
                0x000000000000890c                cbprintf_package_convert
 .text.z_thread_entry
                0x0000000000008cd8       0x34 zephyr/libzephyr.a(thread_entry.c.obj)
                0x0000000000008cd8                z_thread_entry
 .text.process_event
                0x0000000000008d0c      0x21c zephyr/libzephyr.a(onoff.c.obj)
 .text.activate_foreach_backend
                0x0000000000008f28       0x64 zephyr/libzephyr.a(log_core.c.obj)
 .text.enable_logger
                0x0000000000008f8c       0x5c zephyr/libzephyr.a(log_core.c.obj)
 .text.log_process_thread_timer_expiry_fn
                0x0000000000008fe8        0xc zephyr/libzephyr.a(log_core.c.obj)
 .text.z_log_init
                0x0000000000008ff4       0x98 zephyr/libzephyr.a(log_core.c.obj)
 .text.z_log_notify_backend_enabled
                0x000000000000908c       0x1c zephyr/libzephyr.a(log_core.c.obj)
                0x000000000000908c                z_log_notify_backend_enabled
 .text.z_log_dropped
                0x00000000000090a8       0x3c zephyr/libzephyr.a(log_core.c.obj)
                0x00000000000090a8                z_log_dropped
 .text.z_log_dropped_read_and_clear
                0x00000000000090e4       0x18 zephyr/libzephyr.a(log_core.c.obj)
                0x00000000000090e4                z_log_dropped_read_and_clear
 .text.dropped_notify
                0x00000000000090fc       0x30 zephyr/libzephyr.a(log_core.c.obj)
                0x00000000000090fc                dropped_notify
 .text.z_log_msg_init
                0x000000000000912c       0x20 zephyr/libzephyr.a(log_core.c.obj)
                0x000000000000912c                z_log_msg_init
 .text.log_core_init
                0x000000000000914c       0x50 zephyr/libzephyr.a(log_core.c.obj)
                0x000000000000914c                log_core_init
 .text.z_log_msg_alloc
                0x000000000000919c       0x10 zephyr/libzephyr.a(log_core.c.obj)
                0x000000000000919c                z_log_msg_alloc
 .text.z_log_msg_local_claim
                0x00000000000091ac        0xc zephyr/libzephyr.a(log_core.c.obj)
                0x00000000000091ac                z_log_msg_local_claim
 .text.z_log_msg_free
                0x00000000000091b8       0x10 zephyr/libzephyr.a(log_core.c.obj)
                0x00000000000091b8                z_log_msg_free
 .text.z_log_msg_pending
                0x00000000000091c8        0xc zephyr/libzephyr.a(log_core.c.obj)
                0x00000000000091c8                z_log_msg_pending
 .text.z_impl_log_process
                0x00000000000091d4       0xb8 zephyr/libzephyr.a(log_core.c.obj)
                0x00000000000091d4                z_impl_log_process
 .text.z_impl_log_panic
                0x000000000000928c       0x44 zephyr/libzephyr.a(log_core.c.obj)
                0x000000000000928c                z_impl_log_panic
 .text.log_process_thread_func
                0x00000000000092d0       0xa4 zephyr/libzephyr.a(log_core.c.obj)
 .text.z_log_msg_post_finalize
                0x0000000000009374       0x78 zephyr/libzephyr.a(log_core.c.obj)
 .text.z_log_msg_commit
                0x00000000000093ec       0x24 zephyr/libzephyr.a(log_core.c.obj)
                0x00000000000093ec                z_log_msg_commit
 .text.z_impl_z_log_msg_static_create
                0x0000000000009410      0x108 zephyr/libzephyr.a(log_msg.c.obj)
                0x0000000000009410                z_impl_z_log_msg_static_create
 .text.z_log_msg_runtime_vcreate
                0x0000000000009518       0xa0 zephyr/libzephyr.a(log_msg.c.obj)
                0x0000000000009518                z_log_msg_runtime_vcreate
 .text.mem_attr_get_regions
                0x00000000000095b8        0xc zephyr/libzephyr.a(mem_attr.c.obj)
                0x00000000000095b8                mem_attr_get_regions
 .text.boot_banner
                0x00000000000095c4       0x1c zephyr/libzephyr.a(banner.c.obj)
                0x00000000000095c4                boot_banner
 .text.z_arm_fatal_error
                0x00000000000095e0       0xb8 zephyr/arch/arch/arm/core/libarch__arm__core.a(fatal.c.obj)
                0x00000000000095e0                z_arm_fatal_error
 .text.z_SysNmiOnReset
                0x0000000000009698        0x8 zephyr/arch/arch/arm/core/libarch__arm__core.a(nmi_on_reset.S.obj)
                0x0000000000009698                z_SysNmiOnReset
 .text.arch_tls_stack_setup
                0x00000000000096a0       0x40 zephyr/arch/arch/arm/core/libarch__arm__core.a(tls.c.obj)
                0x00000000000096a0                arch_tls_stack_setup
 .text._HandlerModeExit
                0x00000000000096e0       0x20 zephyr/arch/arch/arm/core/cortex_m/libarch__arm__core__cortex_m.a(exc_exit.c.obj)
                0x00000000000096e0                z_arm_int_exit
                0x00000000000096e0                z_arm_exc_exit
 .text.mem_manage_fault.constprop.0
                0x0000000000009700       0xd0 zephyr/arch/arch/arm/core/cortex_m/libarch__arm__core__cortex_m.a(fault.c.obj)
 .text.usage_fault.constprop.0
                0x00000000000097d0       0xbc zephyr/arch/arch/arm/core/cortex_m/libarch__arm__core__cortex_m.a(fault.c.obj)
 .text.bus_fault.constprop.0
                0x000000000000988c       0xd0 zephyr/arch/arch/arm/core/cortex_m/libarch__arm__core__cortex_m.a(fault.c.obj)
 .text.z_arm_fault
                0x000000000000995c      0x1e0 zephyr/arch/arch/arm/core/cortex_m/libarch__arm__core__cortex_m.a(fault.c.obj)
                0x000000000000995c                z_arm_fault
 .text.z_arm_fault_init
                0x0000000000009b3c       0x20 zephyr/arch/arch/arm/core/cortex_m/libarch__arm__core__cortex_m.a(fault.c.obj)
                0x0000000000009b3c                z_arm_fault_init
 .text.__fault  0x0000000000009b5c       0x14 zephyr/arch/arch/arm/core/cortex_m/libarch__arm__core__cortex_m.a(fault_s.S.obj)
                0x0000000000009b5c                z_arm_usage_fault
                0x0000000000009b5c                z_arm_mpu_fault
                0x0000000000009b5c                z_arm_exc_spurious
                0x0000000000009b5c                z_arm_debug_monitor
                0x0000000000009b5c                z_arm_hard_fault
                0x0000000000009b5c                z_arm_bus_fault
 .text._reset_section
                0x0000000000009b70       0x60 zephyr/arch/arch/arm/core/cortex_m/libarch__arm__core__cortex_m.a(reset.S.obj)
                0x0000000000009b70                __start
                0x0000000000009b70                z_arm_reset
 .text.z_arm_clear_arm_mpu_config
                0x0000000000009bd0       0x24 zephyr/arch/arch/arm/core/cortex_m/libarch__arm__core__cortex_m.a(scb.c.obj)
                0x0000000000009bd0                z_arm_clear_arm_mpu_config
 .text.z_arm_init_arch_hw_at_boot
                0x0000000000009bf4       0x4c zephyr/arch/arch/arm/core/cortex_m/libarch__arm__core__cortex_m.a(scb.c.obj)
                0x0000000000009bf4                z_arm_init_arch_hw_at_boot
 .text.z_impl_k_thread_abort
                0x0000000000009c40       0x2c zephyr/arch/arch/arm/core/cortex_m/libarch__arm__core__cortex_m.a(thread_abort.c.obj)
                0x0000000000009c40                z_impl_k_thread_abort
 .text.z_arm_pendsv
                0x0000000000009c6c       0x68 zephyr/arch/arch/arm/core/cortex_m/libarch__arm__core__cortex_m.a(swap_helper.S.obj)
                0x0000000000009c6c                z_arm_pendsv
 .text.z_arm_svc
                0x0000000000009cd4       0x24 zephyr/arch/arch/arm/core/cortex_m/libarch__arm__core__cortex_m.a(swap_helper.S.obj)
                0x0000000000009cd4                z_arm_svc
 .text.arm_irq_enable
                0x0000000000009cf8       0x1c zephyr/arch/arch/arm/core/cortex_m/libarch__arm__core__cortex_m.a(irq_manage.c.obj)
                0x0000000000009cf8                arm_irq_enable
 .text.arm_irq_disable
                0x0000000000009d14       0x28 zephyr/arch/arch/arm/core/cortex_m/libarch__arm__core__cortex_m.a(irq_manage.c.obj)
                0x0000000000009d14                arm_irq_disable
 .text.arm_irq_is_enabled
                0x0000000000009d3c       0x1c zephyr/arch/arch/arm/core/cortex_m/libarch__arm__core__cortex_m.a(irq_manage.c.obj)
                0x0000000000009d3c                arm_irq_is_enabled
 .text.arm_irq_priority_set
                0x0000000000009d58       0x2c zephyr/arch/arch/arm/core/cortex_m/libarch__arm__core__cortex_m.a(irq_manage.c.obj)
                0x0000000000009d58                arm_irq_priority_set
 .text.relocate_vector_table
                0x0000000000009d84       0x1c zephyr/arch/arch/arm/core/cortex_m/libarch__arm__core__cortex_m.a(prep_c.c.obj)
                0x0000000000009d84                relocate_vector_table
 .text.z_prep_c
                0x0000000000009da0       0x28 zephyr/arch/arch/arm/core/cortex_m/libarch__arm__core__cortex_m.a(prep_c.c.obj)
                0x0000000000009da0                z_prep_c
 .text.arch_new_thread
                0x0000000000009dc8       0x3c zephyr/arch/arch/arm/core/cortex_m/libarch__arm__core__cortex_m.a(thread.c.obj)
                0x0000000000009dc8                arch_new_thread
 .text.arch_switch_to_main_thread
                0x0000000000009e04       0x40 zephyr/arch/arch/arm/core/cortex_m/libarch__arm__core__cortex_m.a(thread.c.obj)
                0x0000000000009e04                arch_switch_to_main_thread
 .text.z_arm_cpu_idle_init
                0x0000000000009e44        0xc zephyr/arch/arch/arm/core/cortex_m/libarch__arm__core__cortex_m.a(cpu_idle.c.obj)
                0x0000000000009e44                z_arm_cpu_idle_init
 .text.z_arm_interrupt_init
                0x0000000000009e50       0x18 zephyr/arch/arch/arm/core/cortex_m/libarch__arm__core__cortex_m.a(irq_init.c.obj)
                0x0000000000009e50                z_arm_interrupt_init
 .text._isr_wrapper
                0x0000000000009e68       0x24 zephyr/arch/arch/arm/core/cortex_m/libarch__arm__core__cortex_m.a(isr_wrapper.c.obj)
                0x0000000000009e68                _isr_wrapper
 .text.z_arm_configure_static_mpu_regions
                0x0000000000009e8c       0x38 zephyr/arch/arch/arm/core/mpu/libarch__arm__core__mpu.a(arm_core_mpu.c.obj)
                0x0000000000009e8c                z_arm_configure_static_mpu_regions
 .text.region_init
                0x0000000000009ec4       0x78 zephyr/arch/arch/arm/core/mpu/libarch__arm__core__mpu.a(arm_mpu.c.obj)
 .text.region_allocate_and_init
                0x0000000000009f3c       0x70 zephyr/arch/arch/arm/core/mpu/libarch__arm__core__mpu.a(arm_mpu.c.obj)
 .text.mpu_configure_region
                0x0000000000009fac       0x6c zephyr/arch/arch/arm/core/mpu/libarch__arm__core__mpu.a(arm_mpu.c.obj)
 .text.mpu_configure_regions_and_partition.constprop.0
                0x000000000000a018      0x164 zephyr/arch/arch/arm/core/mpu/libarch__arm__core__mpu.a(arm_mpu.c.obj)
 .text.arm_core_mpu_enable
                0x000000000000a17c       0x18 zephyr/arch/arch/arm/core/mpu/libarch__arm__core__mpu.a(arm_mpu.c.obj)
                0x000000000000a17c                arm_core_mpu_enable
 .text.arm_core_mpu_disable
                0x000000000000a194       0x14 zephyr/arch/arch/arm/core/mpu/libarch__arm__core__mpu.a(arm_mpu.c.obj)
                0x000000000000a194                arm_core_mpu_disable
 .text.arm_core_mpu_configure_static_mpu_regions
                0x000000000000a1a8       0x14 zephyr/arch/arch/arm/core/mpu/libarch__arm__core__mpu.a(arm_mpu.c.obj)
                0x000000000000a1a8                arm_core_mpu_configure_static_mpu_regions
 .text.arm_core_mpu_mark_areas_for_dynamic_regions
                0x000000000000a1bc       0xb8 zephyr/arch/arch/arm/core/mpu/libarch__arm__core__mpu.a(arm_mpu.c.obj)
                0x000000000000a1bc                arm_core_mpu_mark_areas_for_dynamic_regions
 .text.z_arm_mpu_init
                0x000000000000a274      0x164 zephyr/arch/arch/arm/core/mpu/libarch__arm__core__mpu.a(arm_mpu.c.obj)
                0x000000000000a274                z_arm_mpu_init
 .text.malloc_prepare
                0x000000000000a3d8       0x24 zephyr/lib/libc/common/liblib__libc__common.a(malloc.c.obj)
 .text.nordicsemi_nrf91_init
                0x000000000000a3fc       0x10 zephyr/soc/soc/nrf9151/libsoc__nordic.a(soc.c.obj)
 .text.arch_busy_wait
                0x000000000000a40c       0x14 zephyr/soc/soc/nrf9151/libsoc__nordic.a(soc.c.obj)
                0x000000000000a40c                arch_busy_wait
 .text.onoff_stop
                0x000000000000a420       0x30 zephyr/drivers/clock_control/libdrivers__clock_control.a(clock_control_nrf.c.obj)
 .text.onoff_start
                0x000000000000a450       0x44 zephyr/drivers/clock_control/libdrivers__clock_control.a(clock_control_nrf.c.obj)
 .text.generic_hfclk_stop
                0x000000000000a494       0x34 zephyr/drivers/clock_control/libdrivers__clock_control.a(clock_control_nrf.c.obj)
 .text.clk_init
                0x000000000000a4c8       0x58 zephyr/drivers/clock_control/libdrivers__clock_control.a(clock_control_nrf.c.obj)
 .text.api_blocking_start
                0x000000000000a520       0x34 zephyr/drivers/clock_control/libdrivers__clock_control.a(clock_control_nrf.c.obj)
 .text.clkstarted_handle.constprop.0
                0x000000000000a554       0x94 zephyr/drivers/clock_control/libdrivers__clock_control.a(clock_control_nrf.c.obj)
 .text.generic_hfclk_start
                0x000000000000a5e8       0x7c zephyr/drivers/clock_control/libdrivers__clock_control.a(clock_control_nrf.c.obj)
 .text.clock_event_handler
                0x000000000000a664       0x1c zephyr/drivers/clock_control/libdrivers__clock_control.a(clock_control_nrf.c.obj)
 .text.z_nrf_clock_control_lf_on
                0x000000000000a680       0xf4 zephyr/drivers/clock_control/libdrivers__clock_control.a(clock_control_nrf.c.obj)
                0x000000000000a680                z_nrf_clock_control_lf_on
 .text.nrfx_gpio_handler
                0x000000000000a774       0x3c zephyr/drivers/gpio/libdrivers__gpio.a(gpio_nrfx.c.obj)
 .text.gpio_nrfx_pin_configure
                0x000000000000a7b0      0x180 zephyr/drivers/gpio/libdrivers__gpio.a(gpio_nrfx.c.obj)
 .text.gpio_nrfx_init
                0x000000000000a930       0x48 zephyr/drivers/gpio/libdrivers__gpio.a(gpio_nrfx.c.obj)
 .text.gpio_nrfx_pin_interrupt_configure
                0x000000000000a978      0x114 zephyr/drivers/gpio/libdrivers__gpio.a(gpio_nrfx.c.obj)
 .text.pinctrl_configure_pins
                0x000000000000aa8c      0x17c zephyr/drivers/pinctrl/libdrivers__pinctrl.a(pinctrl_nrf.c.obj)
                0x000000000000aa8c                pinctrl_configure_pins
 .text.uarte_nrfx_poll_out
                0x000000000000ac08       0xac zephyr/drivers/serial/libdrivers__serial.a(uart_nrfx_uarte.c.obj)
 .text.uarte_0_init
                0x000000000000acb4       0xf8 zephyr/drivers/serial/libdrivers__serial.a(uart_nrfx_uarte.c.obj)
 .text.compare_int_lock
                0x000000000000adac       0x40 zephyr/drivers/timer/libdrivers__timer.a(nrf_rtc_timer.c.obj)
 .text.sys_clock_timeout_handler
                0x000000000000adec       0x48 zephyr/drivers/timer/libdrivers__timer.a(nrf_rtc_timer.c.obj)
 .text.compare_int_unlock
                0x000000000000ae34       0x4c zephyr/drivers/timer/libdrivers__timer.a(nrf_rtc_timer.c.obj)
 .text.z_nrf_rtc_timer_read
                0x000000000000ae80       0x44 zephyr/drivers/timer/libdrivers__timer.a(nrf_rtc_timer.c.obj)
                0x000000000000ae80                z_nrf_rtc_timer_read
 .text.compare_set
                0x000000000000aec4      0x124 zephyr/drivers/timer/libdrivers__timer.a(nrf_rtc_timer.c.obj)
 .text.sys_clock_driver_init
                0x000000000000afe8       0x90 zephyr/drivers/timer/libdrivers__timer.a(nrf_rtc_timer.c.obj)
 .text.rtc_nrf_isr
                0x000000000000b078       0xd0 zephyr/drivers/timer/libdrivers__timer.a(nrf_rtc_timer.c.obj)
                0x000000000000b078                rtc_nrf_isr
 .text.sys_clock_set_timeout
                0x000000000000b148       0x5c zephyr/drivers/timer/libdrivers__timer.a(nrf_rtc_timer.c.obj)
                0x000000000000b148                sys_clock_set_timeout
 .text.sys_clock_elapsed
                0x000000000000b1a4       0x14 zephyr/drivers/timer/libdrivers__timer.a(nrf_rtc_timer.c.obj)
                0x000000000000b1a4                sys_clock_elapsed
 .text.thread_monitor_entry_get
                0x000000000000b1b8       0x48 modules/nrf/lib/nrf_modem_lib/lib..__nrf__lib__nrf_modem_lib.a(nrf_modem_os.c.obj)
 .text.on_init  0x000000000000b200       0x20 modules/nrf/lib/nrf_modem_lib/lib..__nrf__lib__nrf_modem_lib.a(nrf_modem_os.c.obj)
 .text.nrf_modem_os_timedwait
                0x000000000000b220      0x190 modules/nrf/lib/nrf_modem_lib/lib..__nrf__lib__nrf_modem_lib.a(nrf_modem_os.c.obj)
                0x000000000000b220                nrf_modem_os_timedwait
 .text.nrf_modem_os_errno_set
                0x000000000000b3b0       0x14 modules/nrf/lib/nrf_modem_lib/lib..__nrf__lib__nrf_modem_lib.a(nrf_modem_os.c.obj)
                0x000000000000b3b0                nrf_modem_os_errno_set
 .text.nrf_modem_os_sem_init
                0x000000000000b3c4       0x40 modules/nrf/lib/nrf_modem_lib/lib..__nrf__lib__nrf_modem_lib.a(nrf_modem_os.c.obj)
                0x000000000000b3c4                nrf_modem_os_sem_init
 .text.nrf_modem_os_event_notify
                0x000000000000b404       0x38 modules/nrf/lib/nrf_modem_lib/lib..__nrf__lib__nrf_modem_lib.a(nrf_modem_os.c.obj)
                0x000000000000b404                nrf_modem_os_event_notify
 .text.nrf_modem_os_alloc
                0x000000000000b43c       0x10 modules/nrf/lib/nrf_modem_lib/lib..__nrf__lib__nrf_modem_lib.a(nrf_modem_os.c.obj)
                0x000000000000b43c                nrf_modem_os_alloc
 .text.nrf_modem_os_free
                0x000000000000b44c        0xc modules/nrf/lib/nrf_modem_lib/lib..__nrf__lib__nrf_modem_lib.a(nrf_modem_os.c.obj)
                0x000000000000b44c                nrf_modem_os_free
 .text.nrf_modem_os_shm_tx_alloc
                0x000000000000b458       0x10 modules/nrf/lib/nrf_modem_lib/lib..__nrf__lib__nrf_modem_lib.a(nrf_modem_os.c.obj)
                0x000000000000b458                nrf_modem_os_shm_tx_alloc
 .text.nrf_modem_os_shm_tx_free
                0x000000000000b468        0xc modules/nrf/lib/nrf_modem_lib/lib..__nrf__lib__nrf_modem_lib.a(nrf_modem_os.c.obj)
                0x000000000000b468                nrf_modem_os_shm_tx_free
 .text.cfun_callback
                0x000000000000b474       0x68 modules/nrf/lib/nrf_modem_lib/lib..__nrf__lib__nrf_modem_lib.a(cfun_hooks.c.obj)
 .text.on_modem_init.part.0
                0x000000000000b4dc       0x14 modules/nrf/lib/nrf_modem_lib/lib..__nrf__lib__nrf_modem_lib.a(cfun_hooks.c.obj)
 .text.on_modem_init
                0x000000000000b4f0       0x10 modules/nrf/lib/nrf_modem_lib/lib..__nrf__lib__nrf_modem_lib.a(cfun_hooks.c.obj)
 .text.set_antenna_configuration.part.0
                0x000000000000b500       0x64 modules/nrf/lib/modem_antenna/lib..__nrf__lib__modem_antenna.a(modem_antenna.c.obj)
 .text.on_modem_lib_init.part.0
                0x000000000000b564       0x14 modules/nrf/lib/modem_antenna/lib..__nrf__lib__modem_antenna.a(modem_antenna.c.obj)
 .text.on_modem_lib_init
                0x000000000000b578       0x44 modules/nrf/lib/modem_antenna/lib..__nrf__lib__modem_antenna.a(modem_antenna.c.obj)
 .text.ns_fault_init
                0x000000000000b5bc       0x30 modules/nrf/modules/trusted-firmware-m/lib..__nrf__modules__trusted-firmware-m.a(fault.c.obj)
 .text.arm_fault
                0x000000000000b5ec      0x24c modules/nrf/modules/trusted-firmware-m/lib..__nrf__modules__trusted-firmware-m.a(fault.c.obj)
                0x000000000000b5ec                arm_fault
 .text.tfm_ns_fault_handler_callback
                0x000000000000b838       0x48 modules/nrf/modules/trusted-firmware-m/lib..__nrf__modules__trusted-firmware-m.a(fault.c.obj)
                0x000000000000b838                tfm_ns_fault_handler_callback
 .text.tfm_ns_interface_dispatch
                0x000000000000b880       0x64 modules/trusted-firmware-m/libtfm_api.a(interface.c.obj)
                0x000000000000b880                tfm_ns_interface_dispatch
 .text.tfm_platform_ioctl
                0x000000000000b8e4       0x4c modules/trusted-firmware-m/libtfm_api.a(tfm_platform_api.c.obj)
                0x000000000000b8e4                tfm_platform_ioctl
 .text.psa_call
                0x000000000000b930       0x34 modules/trusted-firmware-m/libtfm_api.a(tfm_tz_psa_ns_api.c.obj)
                0x000000000000b930                psa_call
 .text.nrfx_flag32_alloc
                0x000000000000b964       0x40 modules/hal_nordic/modules/hal_nordic/nrfx/libmodules__hal_nordic__nrfx.a(nrfx_flag32_allocator.c.obj)
                0x000000000000b964                nrfx_flag32_alloc
 .text.nrfx_flag32_free
                0x000000000000b9a4       0x38 modules/hal_nordic/modules/hal_nordic/nrfx/libmodules__hal_nordic__nrfx.a(nrfx_flag32_allocator.c.obj)
                0x000000000000b9a4                nrfx_flag32_free
 .text.nrfx_gppi_channels_enable
                0x000000000000b9dc        0xc modules/hal_nordic/modules/hal_nordic/nrfx/libmodules__hal_nordic__nrfx.a(nrfx_gppi_dppi.c.obj)
                0x000000000000b9dc                nrfx_gppi_channels_enable
 .text.nrfx_gppi_channel_alloc
                0x000000000000b9e8        0xc modules/hal_nordic/modules/hal_nordic/nrfx/libmodules__hal_nordic__nrfx.a(nrfx_gppi_dppi.c.obj)
                0x000000000000b9e8                nrfx_gppi_channel_alloc
 .text.clock_stop
                0x000000000000b9f4       0xbc modules/hal_nordic/modules/hal_nordic/nrfx/libmodules__hal_nordic__nrfx.a(nrfx_clock.c.obj)
 .text.nrfx_clock_init
                0x000000000000bab0       0x20 modules/hal_nordic/modules/hal_nordic/nrfx/libmodules__hal_nordic__nrfx.a(nrfx_clock.c.obj)
                0x000000000000bab0                nrfx_clock_init
 .text.nrfx_clock_enable
                0x000000000000bad0       0x28 modules/hal_nordic/modules/hal_nordic/nrfx/libmodules__hal_nordic__nrfx.a(nrfx_clock.c.obj)
                0x000000000000bad0                nrfx_clock_enable
 .text.nrfx_clock_start
                0x000000000000baf8       0xb8 modules/hal_nordic/modules/hal_nordic/nrfx/libmodules__hal_nordic__nrfx.a(nrfx_clock.c.obj)
                0x000000000000baf8                nrfx_clock_start
 .text.nrfx_power_clock_irq_handler
                0x000000000000bbb0       0x74 modules/hal_nordic/modules/hal_nordic/nrfx/libmodules__hal_nordic__nrfx.a(nrfx_clock.c.obj)
                0x000000000000bbb0                nrfx_power_clock_irq_handler
 .text.nrfx_dppi_channel_alloc
                0x000000000000bc24       0x10 modules/hal_nordic/modules/hal_nordic/nrfx/libmodules__hal_nordic__nrfx.a(nrfx_dppi.c.obj)
                0x000000000000bc24                nrfx_dppi_channel_alloc
 .text.nrf_gpio_pin_port_decode
                0x000000000000bc34       0x18 modules/hal_nordic/modules/hal_nordic/nrfx/libmodules__hal_nordic__nrfx.a(nrfx_gpiote.c.obj)
 .text.call_handler.constprop.0
                0x000000000000bc4c       0x3c modules/hal_nordic/modules/hal_nordic/nrfx/libmodules__hal_nordic__nrfx.a(nrfx_gpiote.c.obj)
 .text.latch_pending_read_and_check
                0x000000000000bc88       0x1c modules/hal_nordic/modules/hal_nordic/nrfx/libmodules__hal_nordic__nrfx.a(nrfx_gpiote.c.obj)
 .text.release_handler.isra.0
                0x000000000000bca4       0x54 modules/hal_nordic/modules/hal_nordic/nrfx/libmodules__hal_nordic__nrfx.a(nrfx_gpiote.c.obj)
 .text.__nrfy_internal_gpiote_events_process.constprop.0
                0x000000000000bcf8       0x64 modules/hal_nordic/modules/hal_nordic/nrfx/libmodules__hal_nordic__nrfx.a(nrfx_gpiote.c.obj)
 .text.pin_trigger_disable
                0x000000000000bd5c       0x40 modules/hal_nordic/modules/hal_nordic/nrfx/libmodules__hal_nordic__nrfx.a(nrfx_gpiote.c.obj)
 .text.pin_uninit
                0x000000000000bd9c       0x78 modules/hal_nordic/modules/hal_nordic/nrfx/libmodules__hal_nordic__nrfx.a(nrfx_gpiote.c.obj)
 .text.nrfx_gpiote_input_configure
                0x000000000000be14      0x168 modules/hal_nordic/modules/hal_nordic/nrfx/libmodules__hal_nordic__nrfx.a(nrfx_gpiote.c.obj)
                0x000000000000be14                nrfx_gpiote_input_configure
 .text.nrfx_gpiote_output_configure
                0x000000000000bf7c       0xf0 modules/hal_nordic/modules/hal_nordic/nrfx/libmodules__hal_nordic__nrfx.a(nrfx_gpiote.c.obj)
                0x000000000000bf7c                nrfx_gpiote_output_configure
 .text.nrfx_gpiote_global_callback_set
                0x000000000000c06c        0xc modules/hal_nordic/modules/hal_nordic/nrfx/libmodules__hal_nordic__nrfx.a(nrfx_gpiote.c.obj)
                0x000000000000c06c                nrfx_gpiote_global_callback_set
 .text.nrfx_gpiote_channel_get
                0x000000000000c078       0x24 modules/hal_nordic/modules/hal_nordic/nrfx/libmodules__hal_nordic__nrfx.a(nrfx_gpiote.c.obj)
                0x000000000000c078                nrfx_gpiote_channel_get
 .text.nrfx_gpiote_init
                0x000000000000c09c       0x48 modules/hal_nordic/modules/hal_nordic/nrfx/libmodules__hal_nordic__nrfx.a(nrfx_gpiote.c.obj)
                0x000000000000c09c                nrfx_gpiote_init
 .text.nrfx_gpiote_init_check
                0x000000000000c0e4       0x14 modules/hal_nordic/modules/hal_nordic/nrfx/libmodules__hal_nordic__nrfx.a(nrfx_gpiote.c.obj)
                0x000000000000c0e4                nrfx_gpiote_init_check
 .text.nrfx_gpiote_channel_free
                0x000000000000c0f8       0x10 modules/hal_nordic/modules/hal_nordic/nrfx/libmodules__hal_nordic__nrfx.a(nrfx_gpiote.c.obj)
                0x000000000000c0f8                nrfx_gpiote_channel_free
 .text.nrfx_gpiote_channel_alloc
                0x000000000000c108       0x10 modules/hal_nordic/modules/hal_nordic/nrfx/libmodules__hal_nordic__nrfx.a(nrfx_gpiote.c.obj)
                0x000000000000c108                nrfx_gpiote_channel_alloc
 .text.nrfx_gpiote_trigger_enable
                0x000000000000c118       0x90 modules/hal_nordic/modules/hal_nordic/nrfx/libmodules__hal_nordic__nrfx.a(nrfx_gpiote.c.obj)
                0x000000000000c118                nrfx_gpiote_trigger_enable
 .text.nrfx_gpiote_1_irq_handler
                0x000000000000c1a8      0x14c modules/hal_nordic/modules/hal_nordic/nrfx/libmodules__hal_nordic__nrfx.a(nrfx_gpiote.c.obj)
                0x000000000000c1a8                nrfx_gpiote_1_irq_handler
 .text.nrfx_ipc_init
                0x000000000000c2f4       0x30 modules/hal_nordic/modules/hal_nordic/nrfx/libmodules__hal_nordic__nrfx.a(nrfx_ipc.c.obj)
                0x000000000000c2f4                nrfx_ipc_init
 .text.nrfx_ipc_config_load
                0x000000000000c324       0x40 modules/hal_nordic/modules/hal_nordic/nrfx/libmodules__hal_nordic__nrfx.a(nrfx_ipc.c.obj)
                0x000000000000c324                nrfx_ipc_config_load
 .text.nrfx_ipc_uninit
                0x000000000000c364       0x64 modules/hal_nordic/modules/hal_nordic/nrfx/libmodules__hal_nordic__nrfx.a(nrfx_ipc.c.obj)
                0x000000000000c364                nrfx_ipc_uninit
 .text.nrfx_ipc_receive_event_enable
                0x000000000000c3c8       0x10 modules/hal_nordic/modules/hal_nordic/nrfx/libmodules__hal_nordic__nrfx.a(nrfx_ipc.c.obj)
                0x000000000000c3c8                nrfx_ipc_receive_event_enable
 .text.nrfx_ipc_receive_event_disable
                0x000000000000c3d8       0x10 modules/hal_nordic/modules/hal_nordic/nrfx/libmodules__hal_nordic__nrfx.a(nrfx_ipc.c.obj)
                0x000000000000c3d8                nrfx_ipc_receive_event_disable
 .text.nrfx_ipc_irq_handler
                0x000000000000c3e8       0x40 modules/hal_nordic/modules/hal_nordic/nrfx/libmodules__hal_nordic__nrfx.a(nrfx_ipc.c.obj)
                0x000000000000c3e8                nrfx_ipc_irq_handler
 .text.nrf_modem_fault_handler_internal
                0x000000000000c428       0x18 C:/ncs/v3.1.1/nrfxlib/nrf_modem/lib/cellular/nrf9120/soft-float/libmodem.a(nrf_modem_fault.c.obj)
                0x000000000000c428                nrf_modem_fault_handler_internal
 .text.nrf_modem_state_set
                0x000000000000c440        0xc C:/ncs/v3.1.1/nrfxlib/nrf_modem/lib/cellular/nrf9120/soft-float/libmodem.a(nrf_modem_state.c.obj)
                0x000000000000c440                nrf_modem_state_set
 .text.nrf_modem_state_is_initialized
                0x000000000000c44c       0x10 C:/ncs/v3.1.1/nrfxlib/nrf_modem/lib/cellular/nrf9120/soft-float/libmodem.a(nrf_modem_state.c.obj)
                0x000000000000c44c                nrf_modem_state_is_initialized
 .text.rpc_handle_data_message
                0x000000000000c45c       0x38 C:/ncs/v3.1.1/nrfxlib/nrf_modem/lib/cellular/nrf9120/soft-float/libmodem.a(rpc_framework.c.obj)
                0x000000000000c45c                rpc_handle_data_message
 .text.rpc_transport_msg_alloc
                0x000000000000c494        0xc C:/ncs/v3.1.1/nrfxlib/nrf_modem/lib/cellular/nrf9120/soft-float/libmodem.a(rpc_transport.c.obj)
                0x000000000000c494                rpc_transport_msg_alloc
 .text.rpc_transport_msg_data_rx_free
                0x000000000000c4a0        0xc C:/ncs/v3.1.1/nrfxlib/nrf_modem/lib/cellular/nrf9120/soft-float/libmodem.a(rpc_transport.c.obj)
                0x000000000000c4a0                rpc_transport_msg_data_rx_free
 .text.rpc_transport_msg_send
                0x000000000000c4ac        0xc C:/ncs/v3.1.1/nrfxlib/nrf_modem/lib/cellular/nrf9120/soft-float/libmodem.a(rpc_transport.c.obj)
                0x000000000000c4ac                rpc_transport_msg_send
 .text.rpc_transport_ipc_msg_data_tx_size
                0x000000000000c4b8        0xc C:/ncs/v3.1.1/nrfxlib/nrf_modem/lib/cellular/nrf9120/soft-float/libmodem.a(rpc_transport_ipc.c.obj)
 .text.rpc_transport_ipc_msg_tx_free
                0x000000000000c4c4       0x38 C:/ncs/v3.1.1/nrfxlib/nrf_modem/lib/cellular/nrf9120/soft-float/libmodem.a(rpc_transport_ipc.c.obj)
 .text.handle_modem_rpc_msg
                0x000000000000c4fc       0x68 C:/ncs/v3.1.1/nrfxlib/nrf_modem/lib/cellular/nrf9120/soft-float/libmodem.a(rpc_transport_ipc.c.obj)
 .text.rpc_message_handler
                0x000000000000c564       0x24 C:/ncs/v3.1.1/nrfxlib/nrf_modem/lib/cellular/nrf9120/soft-float/libmodem.a(rpc_transport_ipc.c.obj)
 .text.ipc_irq_handler
                0x000000000000c588       0xec C:/ncs/v3.1.1/nrfxlib/nrf_modem/lib/cellular/nrf9120/soft-float/libmodem.a(rpc_transport_ipc.c.obj)
                0x000000000000c588                ipc_irq_handler
 .text.rpc_transport_ipc_ctrl_msg_alloc
                0x000000000000c674       0x44 C:/ncs/v3.1.1/nrfxlib/nrf_modem/lib/cellular/nrf9120/soft-float/libmodem.a(rpc_transport_ipc.c.obj)
 .text.rpc_transport_ipc_data_msg_alloc
                0x000000000000c6b8       0x24 C:/ncs/v3.1.1/nrfxlib/nrf_modem/lib/cellular/nrf9120/soft-float/libmodem.a(rpc_transport_ipc.c.obj)
 .text.rpc_transport_ipc_data_msg_send
                0x000000000000c6dc       0x6c C:/ncs/v3.1.1/nrfxlib/nrf_modem/lib/cellular/nrf9120/soft-float/libmodem.a(rpc_transport_ipc.c.obj)
 .text.rpc_transport_ipc_init
                0x000000000000c748      0x1dc C:/ncs/v3.1.1/nrfxlib/nrf_modem/lib/cellular/nrf9120/soft-float/libmodem.a(rpc_transport_ipc.c.obj)
 .text.rpc_transport_ipc_ctrl_msg_send
                0x000000000000c924       0x6c C:/ncs/v3.1.1/nrfxlib/nrf_modem/lib/cellular/nrf9120/soft-float/libmodem.a(rpc_transport_ipc.c.obj)
 .text.rpc_transport_ipc_request_shutdown
                0x000000000000c990       0x38 C:/ncs/v3.1.1/nrfxlib/nrf_modem/lib/cellular/nrf9120/soft-float/libmodem.a(rpc_transport_ipc.c.obj)
 .text.rpc_transport_ipc_msg_data_rx_free
                0x000000000000c9c8       0x30 C:/ncs/v3.1.1/nrfxlib/nrf_modem/lib/cellular/nrf9120/soft-float/libmodem.a(rpc_transport_ipc.c.obj)
 .text.cfun_post_modem
                0x000000000000c9f8       0x14 C:/ncs/v3.1.1/nrfxlib/nrf_modem/lib/cellular/nrf9120/soft-float/libmodem.a(nrf_modem_at.c.obj)
 .text.at_cmd_vsprintf
                0x000000000000ca0c       0x50 C:/ncs/v3.1.1/nrfxlib/nrf_modem/lib/cellular/nrf9120/soft-float/libmodem.a(nrf_modem_at.c.obj)
 .text.cfun_pre_modem
                0x000000000000ca5c       0x44 C:/ncs/v3.1.1/nrfxlib/nrf_modem/lib/cellular/nrf9120/soft-float/libmodem.a(nrf_modem_at.c.obj)
 .text.at_cmd_send
                0x000000000000caa0       0x68 C:/ncs/v3.1.1/nrfxlib/nrf_modem/lib/cellular/nrf9120/soft-float/libmodem.a(nrf_modem_at.c.obj)
 .text.at_response_match
                0x000000000000cb08       0x48 C:/ncs/v3.1.1/nrfxlib/nrf_modem/lib/cellular/nrf9120/soft-float/libmodem.a(nrf_modem_at.c.obj)
 .text.nrf_modem_at_cfun_handler_set
                0x000000000000cb50        0xc C:/ncs/v3.1.1/nrfxlib/nrf_modem/lib/cellular/nrf9120/soft-float/libmodem.a(nrf_modem_at.c.obj)
                0x000000000000cb50                nrf_modem_at_cfun_handler_set
 .text.nrf_modem_at_printf
                0x000000000000cb5c       0xc8 C:/ncs/v3.1.1/nrfxlib/nrf_modem/lib/cellular/nrf9120/soft-float/libmodem.a(nrf_modem_at.c.obj)
                0x000000000000cb5c                nrf_modem_at_printf
 .text.rpc_at_event_handler
                0x000000000000cc24       0x88 C:/ncs/v3.1.1/nrfxlib/nrf_modem/lib/cellular/nrf9120/soft-float/libmodem.a(nrf_modem_at.c.obj)
                0x000000000000cc24                rpc_at_event_handler
 .text.sock_unref.isra.0
                0x000000000000ccac       0x3c C:/ncs/v3.1.1/nrfxlib/nrf_modem/lib/cellular/nrf9120/soft-float/libmodem.a(sock.c.obj)
 .text.sock_find
                0x000000000000cce8       0x24 C:/ncs/v3.1.1/nrfxlib/nrf_modem/lib/cellular/nrf9120/soft-float/libmodem.a(sock.c.obj)
                0x000000000000cce8                sock_find
 .text._sock_close
                0x000000000000cd0c       0x30 C:/ncs/v3.1.1/nrfxlib/nrf_modem/lib/cellular/nrf9120/soft-float/libmodem.a(sock.c.obj)
                0x000000000000cd0c                _sock_close
 .text.sock_rpc_flow_control_set
                0x000000000000cd3c       0x50 C:/ncs/v3.1.1/nrfxlib/nrf_modem/lib/cellular/nrf9120/soft-float/libmodem.a(sock.c.obj)
                0x000000000000cd3c                sock_rpc_flow_control_set
 .text.on_getaddrinfo_res
                0x000000000000cd8c       0x28 C:/ncs/v3.1.1/nrfxlib/nrf_modem/lib/cellular/nrf9120/soft-float/libmodem.a(dns.c.obj)
                0x000000000000cd8c                on_getaddrinfo_res
 .text.rpc_ip_event_handler
                0x000000000000cdb4      0x2d8 C:/ncs/v3.1.1/nrfxlib/nrf_modem/lib/cellular/nrf9120/soft-float/libmodem.a(ip.c.obj)
                0x000000000000cdb4                rpc_ip_event_handler
 .text.on_tls_attach_res
                0x000000000000d08c       0x30 C:/ncs/v3.1.1/nrfxlib/nrf_modem/lib/cellular/nrf9120/soft-float/libmodem.a(tls.c.obj)
                0x000000000000d08c                on_tls_attach_res
 .text.on_tls_handshake_ntf
                0x000000000000d0bc       0x3c C:/ncs/v3.1.1/nrfxlib/nrf_modem/lib/cellular/nrf9120/soft-float/libmodem.a(tls.c.obj)
                0x000000000000d0bc                on_tls_handshake_ntf
 .text.tls_attach
                0x000000000000d0f8      0x108 C:/ncs/v3.1.1/nrfxlib/nrf_modem/lib/cellular/nrf9120/soft-float/libmodem.a(tls.c.obj)
                0x000000000000d0f8                tls_attach
 .text.rpc_gnss_event_handler
                0x000000000000d200      0x138 C:/ncs/v3.1.1/nrfxlib/nrf_modem/lib/cellular/nrf9120/soft-float/libmodem.a(nrf_modem_gnss.c.obj)
                0x000000000000d200                rpc_gnss_event_handler
 .text.rpc_softsim_event_handler
                0x000000000000d338       0x24 C:/ncs/v3.1.1/nrfxlib/nrf_modem/lib/cellular/nrf9120/soft-float/libmodem.a(nrf_modem_softsim.c.obj)
                0x000000000000d338                rpc_softsim_event_handler
 .text.ipc_trace_init
                0x000000000000d35c       0x40 C:/ncs/v3.1.1/nrfxlib/nrf_modem/lib/cellular/nrf9120/soft-float/libmodem.a(ipc_trace.c.obj)
                0x000000000000d35c                ipc_trace_init
 .text.ipc_trace_uninit
                0x000000000000d39c       0x10 C:/ncs/v3.1.1/nrfxlib/nrf_modem/lib/cellular/nrf9120/soft-float/libmodem.a(ipc_trace.c.obj)
                0x000000000000d39c                ipc_trace_uninit
 .text.ipc_trace_handler
                0x000000000000d3ac       0xb4 C:/ncs/v3.1.1/nrfxlib/nrf_modem/lib/cellular/nrf9120/soft-float/libmodem.a(ipc_trace.c.obj)
                0x000000000000d3ac                ipc_trace_handler
 .text.k_sys_fatal_error_handler
                0x000000000000d460       0x20 zephyr/kernel/libkernel.a(fatal.c.obj)
                0x000000000000d460                k_sys_fatal_error_handler
 .text.z_fatal_error
                0x000000000000d480       0xe8 zephyr/kernel/libkernel.a(fatal.c.obj)
                0x000000000000d480                z_fatal_error
 .text.z_sys_init_run_level
                0x000000000000d568       0x30 zephyr/kernel/libkernel.a(init.c.obj)
 .text.bg_thread_main
                0x000000000000d598       0xc0 zephyr/kernel/libkernel.a(init.c.obj)
 .text.z_bss_zero
                0x000000000000d658       0x18 zephyr/kernel/libkernel.a(init.c.obj)
                0x000000000000d658                z_bss_zero
 .text.z_init_cpu
                0x000000000000d670       0x68 zephyr/kernel/libkernel.a(init.c.obj)
                0x000000000000d670                z_init_cpu
 .text.z_cstart
                0x000000000000d6d8       0xd4 zephyr/kernel/libkernel.a(init.c.obj)
                0x000000000000d6d8                z_cstart
 .text.statics_init
                0x000000000000d7ac       0x24 zephyr/kernel/libkernel.a(kheap.c.obj)
 .text.k_heap_alloc
                0x000000000000d7d0       0x1c zephyr/kernel/libkernel.a(kheap.c.obj)
                0x000000000000d7d0                k_heap_alloc
 .text.adjust_owner_prio
                0x000000000000d7ec       0x6c zephyr/kernel/libkernel.a(mutex.c.obj)
 .text.z_impl_k_mutex_lock
                0x000000000000d858      0x224 zephyr/kernel/libkernel.a(mutex.c.obj)
                0x000000000000d858                z_impl_k_mutex_lock
 .text.z_impl_k_mutex_unlock
                0x000000000000da7c      0x114 zephyr/kernel/libkernel.a(mutex.c.obj)
                0x000000000000da7c                z_impl_k_mutex_unlock
 .text.z_impl_k_sem_give
                0x000000000000db90       0x68 zephyr/kernel/libkernel.a(sem.c.obj)
                0x000000000000db90                z_impl_k_sem_give
 .text.z_impl_k_sem_take
                0x000000000000dbf8       0x4c zephyr/kernel/libkernel.a(sem.c.obj)
                0x000000000000dbf8                z_impl_k_sem_take
 .text.z_setup_new_thread
                0x000000000000dc44       0xc4 zephyr/kernel/libkernel.a(thread.c.obj)
                0x000000000000dc44                z_setup_new_thread
 .text.z_impl_k_thread_create
                0x000000000000dd08       0x58 zephyr/kernel/libkernel.a(thread.c.obj)
                0x000000000000dd08                z_impl_k_thread_create
 .text.z_dummy_thread_init
                0x000000000000dd60       0x20 zephyr/kernel/libkernel.a(thread.c.obj)
                0x000000000000dd60                z_dummy_thread_init
 .text.z_swap_irqlock
                0x000000000000dd80       0x30 zephyr/kernel/libkernel.a(sched.c.obj)
 .text.ready_thread
                0x000000000000ddb0       0x84 zephyr/kernel/libkernel.a(sched.c.obj)
 .text.unready_thread
                0x000000000000de34       0x54 zephyr/kernel/libkernel.a(sched.c.obj)
 .text.add_thread_timeout
                0x000000000000de88       0x1c zephyr/kernel/libkernel.a(sched.c.obj)
 .text.move_thread_to_end_of_prio_q
                0x000000000000dea4       0x90 zephyr/kernel/libkernel.a(sched.c.obj)
                0x000000000000dea4                move_thread_to_end_of_prio_q
 .text.z_pend_curr
                0x000000000000df34       0x44 zephyr/kernel/libkernel.a(sched.c.obj)
                0x000000000000df34                z_pend_curr
 .text.z_thread_prio_set
                0x000000000000df78       0xe4 zephyr/kernel/libkernel.a(sched.c.obj)
                0x000000000000df78                z_thread_prio_set
 .text.z_reschedule
                0x000000000000e05c       0x24 zephyr/kernel/libkernel.a(sched.c.obj)
                0x000000000000e05c                z_reschedule
 .text.z_reschedule_irqlock
                0x000000000000e080       0x28 zephyr/kernel/libkernel.a(sched.c.obj)
                0x000000000000e080                z_reschedule_irqlock
 .text.k_sched_lock
                0x000000000000e0a8       0x28 zephyr/kernel/libkernel.a(sched.c.obj)
                0x000000000000e0a8                k_sched_lock
 .text.k_sched_unlock
                0x000000000000e0d0       0xa0 zephyr/kernel/libkernel.a(sched.c.obj)
                0x000000000000e0d0                k_sched_unlock
 .text.z_sched_init
                0x000000000000e170       0x10 zephyr/kernel/libkernel.a(sched.c.obj)
                0x000000000000e170                z_sched_init
 .text.z_impl_k_yield
                0x000000000000e180       0x88 zephyr/kernel/libkernel.a(sched.c.obj)
                0x000000000000e180                z_impl_k_yield
 .text.z_tick_sleep
                0x000000000000e208       0xb4 zephyr/kernel/libkernel.a(sched.c.obj)
 .text.z_impl_k_wakeup
                0x000000000000e2bc       0x48 zephyr/kernel/libkernel.a(sched.c.obj)
                0x000000000000e2bc                z_impl_k_wakeup
 .text.z_impl_k_sched_current_thread_query
                0x000000000000e304        0xc zephyr/kernel/libkernel.a(sched.c.obj)
                0x000000000000e304                z_impl_k_sched_current_thread_query
 .text.z_thread_abort
                0x000000000000e310      0x138 zephyr/kernel/libkernel.a(sched.c.obj)
                0x000000000000e310                z_thread_abort
 .text.slice_timeout
                0x000000000000e448       0x20 zephyr/kernel/libkernel.a(timeslicing.c.obj)
 .text.thread_is_sliceable
                0x000000000000e468       0x3c zephyr/kernel/libkernel.a(timeslicing.c.obj)
                0x000000000000e468                thread_is_sliceable
 .text.z_reset_time_slice
                0x000000000000e4a4       0x50 zephyr/kernel/libkernel.a(timeslicing.c.obj)
                0x000000000000e4a4                z_reset_time_slice
 .text.z_time_slice
                0x000000000000e4f4       0x60 zephyr/kernel/libkernel.a(timeslicing.c.obj)
                0x000000000000e4f4                z_time_slice
 .text.z_data_copy
                0x000000000000e554       0x38 zephyr/kernel/libkernel.a(xip.c.obj)
                0x000000000000e554                z_data_copy
 .text.first    0x000000000000e58c       0x10 zephyr/kernel/libkernel.a(timeout.c.obj)
 .text.elapsed  0x000000000000e59c       0x14 zephyr/kernel/libkernel.a(timeout.c.obj)
 .text.remove_timeout
                0x000000000000e5b0       0x38 zephyr/kernel/libkernel.a(timeout.c.obj)
 .text.z_add_timeout
                0x000000000000e5e8      0x124 zephyr/kernel/libkernel.a(timeout.c.obj)
                0x000000000000e5e8                z_add_timeout
 .text.sys_clock_announce
                0x000000000000e70c       0xbc zephyr/kernel/libkernel.a(timeout.c.obj)
                0x000000000000e70c                sys_clock_announce
 .text.sys_clock_tick_get
                0x000000000000e7c8       0x30 zephyr/kernel/libkernel.a(timeout.c.obj)
                0x000000000000e7c8                sys_clock_tick_get
 .text.z_timer_expiration_handler
                0x000000000000e7f8       0xe0 zephyr/kernel/libkernel.a(timer.c.obj)
                0x000000000000e7f8                z_timer_expiration_handler
 .text.z_impl_k_timer_start
                0x000000000000e8d8       0x74 zephyr/kernel/libkernel.a(timer.c.obj)
                0x000000000000e8d8                z_impl_k_timer_start
 .text.k_thread_system_pool_assign
                0x000000000000e94c        0xc zephyr/kernel/libkernel.a(mempool.c.obj)
                0x000000000000e94c                k_thread_system_pool_assign
 .text.strtol   0x000000000000e958       0xec c:\ncs\toolchains\b8b84efebd\opt\zephyr-sdk\arm-zephyr-eabi\bin\../lib/gcc/../../picolibc/arm-zephyr-eabi/lib/thumb/v8-m.main/nofp\libc.a(libc_tinystdio_strtol.c.o)
                0x000000000000e958                strtol
 .text.strtoul  0x000000000000ea44       0xcc c:\ncs\toolchains\b8b84efebd\opt\zephyr-sdk\arm-zephyr-eabi\bin\../lib/gcc/../../picolibc/arm-zephyr-eabi/lib/thumb/v8-m.main/nofp\libc.a(libc_tinystdio_strtoul.c.o)
                0x000000000000ea44                strtoul
 .text.__l_vfprintf
                0x000000000000eb10      0x4b4 c:\ncs\toolchains\b8b84efebd\opt\zephyr-sdk\arm-zephyr-eabi\bin\../lib/gcc/../../picolibc/arm-zephyr-eabi/lib/thumb/v8-m.main/nofp\libc.a(libc_tinystdio_vflprintf.c.o)
                0x000000000000eb10                __l_vfprintf
 .text.vsnprintf
                0x000000000000efc4       0x50 c:\ncs\toolchains\b8b84efebd\opt\zephyr-sdk\arm-zephyr-eabi\bin\../lib/gcc/../../picolibc/arm-zephyr-eabi/lib/thumb/v8-m.main/nofp\libc.a(libc_tinystdio_vsnprintf.c.o)
                0x000000000000efc4                vsnprintf
 .text._OffsetAbsSyms
                0x000000000000f014        0x2 zephyr/CMakeFiles/offsets.dir/./arch/arm/core/offsets/offsets.c.obj
                0x000000000000f014                _OffsetAbsSyms
 .text.gpio_pin_set.constprop.0.isra.0
                0x000000000000f016       0x1e app/libapp.a(main.c.obj)
 .text.k_msleep.isra.0
                0x000000000000f034       0x20 app/libapp.a(main.c.obj)
 .text.chunk_field
                0x000000000000f054       0x16 zephyr/libzephyr.a(heap.c.obj)
 .text.chunk_set
                0x000000000000f06a       0x16 zephyr/libzephyr.a(heap.c.obj)
 .text.chunk_size
                0x000000000000f080        0xc zephyr/libzephyr.a(heap.c.obj)
 .text.set_chunk_used
                0x000000000000f08c       0x30 zephyr/libzephyr.a(heap.c.obj)
 .text.set_chunk_size
                0x000000000000f0bc        0x8 zephyr/libzephyr.a(heap.c.obj)
 .text.mem_to_chunkid
                0x000000000000f0c4       0x14 zephyr/libzephyr.a(heap.c.obj)
 .text.bucket_idx.isra.0
                0x000000000000f0d8       0x1c zephyr/libzephyr.a(heap.c.obj)
 .text.free_list_remove_bidx
                0x000000000000f0f4       0x5c zephyr/libzephyr.a(heap.c.obj)
 .text.free_list_remove
                0x000000000000f150       0x2e zephyr/libzephyr.a(heap.c.obj)
 .text.alloc_chunk
                0x000000000000f17e       0x74 zephyr/libzephyr.a(heap.c.obj)
 .text.split_chunks
                0x000000000000f1f2       0x4e zephyr/libzephyr.a(heap.c.obj)
 .text.merge_chunks
                0x000000000000f240       0x3c zephyr/libzephyr.a(heap.c.obj)
 .text.free_list_add
                0x000000000000f27c       0x84 zephyr/libzephyr.a(heap.c.obj)
 .text.free_chunk
                0x000000000000f300       0x84 zephyr/libzephyr.a(heap.c.obj)
 .text.sys_heap_free
                0x000000000000f384       0x24 zephyr/libzephyr.a(heap.c.obj)
                0x000000000000f384                sys_heap_free
 .text.sys_heap_alloc
                0x000000000000f3a8       0x6e zephyr/libzephyr.a(heap.c.obj)
                0x000000000000f3a8                sys_heap_alloc
 .text.sys_heap_noalign_alloc
                0x000000000000f416        0x6 zephyr/libzephyr.a(heap.c.obj)
                0x000000000000f416                sys_heap_noalign_alloc
 .text.sys_heap_init
                0x000000000000f41c       0xb0 zephyr/libzephyr.a(heap.c.obj)
                0x000000000000f41c                sys_heap_init
 .text.is_ptr   0x000000000000f4cc       0x4a zephyr/libzephyr.a(cbprintf_packaged.c.obj)
                0x000000000000f4cc                is_ptr
 .text.printk   0x000000000000f516       0x1a zephyr/libzephyr.a(printk.c.obj)
                0x000000000000f516                printk
 .text.free_space
                0x000000000000f530       0x26 zephyr/libzephyr.a(mpsc_pbuf.c.obj)
 .text.get_usage
                0x000000000000f556       0x22 zephyr/libzephyr.a(mpsc_pbuf.c.obj)
 .text.idx_inc  0x000000000000f578       0x1c zephyr/libzephyr.a(mpsc_pbuf.c.obj)
 .text.rd_idx_inc
                0x000000000000f594       0x18 zephyr/libzephyr.a(mpsc_pbuf.c.obj)
 .text.add_skip_item
                0x000000000000f5ac       0x3e zephyr/libzephyr.a(mpsc_pbuf.c.obj)
 .text.drop_item_locked
                0x000000000000f5ea      0x100 zephyr/libzephyr.a(mpsc_pbuf.c.obj)
 .text.post_drop_action
                0x000000000000f6ea       0x36 zephyr/libzephyr.a(mpsc_pbuf.c.obj)
 .text.max_utilization_update
                0x000000000000f720       0x1a zephyr/libzephyr.a(mpsc_pbuf.c.obj)
 .text.mpsc_pbuf_init
                0x000000000000f73a       0x42 zephyr/libzephyr.a(mpsc_pbuf.c.obj)
                0x000000000000f73a                mpsc_pbuf_init
 .text.mpsc_pbuf_alloc
                0x000000000000f77c       0xfe zephyr/libzephyr.a(mpsc_pbuf.c.obj)
                0x000000000000f77c                mpsc_pbuf_alloc
 .text.mpsc_pbuf_commit
                0x000000000000f87a       0x3e zephyr/libzephyr.a(mpsc_pbuf.c.obj)
                0x000000000000f87a                mpsc_pbuf_commit
 .text.mpsc_pbuf_claim
                0x000000000000f8b8       0xa8 zephyr/libzephyr.a(mpsc_pbuf.c.obj)
                0x000000000000f8b8                mpsc_pbuf_claim
 .text.mpsc_pbuf_free
                0x000000000000f960       0x76 zephyr/libzephyr.a(mpsc_pbuf.c.obj)
                0x000000000000f960                mpsc_pbuf_free
 .text.mpsc_pbuf_is_pending
                0x000000000000f9d6       0x32 zephyr/libzephyr.a(mpsc_pbuf.c.obj)
                0x000000000000f9d6                mpsc_pbuf_is_pending
 .text.process_recheck
                0x000000000000fa08       0x38 zephyr/libzephyr.a(onoff.c.obj)
 .text.validate_args
                0x000000000000fa40       0x20 zephyr/libzephyr.a(onoff.c.obj)
 .text.notify_one
                0x000000000000fa60       0x2c zephyr/libzephyr.a(onoff.c.obj)
 .text.transition_complete
                0x000000000000fa8c       0x1a zephyr/libzephyr.a(onoff.c.obj)
 .text.onoff_manager_init
                0x000000000000faa6       0x26 zephyr/libzephyr.a(onoff.c.obj)
                0x000000000000faa6                onoff_manager_init
 .text.onoff_request
                0x000000000000facc       0xae zephyr/libzephyr.a(onoff.c.obj)
                0x000000000000facc                onoff_request
 .text.sys_notify_validate
                0x000000000000fb7a       0x22 zephyr/libzephyr.a(notify.c.obj)
                0x000000000000fb7a                sys_notify_validate
 .text.sys_notify_finalize
                0x000000000000fb9c       0x1a zephyr/libzephyr.a(notify.c.obj)
                0x000000000000fb9c                sys_notify_finalize
 .text._ConfigAbsSyms
                0x000000000000fbb6        0x2 zephyr/libzephyr.a(configs.c.obj)
                0x000000000000fbb6                _ConfigAbsSyms
 .text.log_msg_generic_get_wlen
                0x000000000000fbb8       0x20 zephyr/libzephyr.a(log_core.c.obj)
 .text.dummy_timestamp
                0x000000000000fbd8        0x4 zephyr/libzephyr.a(log_core.c.obj)
 .text.default_get_timestamp
                0x000000000000fbdc        0x4 zephyr/libzephyr.a(log_core.c.obj)
 .text.atomic_inc
                0x000000000000fbe0       0x12 zephyr/libzephyr.a(log_core.c.obj)
 .text.z_log_vprintk
                0x000000000000fbf2       0x1c zephyr/libzephyr.a(log_core.c.obj)
                0x000000000000fbf2                z_log_vprintk
 .text.z_log_notify_drop
                0x000000000000fc0e        0x6 zephyr/libzephyr.a(log_core.c.obj)
 .text.log_backend_enable
                0x000000000000fc14       0x12 zephyr/libzephyr.a(log_mgmt.c.obj)
                0x000000000000fc14                log_backend_enable
 .text.z_cbprintf_cpy
                0x000000000000fc26       0x2c zephyr/libzephyr.a(log_msg.c.obj)
 .text.z_log_msg_finalize
                0x000000000000fc52       0x32 zephyr/libzephyr.a(log_msg.c.obj)
                0x000000000000fc52                z_log_msg_finalize
 .text.z_log_msg_simple_create
                0x000000000000fc84       0x6e zephyr/libzephyr.a(log_msg.c.obj)
 .text.z_impl_z_log_msg_simple_create_0
                0x000000000000fcf2       0x12 zephyr/libzephyr.a(log_msg.c.obj)
                0x000000000000fcf2                z_impl_z_log_msg_simple_create_0
 .text.z_impl_z_log_msg_simple_create_1
                0x000000000000fd04       0x14 zephyr/libzephyr.a(log_msg.c.obj)
                0x000000000000fd04                z_impl_z_log_msg_simple_create_1
 .text.z_impl_z_log_msg_simple_create_2
                0x000000000000fd18       0x18 zephyr/libzephyr.a(log_msg.c.obj)
                0x000000000000fd18                z_impl_z_log_msg_simple_create_2
 .text.z_do_kernel_oops
                0x000000000000fd30        0x8 zephyr/arch/arch/arm/core/libarch__arm__core.a(fatal.c.obj)
                0x000000000000fd30                z_do_kernel_oops
 .text.z_arm_nmi
                0x000000000000fd38        0xe zephyr/arch/arch/arm/core/libarch__arm__core.a(nmi.c.obj)
                0x000000000000fd38                z_arm_nmi
 .text.z_log_msg_simple_create_0.constprop.0
                0x000000000000fd46        0x8 zephyr/arch/arch/arm/core/cortex_m/libarch__arm__core__cortex_m.a(fault.c.obj)
 .text.z_arm_save_fp_context
                0x000000000000fd4e        0x2 zephyr/arch/arch/arm/core/cortex_m/libarch__arm__core__cortex_m.a(fpu.c.obj)
                0x000000000000fd4e                z_arm_save_fp_context
 .text.z_arm_restore_fp_context
                0x000000000000fd50        0x2 zephyr/arch/arch/arm/core/cortex_m/libarch__arm__core__cortex_m.a(fpu.c.obj)
                0x000000000000fd50                z_arm_restore_fp_context
 .text.z_irq_spurious
                0x000000000000fd52        0x8 zephyr/arch/arch/arm/core/cortex_m/libarch__arm__core__cortex_m.a(irq_manage.c.obj)
                0x000000000000fd52                z_irq_spurious
 .text.configure_builtin_stack_guard
                0x000000000000fd5a        0x8 zephyr/arch/arch/arm/core/cortex_m/libarch__arm__core__cortex_m.a(thread.c.obj)
                0x000000000000fd5a                configure_builtin_stack_guard
 .text.arch_irq_unlock_outlined
                0x000000000000fd62        0xe zephyr/arch/arch/arm/core/cortex_m/libarch__arm__core__cortex_m.a(thread.c.obj)
                0x000000000000fd62                arch_irq_unlock_outlined
 .text.arch_cpu_idle
                0x000000000000fd70       0x1a zephyr/arch/arch/arm/core/cortex_m/libarch__arm__core__cortex_m.a(cpu_idle.c.obj)
                0x000000000000fd70                arch_cpu_idle
 .text.arch_cpu_atomic_idle
                0x000000000000fd8a       0x1e zephyr/arch/arch/arm/core/cortex_m/libarch__arm__core__cortex_m.a(cpu_idle.c.obj)
                0x000000000000fd8a                arch_cpu_atomic_idle
 .text.arm_cmse_mpu_region_get
                0x000000000000fda8       0x12 zephyr/arch/arch/arm/core/cortex_m/cmse/libarch__arm__core__cortex_m__cmse.a(arm_core_cmse.c.obj)
                0x000000000000fda8                arm_cmse_mpu_region_get
 .text.get_status
                0x000000000000fdba       0x12 zephyr/drivers/clock_control/libdrivers__clock_control.a(clock_control_nrf.c.obj)
 .text.stop     0x000000000000fdcc       0x50 zephyr/drivers/clock_control/libdrivers__clock_control.a(clock_control_nrf.c.obj)
 .text.api_stop
                0x000000000000fe1c        0x6 zephyr/drivers/clock_control/libdrivers__clock_control.a(clock_control_nrf.c.obj)
 .text.async_start
                0x000000000000fe22       0x5a zephyr/drivers/clock_control/libdrivers__clock_control.a(clock_control_nrf.c.obj)
 .text.api_start
                0x000000000000fe7c        0xe zephyr/drivers/clock_control/libdrivers__clock_control.a(clock_control_nrf.c.obj)
 .text.onoff_started_callback
                0x000000000000fe8a       0x12 zephyr/drivers/clock_control/libdrivers__clock_control.a(clock_control_nrf.c.obj)
 .text.lfclk_start
                0x000000000000fe9c        0x6 zephyr/drivers/clock_control/libdrivers__clock_control.a(clock_control_nrf.c.obj)
 .text.lfclk_stop
                0x000000000000fea2        0x6 zephyr/drivers/clock_control/libdrivers__clock_control.a(clock_control_nrf.c.obj)
 .text.blocking_start_callback
                0x000000000000fea8        0x6 zephyr/drivers/clock_control/libdrivers__clock_control.a(clock_control_nrf.c.obj)
 .text.gpio_nrfx_port_get_raw
                0x000000000000feae        0xc zephyr/drivers/gpio/libdrivers__gpio.a(gpio_nrfx.c.obj)
 .text.gpio_nrfx_port_set_masked_raw
                0x000000000000feba       0x14 zephyr/drivers/gpio/libdrivers__gpio.a(gpio_nrfx.c.obj)
 .text.gpio_nrfx_port_set_bits_raw
                0x000000000000fece        0xa zephyr/drivers/gpio/libdrivers__gpio.a(gpio_nrfx.c.obj)
 .text.gpio_nrfx_port_clear_bits_raw
                0x000000000000fed8        0xa zephyr/drivers/gpio/libdrivers__gpio.a(gpio_nrfx.c.obj)
 .text.gpio_nrfx_port_toggle_bits
                0x000000000000fee2       0x14 zephyr/drivers/gpio/libdrivers__gpio.a(gpio_nrfx.c.obj)
 .text.gpio_nrfx_manage_callback
                0x000000000000fef6       0x52 zephyr/drivers/gpio/libdrivers__gpio.a(gpio_nrfx.c.obj)
 .text.pinctrl_lookup_state
                0x000000000000ff48       0x26 zephyr/drivers/pinctrl/libdrivers__pinctrl.a(common.c.obj)
                0x000000000000ff48                pinctrl_lookup_state
 .text.uarte_nrfx_err_check
                0x000000000000ff6e        0xe zephyr/drivers/serial/libdrivers__serial.a(uart_nrfx_uarte.c.obj)
 .text.uarte_nrfx_poll_in
                0x000000000000ff7c       0x26 zephyr/drivers/serial/libdrivers__serial.a(uart_nrfx_uarte.c.obj)
 .text.uarte_nrfx_fifo_read
                0x000000000000ffa2       0x28 zephyr/drivers/serial/libdrivers__serial.a(uart_nrfx_uarte.c.obj)
 .text.uarte_nrfx_irq_tx_enable
                0x000000000000ffca       0x34 zephyr/drivers/serial/libdrivers__serial.a(uart_nrfx_uarte.c.obj)
 .text.uarte_nrfx_irq_tx_disable
                0x000000000000fffe       0x10 zephyr/drivers/serial/libdrivers__serial.a(uart_nrfx_uarte.c.obj)
 .text.uarte_nrfx_irq_tx_ready_complete
                0x000000000001000e       0x1e zephyr/drivers/serial/libdrivers__serial.a(uart_nrfx_uarte.c.obj)
 .text.uarte_nrfx_irq_rx_ready
                0x000000000001002c       0x10 zephyr/drivers/serial/libdrivers__serial.a(uart_nrfx_uarte.c.obj)
 .text.uarte_nrfx_irq_rx_enable
                0x000000000001003c        0xc zephyr/drivers/serial/libdrivers__serial.a(uart_nrfx_uarte.c.obj)
 .text.uarte_nrfx_irq_rx_disable
                0x0000000000010048        0xc zephyr/drivers/serial/libdrivers__serial.a(uart_nrfx_uarte.c.obj)
 .text.uarte_nrfx_irq_err_enable
                0x0000000000010054        0xe zephyr/drivers/serial/libdrivers__serial.a(uart_nrfx_uarte.c.obj)
 .text.uarte_nrfx_irq_err_disable
                0x0000000000010062        0xe zephyr/drivers/serial/libdrivers__serial.a(uart_nrfx_uarte.c.obj)
 .text.uarte_nrfx_irq_is_pending
                0x0000000000010070       0x36 zephyr/drivers/serial/libdrivers__serial.a(uart_nrfx_uarte.c.obj)
 .text.uarte_nrfx_irq_update
                0x00000000000100a6        0x4 zephyr/drivers/serial/libdrivers__serial.a(uart_nrfx_uarte.c.obj)
 .text.uarte_nrfx_irq_callback_set
                0x00000000000100aa        0xc zephyr/drivers/serial/libdrivers__serial.a(uart_nrfx_uarte.c.obj)
 .text.is_tx_ready.isra.0
                0x00000000000100b6       0x20 zephyr/drivers/serial/libdrivers__serial.a(uart_nrfx_uarte.c.obj)
 .text.pinctrl_apply_state.isra.0
                0x00000000000100d6       0x1e zephyr/drivers/serial/libdrivers__serial.a(uart_nrfx_uarte.c.obj)
 .text.uarte_periph_enable.isra.0
                0x00000000000100f4       0x30 zephyr/drivers/serial/libdrivers__serial.a(uart_nrfx_uarte.c.obj)
 .text.tx_start
                0x0000000000010124       0x40 zephyr/drivers/serial/libdrivers__serial.a(uart_nrfx_uarte.c.obj)
 .text.uarte_nrfx_fifo_fill
                0x0000000000010164       0x6e zephyr/drivers/serial/libdrivers__serial.a(uart_nrfx_uarte.c.obj)
 .text.uarte_nrfx_isr_int
                0x00000000000101d2       0xe4 zephyr/drivers/serial/libdrivers__serial.a(uart_nrfx_uarte.c.obj)
 .text.event_clear
                0x00000000000102b6       0x18 zephyr/drivers/timer/libdrivers__timer.a(nrf_rtc_timer.c.obj)
 .text.sys_clock_cycle_get_32
                0x00000000000102ce        0x8 zephyr/drivers/timer/libdrivers__timer.a(nrf_rtc_timer.c.obj)
                0x00000000000102ce                sys_clock_cycle_get_32
 .text.nrf_modem_os_busywait
                0x00000000000102d6        0x4 modules/nrf/lib/nrf_modem_lib/lib..__nrf__lib__nrf_modem_lib.a(nrf_modem_os.c.obj)
                0x00000000000102d6                nrf_modem_os_busywait
 .text.nrf_modem_os_is_in_isr
                0x00000000000102da        0x4 modules/nrf/lib/nrf_modem_lib/lib..__nrf__lib__nrf_modem_lib.a(nrf_modem_os.c.obj)
                0x00000000000102da                nrf_modem_os_is_in_isr
 .text.nrf_modem_os_sem_give
                0x00000000000102de        0x4 modules/nrf/lib/nrf_modem_lib/lib..__nrf__lib__nrf_modem_lib.a(nrf_modem_os.c.obj)
                0x00000000000102de                nrf_modem_os_sem_give
 .text.nrf_modem_os_sem_take
                0x00000000000102e2       0x40 modules/nrf/lib/nrf_modem_lib/lib..__nrf__lib__nrf_modem_lib.a(nrf_modem_os.c.obj)
                0x00000000000102e2                nrf_modem_os_sem_take
 .text.nrf_modem_os_mutex_unlock
                0x0000000000010322        0x4 modules/nrf/lib/nrf_modem_lib/lib..__nrf__lib__nrf_modem_lib.a(nrf_modem_os.c.obj)
                0x0000000000010322                nrf_modem_os_mutex_unlock
 .text.nrf_modem_os_mutex_lock
                0x0000000000010326       0x40 modules/nrf/lib/nrf_modem_lib/lib..__nrf__lib__nrf_modem_lib.a(nrf_modem_os.c.obj)
                0x0000000000010326                nrf_modem_os_mutex_lock
 .text.set_antenna_configuration
                0x0000000000010366        0xa modules/nrf/lib/modem_antenna/lib..__nrf__lib__modem_antenna.a(modem_antenna.c.obj)
                0x0000000000010366                set_antenna_configuration
 .text._psa_crypto_init
                0x0000000000010370       0x1e modules/nrf/subsys/nrf_security/src/zephyr/libmbedtls_zephyr.a(psa_crypto_init.c.obj)
 .text.z_log_msg_simple_create_0.constprop.0
                0x000000000001038e        0x8 modules/nrf/modules/trusted-firmware-m/lib..__nrf__modules__trusted-firmware-m.a(fault.c.obj)
 .text.tfm_platform_ns_fault_set_handler
                0x0000000000010396       0x4e modules/nrf/modules/trusted-firmware-m/libtfm_api_nrf.a(tfm_ioctl_ns_api.c.obj)
                0x0000000000010396                tfm_platform_ns_fault_set_handler
 .text.ns_interface_init
                0x00000000000103e4        0x4 modules/trusted-firmware-m/libtfm_api.a(interface.c.obj)
 .text.psa_crypto_init
                0x00000000000103e8        0x4 modules/trusted-firmware-m/libtfm_api.a(tfm_crypto_api.c.obj)
                0x00000000000103e8                psa_crypto_init
 .text.SystemInit
                0x00000000000103ec        0x2 modules/hal_nordic/modules/hal_nordic/nrfx/libmodules__hal_nordic__nrfx.a(system_nrf91.c.obj)
                0x00000000000103ec                SystemInit
 .text.nrfx_isr
                0x00000000000103ee        0x2 modules/hal_nordic/modules/hal_nordic/nrfx/libmodules__hal_nordic__nrfx.a(nrfx_glue.c.obj)
                0x00000000000103ee                nrfx_isr
 .text.nrfx_busy_wait
                0x00000000000103f0        0x4 modules/hal_nordic/modules/hal_nordic/nrfx/libmodules__hal_nordic__nrfx.a(nrfx_glue.c.obj)
                0x00000000000103f0                nrfx_busy_wait
 .text.nrfx_gppi_channel_endpoints_setup
                0x00000000000103f4        0xe modules/hal_nordic/modules/hal_nordic/nrfx/libmodules__hal_nordic__nrfx.a(nrfx_gppi_dppi.c.obj)
                0x00000000000103f4                nrfx_gppi_channel_endpoints_setup
 .text.nrfx_clock_stop
                0x0000000000010402        0x4 modules/hal_nordic/modules/hal_nordic/nrfx/libmodules__hal_nordic__nrfx.a(nrfx_clock.c.obj)
                0x0000000000010402                nrfx_clock_stop
 .text.nrf_gpio_reconfigure
                0x0000000000010406       0x92 modules/hal_nordic/modules/hal_nordic/nrfx/libmodules__hal_nordic__nrfx.a(nrfx_gpiote.c.obj)
 .text.nrf_gpio_cfg_sense_set
                0x0000000000010498       0x1e modules/hal_nordic/modules/hal_nordic/nrfx/libmodules__hal_nordic__nrfx.a(nrfx_gpiote.c.obj)
 .text.nrfx_gpiote_pin_uninit
                0x00000000000104b6        0x4 modules/hal_nordic/modules/hal_nordic/nrfx/libmodules__hal_nordic__nrfx.a(nrfx_gpiote.c.obj)
                0x00000000000104b6                nrfx_gpiote_pin_uninit
 .text.nrfx_gpiote_trigger_disable
                0x00000000000104ba        0x4 modules/hal_nordic/modules/hal_nordic/nrfx/libmodules__hal_nordic__nrfx.a(nrfx_gpiote.c.obj)
                0x00000000000104ba                nrfx_gpiote_trigger_disable
 .text.nrf_modem_is_initialized
                0x00000000000104be        0x4 C:/ncs/v3.1.1/nrfxlib/nrf_modem/lib/cellular/nrf9120/soft-float/libmodem.a(nrf_modem.c.obj)
                0x00000000000104be                nrf_modem_is_initialized
 .text.rpc_handle_ctrl_message
                0x00000000000104c2       0x18 C:/ncs/v3.1.1/nrfxlib/nrf_modem/lib/cellular/nrf9120/soft-float/libmodem.a(rpc_framework.c.obj)
                0x00000000000104c2                rpc_handle_ctrl_message
 .text.rpc_list_preambles_init
                0x00000000000104da       0x20 C:/ncs/v3.1.1/nrfxlib/nrf_modem/lib/cellular/nrf9120/soft-float/libmodem.a(rpc_transport_ipc.c.obj)
 .text.rpc_transport_ipc_data_rx_resume
                0x00000000000104fa        0x6 C:/ncs/v3.1.1/nrfxlib/nrf_modem/lib/cellular/nrf9120/soft-float/libmodem.a(rpc_transport_ipc.c.obj)
 .text.rpc_transport_ipc_data_rx_suspend
                0x0000000000010500        0x6 C:/ncs/v3.1.1/nrfxlib/nrf_modem/lib/cellular/nrf9120/soft-float/libmodem.a(rpc_transport_ipc.c.obj)
 .text.rpc_transport_ipc_shutdown
                0x0000000000010506        0xe C:/ncs/v3.1.1/nrfxlib/nrf_modem/lib/cellular/nrf9120/soft-float/libmodem.a(rpc_transport_ipc.c.obj)
 .text.rpc_transport_ipc_msg_alloc
                0x0000000000010514       0x4a C:/ncs/v3.1.1/nrfxlib/nrf_modem/lib/cellular/nrf9120/soft-float/libmodem.a(rpc_transport_ipc.c.obj)
 .text.rpc_client_msg_from_rpc_msg_get
                0x000000000001055e        0x4 C:/ncs/v3.1.1/nrfxlib/nrf_modem/lib/cellular/nrf9120/soft-float/libmodem.a(rpc_client.c.obj)
                0x000000000001055e                rpc_client_msg_from_rpc_msg_get
 .text.rpc_client_msg_alloc
                0x0000000000010562       0x40 C:/ncs/v3.1.1/nrfxlib/nrf_modem/lib/cellular/nrf9120/soft-float/libmodem.a(rpc_client.c.obj)
                0x0000000000010562                rpc_client_msg_alloc
 .text.rpc_client_msg_send
                0x00000000000105a2        0xe C:/ncs/v3.1.1/nrfxlib/nrf_modem/lib/cellular/nrf9120/soft-float/libmodem.a(rpc_client.c.obj)
                0x00000000000105a2                rpc_client_msg_send
 .text.rpc_client_msg_data_rx_free
                0x00000000000105b0        0x4 C:/ncs/v3.1.1/nrfxlib/nrf_modem/lib/cellular/nrf9120/soft-float/libmodem.a(rpc_client.c.obj)
                0x00000000000105b0                rpc_client_msg_data_rx_free
 .text.rpc_client_msg_data_tx_alloc
                0x00000000000105b4        0x4 C:/ncs/v3.1.1/nrfxlib/nrf_modem/lib/cellular/nrf9120/soft-float/libmodem.a(rpc_client.c.obj)
                0x00000000000105b4                rpc_client_msg_data_tx_alloc
 .text.rpc_client_msg_data_tx_free
                0x00000000000105b8       0x10 C:/ncs/v3.1.1/nrfxlib/nrf_modem/lib/cellular/nrf9120/soft-float/libmodem.a(rpc_client.c.obj)
                0x00000000000105b8                rpc_client_msg_data_tx_free
 .text.sockaddr_init
                0x00000000000105c8       0x62 C:/ncs/v3.1.1/nrfxlib/nrf_modem/lib/cellular/nrf9120/soft-float/libmodem.a(addr.c.obj)
                0x00000000000105c8                sockaddr_init
 .text.sock_pollcb
                0x000000000001062a       0x30 C:/ncs/v3.1.1/nrfxlib/nrf_modem/lib/cellular/nrf9120/soft-float/libmodem.a(sock.c.obj)
                0x000000000001062a                sock_pollcb
 .text.sock_pkt_append
                0x000000000001065a       0x14 C:/ncs/v3.1.1/nrfxlib/nrf_modem/lib/cellular/nrf9120/soft-float/libmodem.a(sock.c.obj)
                0x000000000001065a                sock_pkt_append
 .text.sock_is_stream
                0x000000000001066e        0xa C:/ncs/v3.1.1/nrfxlib/nrf_modem/lib/cellular/nrf9120/soft-float/libmodem.a(sock.c.obj)
                0x000000000001066e                sock_is_stream
 .text.sock_is_datagram
                0x0000000000010678        0xa C:/ncs/v3.1.1/nrfxlib/nrf_modem/lib/cellular/nrf9120/soft-float/libmodem.a(sock.c.obj)
                0x0000000000010678                sock_is_datagram
 .text.sock_proto_is_secure
                0x0000000000010682       0x18 C:/ncs/v3.1.1/nrfxlib/nrf_modem/lib/cellular/nrf9120/soft-float/libmodem.a(sock.c.obj)
                0x0000000000010682                sock_proto_is_secure
 .text.sock_is_attaching
                0x000000000001069a        0xa C:/ncs/v3.1.1/nrfxlib/nrf_modem/lib/cellular/nrf9120/soft-float/libmodem.a(sock.c.obj)
                0x000000000001069a                sock_is_attaching
 .text.sock_is_nonblock
                0x00000000000106a4        0x8 C:/ncs/v3.1.1/nrfxlib/nrf_modem/lib/cellular/nrf9120/soft-float/libmodem.a(sock.c.obj)
                0x00000000000106a4                sock_is_nonblock
 .text.sock_is_closed
                0x00000000000106ac        0xa C:/ncs/v3.1.1/nrfxlib/nrf_modem/lib/cellular/nrf9120/soft-float/libmodem.a(sock.c.obj)
                0x00000000000106ac                sock_is_closed
 .text.sock_is_eof
                0x00000000000106b6       0x16 C:/ncs/v3.1.1/nrfxlib/nrf_modem/lib/cellular/nrf9120/soft-float/libmodem.a(sock.c.obj)
                0x00000000000106b6                sock_is_eof
 .text.sock_has_stream_error
                0x00000000000106cc        0x8 C:/ncs/v3.1.1/nrfxlib/nrf_modem/lib/cellular/nrf9120/soft-float/libmodem.a(sock.c.obj)
                0x00000000000106cc                sock_has_stream_error
 .text.sock_has_error
                0x00000000000106d4        0xe C:/ncs/v3.1.1/nrfxlib/nrf_modem/lib/cellular/nrf9120/soft-float/libmodem.a(sock.c.obj)
                0x00000000000106d4                sock_has_error
 .text.sock_has_pollcb
                0x00000000000106e2        0xa C:/ncs/v3.1.1/nrfxlib/nrf_modem/lib/cellular/nrf9120/soft-float/libmodem.a(sock.c.obj)
                0x00000000000106e2                sock_has_pollcb
 .text.sock_can_read
                0x00000000000106ec        0xa C:/ncs/v3.1.1/nrfxlib/nrf_modem/lib/cellular/nrf9120/soft-float/libmodem.a(sock.c.obj)
                0x00000000000106ec                sock_can_read
 .text.sock_can_accept
                0x00000000000106f6        0xc C:/ncs/v3.1.1/nrfxlib/nrf_modem/lib/cellular/nrf9120/soft-float/libmodem.a(sock.c.obj)
                0x00000000000106f6                sock_can_accept
 .text.sock_can_send
                0x0000000000010702       0x48 C:/ncs/v3.1.1/nrfxlib/nrf_modem/lib/cellular/nrf9120/soft-float/libmodem.a(sock.c.obj)
                0x0000000000010702                sock_can_send
 .text.sock_apn_rate_control_set
                0x000000000001074a       0x18 C:/ncs/v3.1.1/nrfxlib/nrf_modem/lib/cellular/nrf9120/soft-float/libmodem.a(sock.c.obj)
                0x000000000001074a                sock_apn_rate_control_set
 .text.sock_pdn_status_set
                0x0000000000010762       0x18 C:/ncs/v3.1.1/nrfxlib/nrf_modem/lib/cellular/nrf9120/soft-float/libmodem.a(sock.c.obj)
                0x0000000000010762                sock_pdn_status_set
 .text.pkt_free
                0x000000000001077a       0x1c C:/ncs/v3.1.1/nrfxlib/nrf_modem/lib/cellular/nrf9120/soft-float/libmodem.a(packet.c.obj)
                0x000000000001077a                pkt_free
 .text.pkt_flush
                0x0000000000010796       0x1c C:/ncs/v3.1.1/nrfxlib/nrf_modem/lib/cellular/nrf9120/soft-float/libmodem.a(packet.c.obj)
                0x0000000000010796                pkt_flush
 .text.on_conf_dnssrv_res
                0x00000000000107b2        0x4 C:/ncs/v3.1.1/nrfxlib/nrf_modem/lib/cellular/nrf9120/soft-float/libmodem.a(dns.c.obj)
                0x00000000000107b2                on_conf_dnssrv_res
 .text.on_getifaddrs_res
                0x00000000000107b6       0x1a C:/ncs/v3.1.1/nrfxlib/nrf_modem/lib/cellular/nrf9120/soft-float/libmodem.a(ifaddrs.c.obj)
                0x00000000000107b6                on_getifaddrs_res
 .text.nrf_poll_one
                0x00000000000107d0       0x92 C:/ncs/v3.1.1/nrfxlib/nrf_modem/lib/cellular/nrf9120/soft-float/libmodem.a(poll.c.obj)
                0x00000000000107d0                nrf_poll_one
 .text.rpc_error_to_nrf_errno
                0x0000000000010862       0xa2 C:/ncs/v3.1.1/nrfxlib/nrf_modem/lib/cellular/nrf9120/soft-float/libmodem.a(tables.c.obj)
                0x0000000000010862                rpc_error_to_nrf_errno
 .text.res_cookie_get
                0x0000000000010904        0x4 C:/ncs/v3.1.1/nrfxlib/nrf_modem/lib/cellular/nrf9120/soft-float/libmodem.a(reqres.c.obj)
                0x0000000000010904                res_cookie_get
 .text.res_forward
                0x0000000000010908        0x8 C:/ncs/v3.1.1/nrfxlib/nrf_modem/lib/cellular/nrf9120/soft-float/libmodem.a(reqres.c.obj)
                0x0000000000010908                res_forward
 .text.rpc_dfu_event_handler
                0x0000000000010910       0x54 C:/ncs/v3.1.1/nrfxlib/nrf_modem/lib/cellular/nrf9120/soft-float/libmodem.a(nrf_modem_delta_dfu.c.obj)
                0x0000000000010910                rpc_dfu_event_handler
 .text.delta_dfu_res_cookie_get
                0x0000000000010964        0x4 C:/ncs/v3.1.1/nrfxlib/nrf_modem/lib/cellular/nrf9120/soft-float/libmodem.a(delta_dfu_reqres.c.obj)
                0x0000000000010964                delta_dfu_res_cookie_get
 .text.delta_dfu_res_forward
                0x0000000000010968        0x8 C:/ncs/v3.1.1/nrfxlib/nrf_modem/lib/cellular/nrf9120/soft-float/libmodem.a(delta_dfu_reqres.c.obj)
                0x0000000000010968                delta_dfu_res_forward
 .text.z_impl_k_busy_wait
                0x0000000000010970        0x8 zephyr/kernel/libkernel.a(busy_wait.c.obj)
                0x0000000000010970                z_impl_k_busy_wait
 .text.z_device_state_init
                0x0000000000010978        0x2 zephyr/kernel/libkernel.a(device.c.obj)
                0x0000000000010978                z_device_state_init
 .text.z_impl_device_is_ready
                0x000000000001097a       0x16 zephyr/kernel/libkernel.a(device.c.obj)
                0x000000000001097a                z_impl_device_is_ready
 .text.arch_system_halt
                0x0000000000010990       0x10 zephyr/kernel/libkernel.a(fatal.c.obj)
                0x0000000000010990                arch_system_halt
 .text.do_device_init
                0x00000000000109a0       0x2e zephyr/kernel/libkernel.a(init.c.obj)
 .text.z_early_memset
                0x00000000000109ce        0x4 zephyr/kernel/libkernel.a(init.c.obj)
                0x00000000000109ce                z_early_memset
 .text.z_early_memcpy
                0x00000000000109d2        0x4 zephyr/kernel/libkernel.a(init.c.obj)
                0x00000000000109d2                z_early_memcpy
 .text.z_heap_alloc_helper
                0x00000000000109d6       0x84 zephyr/kernel/libkernel.a(kheap.c.obj)
 .text.k_heap_init
                0x0000000000010a5a       0x10 zephyr/kernel/libkernel.a(kheap.c.obj)
                0x0000000000010a5a                k_heap_init
 .text.k_heap_free
                0x0000000000010a6a       0x38 zephyr/kernel/libkernel.a(kheap.c.obj)
                0x0000000000010a6a                k_heap_free
 .text.idle     0x0000000000010aa2       0x16 zephyr/kernel/libkernel.a(idle.c.obj)
                0x0000000000010aa2                idle
 .text.z_impl_k_sem_init
                0x0000000000010ab8       0x18 zephyr/kernel/libkernel.a(sem.c.obj)
                0x0000000000010ab8                z_impl_k_sem_init
 .text.k_is_in_isr
                0x0000000000010ad0        0xc zephyr/kernel/libkernel.a(thread.c.obj)
                0x0000000000010ad0                k_is_in_isr
 .text.z_impl_k_thread_name_set
                0x0000000000010adc        0x6 zephyr/kernel/libkernel.a(thread.c.obj)
                0x0000000000010adc                z_impl_k_thread_name_set
 .text.k_thread_name_get
                0x0000000000010ae2        0x4 zephyr/kernel/libkernel.a(thread.c.obj)
                0x0000000000010ae2                k_thread_name_get
 .text.sys_dlist_remove
                0x0000000000010ae6       0x10 zephyr/kernel/libkernel.a(sched.c.obj)
 .text.unpend_thread_no_timeout
                0x0000000000010af6       0x14 zephyr/kernel/libkernel.a(sched.c.obj)
 .text.add_to_waitq_locked
                0x0000000000010b0a       0x50 zephyr/kernel/libkernel.a(sched.c.obj)
 .text.z_ready_thread
                0x0000000000010b5a       0x1e zephyr/kernel/libkernel.a(sched.c.obj)
                0x0000000000010b5a                z_ready_thread
 .text.z_unpend_thread_no_timeout
                0x0000000000010b78       0x22 zephyr/kernel/libkernel.a(sched.c.obj)
                0x0000000000010b78                z_unpend_thread_no_timeout
 .text.z_sched_wake_thread
                0x0000000000010b9a       0x3a zephyr/kernel/libkernel.a(sched.c.obj)
                0x0000000000010b9a                z_sched_wake_thread
 .text.z_thread_timeout
                0x0000000000010bd4        0x8 zephyr/kernel/libkernel.a(sched.c.obj)
                0x0000000000010bd4                z_thread_timeout
 .text.z_unpend1_no_timeout
                0x0000000000010bdc       0x2c zephyr/kernel/libkernel.a(sched.c.obj)
                0x0000000000010bdc                z_unpend1_no_timeout
 .text.z_unpend_thread
                0x0000000000010c08       0x10 zephyr/kernel/libkernel.a(sched.c.obj)
                0x0000000000010c08                z_unpend_thread
 .text.z_unpend_all
                0x0000000000010c18       0x26 zephyr/kernel/libkernel.a(sched.c.obj)
                0x0000000000010c18                z_unpend_all
 .text.z_impl_k_sleep
                0x0000000000010c3e       0x4e zephyr/kernel/libkernel.a(sched.c.obj)
                0x0000000000010c3e                z_impl_k_sleep
 .text.next_timeout
                0x0000000000010c8c       0x2e zephyr/kernel/libkernel.a(timeout.c.obj)
 .text.z_abort_timeout
                0x0000000000010cba       0x50 zephyr/kernel/libkernel.a(timeout.c.obj)
                0x0000000000010cba                z_abort_timeout
 .text.sys_clock_tick_get_32
                0x0000000000010d0a        0x8 zephyr/kernel/libkernel.a(timeout.c.obj)
                0x0000000000010d0a                sys_clock_tick_get_32
 .text.z_impl_k_uptime_ticks
                0x0000000000010d12        0x4 zephyr/kernel/libkernel.a(timeout.c.obj)
                0x0000000000010d12                z_impl_k_uptime_ticks
 .text.sys_timepoint_calc
                0x0000000000010d16       0x48 zephyr/kernel/libkernel.a(timeout.c.obj)
                0x0000000000010d16                sys_timepoint_calc
 .text.sys_timepoint_timeout
                0x0000000000010d5e       0x42 zephyr/kernel/libkernel.a(timeout.c.obj)
                0x0000000000010d5e                sys_timepoint_timeout
 .text.k_timer_init
                0x0000000000010da0       0x18 zephyr/kernel/libkernel.a(timer.c.obj)
                0x0000000000010da0                k_timer_init
 .text.z_impl_k_timer_stop
                0x0000000000010db8       0x38 zephyr/kernel/libkernel.a(timer.c.obj)
                0x0000000000010db8                z_impl_k_timer_stop
 .text.memcpy   0x0000000000010df0       0x1a c:\ncs\toolchains\b8b84efebd\opt\zephyr-sdk\arm-zephyr-eabi\bin\../lib/gcc/../../picolibc/arm-zephyr-eabi/lib/thumb/v8-m.main/nofp\libc.a(memcpy.c.o)
                0x0000000000010df0                __aeabi_memcpy
                0x0000000000010df0                __aeabi_memcpy4
                0x0000000000010df0                __aeabi_memcpy8
                0x0000000000010df0                memcpy
 .text.memset   0x0000000000010e0a       0x10 c:\ncs\toolchains\b8b84efebd\opt\zephyr-sdk\arm-zephyr-eabi\bin\../lib/gcc/../../picolibc/arm-zephyr-eabi/lib/thumb/v8-m.main/nofp\libc.a(memset.c.o)
                0x0000000000010e0a                memset
 .text.strncasecmp
                0x0000000000010e1a       0x3a c:\ncs\toolchains\b8b84efebd\opt\zephyr-sdk\arm-zephyr-eabi\bin\../lib/gcc/../../picolibc/arm-zephyr-eabi/lib/thumb/v8-m.main/nofp\libc.a(libc_string_strncasecmp.c.o)
                0x0000000000010e1a                strncasecmp
 .text.strncpy  0x0000000000010e54       0x20 c:\ncs\toolchains\b8b84efebd\opt\zephyr-sdk\arm-zephyr-eabi\bin\../lib/gcc/../../picolibc/arm-zephyr-eabi/lib/thumb/v8-m.main/nofp\libc.a(libc_string_strncpy.c.o)
                0x0000000000010e54                strncpy
 .text.strnlen  0x0000000000010e74       0x18 c:\ncs\toolchains\b8b84efebd\opt\zephyr-sdk\arm-zephyr-eabi\bin\../lib/gcc/../../picolibc/arm-zephyr-eabi/lib/thumb/v8-m.main/nofp\libc.a(libc_string_strnlen.c.o)
                0x0000000000010e74                strnlen
 .text.strstr   0x0000000000010e8c       0x2c c:\ncs\toolchains\b8b84efebd\opt\zephyr-sdk\arm-zephyr-eabi\bin\../lib/gcc/../../picolibc/arm-zephyr-eabi/lib/thumb/v8-m.main/nofp\libc.a(libc_string_strstr.c.o)
                0x0000000000010e8c                strstr
 .text.__ultoa_invert
                0x0000000000010eb8       0xac c:\ncs\toolchains\b8b84efebd\opt\zephyr-sdk\arm-zephyr-eabi\bin\../lib/gcc/../../picolibc/arm-zephyr-eabi/lib/thumb/v8-m.main/nofp\libc.a(libc_tinystdio_vflprintf.c.o)
 .text.__file_str_put
                0x0000000000010f64       0x10 c:\ncs\toolchains\b8b84efebd\opt\zephyr-sdk\arm-zephyr-eabi\bin\../lib/gcc/../../picolibc/arm-zephyr-eabi/lib/thumb/v8-m.main/nofp\libc.a(libc_tinystdio_filestrput.c.o)
                0x0000000000010f64                __file_str_put
 *(SORT_BY_ALIGNMENT(.TEXT.*))
 .TEXT.__aeabi_read_tp
                0x0000000000010f74        0xc zephyr/arch/arch/arm/core/cortex_m/libarch__arm__core__cortex_m.a(__aeabi_read_tp.S.obj)
                0x0000000000010f74                __aeabi_read_tp
 *(SORT_BY_ALIGNMENT(.gnu.linkonce.t.*))
 *(SORT_BY_ALIGNMENT(.glue_7t))
 .glue_7t       0x0000000000010f80        0x0 linker stubs
 *(SORT_BY_ALIGNMENT(.glue_7))
 .glue_7        0x0000000000010f80        0x0 linker stubs
 *(SORT_BY_ALIGNMENT(.vfp11_veneer))
 .vfp11_veneer  0x0000000000010f80        0x0 linker stubs
 *(SORT_BY_ALIGNMENT(.v4_bx))
 .v4_bx         0x0000000000010f80        0x0 linker stubs
                0x0000000000010f80                . = ALIGN (0x4)
                0x0000000000010f80                __text_region_end = .

.ARM.exidx      0x0000000000010f80        0x8
                0x0000000000010f80                __exidx_start = .
 *(SORT_BY_ALIGNMENT(.ARM.exidx*) SORT_BY_ALIGNMENT(gnu.linkonce.armexidx.*))
 .ARM.exidx     0x0000000000010f80        0x8 c:\ncs\toolchains\b8b84efebd\opt\zephyr-sdk\arm-zephyr-eabi\bin\../lib/gcc/../../picolibc/arm-zephyr-eabi/lib/thumb/v8-m.main/nofp\libc.a(strlen.S.o)
 .ARM.exidx     0x0000000000010f88        0x0 c:/ncs/toolchains/b8b84efebd/opt/zephyr-sdk/arm-zephyr-eabi/bin/../lib/gcc/arm-zephyr-eabi/12.2.0/thumb/v8-m.main/nofp\libgcc.a(_udivmoddi4.o)
                                          0x8 (size before relaxing)
                0x0000000000010f88                __exidx_end = .
                0x0000000000010f88                __rodata_region_start = .

initlevel       0x0000000000010f88       0x60
                0x0000000000010f88                __init_start = .
                0x0000000000010f88                __init_EARLY_start = .
 *(SORT_BY_NAME(SORT_BY_ALIGNMENT(.z_init_EARLY_P_?_*)))
 *(SORT_BY_NAME(SORT_BY_ALIGNMENT(.z_init_EARLY_P_??_*)))
 *(SORT_BY_NAME(SORT_BY_ALIGNMENT(.z_init_EARLY_P_???_*)))
                0x0000000000010f88                __init_PRE_KERNEL_1_start = .
 *(SORT_BY_NAME(SORT_BY_ALIGNMENT(.z_init_PRE_KERNEL_1_P_?_*)))
 .z_init_PRE_KERNEL_1_P_0_SUB_0_
                0x0000000000010f88        0x8 zephyr/soc/soc/nrf9151/libsoc__nordic.a(soc.c.obj)
 .z_init_PRE_KERNEL_1_P_0_SUB_0_
                0x0000000000010f90        0x8 modules/nrf/modules/trusted-firmware-m/lib..__nrf__modules__trusted-firmware-m.a(fault.c.obj)
 *(SORT_BY_NAME(SORT_BY_ALIGNMENT(.z_init_PRE_KERNEL_1_P_??_*)))
 .z_init_PRE_KERNEL_1_P_30_SUB_00062_
                0x0000000000010f98        0x8 zephyr/drivers/clock_control/libdrivers__clock_control.a(clock_control_nrf.c.obj)
 .z_init_PRE_KERNEL_1_P_30_SUB_0_
                0x0000000000010fa0        0x8 zephyr/kernel/libkernel.a(kheap.c.obj)
 .z_init_PRE_KERNEL_1_P_40_SUB_00010_
                0x0000000000010fa8        0x8 zephyr/drivers/gpio/libdrivers__gpio.a(gpio_nrfx.c.obj)
 .z_init_PRE_KERNEL_1_P_50_SUB_00088_
                0x0000000000010fb0        0x8 zephyr/drivers/serial/libdrivers__serial.a(uart_nrfx_uarte.c.obj)
 *(SORT_BY_NAME(SORT_BY_ALIGNMENT(.z_init_PRE_KERNEL_1_P_???_*)))
                0x0000000000010fb8                __init_PRE_KERNEL_2_start = .
 *(SORT_BY_NAME(SORT_BY_ALIGNMENT(.z_init_PRE_KERNEL_2_P_?_*)))
 .z_init_PRE_KERNEL_2_P_0_SUB_0_
                0x0000000000010fb8        0x8 zephyr/drivers/timer/libdrivers__timer.a(nrf_rtc_timer.c.obj)
 *(SORT_BY_NAME(SORT_BY_ALIGNMENT(.z_init_PRE_KERNEL_2_P_??_*)))
 *(SORT_BY_NAME(SORT_BY_ALIGNMENT(.z_init_PRE_KERNEL_2_P_???_*)))
                0x0000000000010fc0                __init_POST_KERNEL_start = .
 *(SORT_BY_NAME(SORT_BY_ALIGNMENT(.z_init_POST_KERNEL_P_?_*)))
 .z_init_POST_KERNEL_P_0_SUB_0_
                0x0000000000010fc0        0x8 zephyr/libzephyr.a(log_core.c.obj)
 .z_init_POST_KERNEL_P_0_SUB_0_
                0x0000000000010fc8        0x8 modules/nrf/lib/nrf_modem_lib/lib..__nrf__lib__nrf_modem_lib.a(nrf_modem_os.c.obj)
 *(SORT_BY_NAME(SORT_BY_ALIGNMENT(.z_init_POST_KERNEL_P_??_*)))
 .z_init_POST_KERNEL_P_35_SUB_0_
                0x0000000000010fd0        0x8 zephyr/lib/libc/common/liblib__libc__common.a(malloc.c.obj)
 .z_init_POST_KERNEL_P_40_SUB_0_
                0x0000000000010fd8        0x8 modules/trusted-firmware-m/libtfm_api.a(interface.c.obj)
 .z_init_POST_KERNEL_P_50_SUB_0_
                0x0000000000010fe0        0x8 modules/nrf/subsys/nrf_security/src/zephyr/libmbedtls_zephyr.a(psa_crypto_init.c.obj)
 *(SORT_BY_NAME(SORT_BY_ALIGNMENT(.z_init_POST_KERNEL_P_???_*)))
                0x0000000000010fe8                __init_APPLICATION_start = .
 *(SORT_BY_NAME(SORT_BY_ALIGNMENT(.z_init_APPLICATION_P_?_*)))
 *(SORT_BY_NAME(SORT_BY_ALIGNMENT(.z_init_APPLICATION_P_??_*)))
 *(SORT_BY_NAME(SORT_BY_ALIGNMENT(.z_init_APPLICATION_P_???_*)))
                0x0000000000010fe8                __init_SMP_start = .
 *(SORT_BY_NAME(SORT_BY_ALIGNMENT(.z_init_SMP_P_?_*)))
 *(SORT_BY_NAME(SORT_BY_ALIGNMENT(.z_init_SMP_P_??_*)))