Archive member included to satisfy reference by file (symbol)

app/libapp.a(main.c.obj)      (--whole-archive)
zephyr/libzephyr.a(heap.c.obj)
                              (--whole-archive)
zephyr/libzephyr.a(cbprintf_packaged.c.obj)
                              (--whole-archive)
zephyr/libzephyr.a(printk.c.obj)
                              (--whole-archive)
zephyr/libzephyr.a(sem.c.obj)
                              (--whole-archive)
zephyr/libzephyr.a(thread_entry.c.obj)
                              (--whole-archive)
zephyr/libzephyr.a(cbprintf_complete.c.obj)
                              (--whole-archive)
zephyr/libzephyr.a(assert.c.obj)
                              (--whole-archive)
zephyr/libzephyr.a(mpsc_pbuf.c.obj)
                              (--whole-archive)
zephyr/libzephyr.a(dec.c.obj)
                              (--whole-archive)
zephyr/libzephyr.a(hex.c.obj)
                              (--whole-archive)
zephyr/libzephyr.a(rb.c.obj)  (--whole-archive)
zephyr/libzephyr.a(timeutil.c.obj)
                              (--whole-archive)
zephyr/libzephyr.a(bitarray.c.obj)
                              (--whole-archive)
zephyr/libzephyr.a(onoff.c.obj)
                              (--whole-archive)
zephyr/libzephyr.a(notify.c.obj)
                              (--whole-archive)
zephyr/libzephyr.a(ring_buffer.c.obj)
                              (--whole-archive)
zephyr/libzephyr.a(last_section_id.c.obj)
                              (--whole-archive)
zephyr/libzephyr.a(configs.c.obj)
                              (--whole-archive)
zephyr/libzephyr.a(log_core.c.obj)
                              (--whole-archive)
zephyr/libzephyr.a(log_mgmt.c.obj)
                              (--whole-archive)
zephyr/libzephyr.a(log_cache.c.obj)
                              (--whole-archive)
zephyr/libzephyr.a(log_msg.c.obj)
                              (--whole-archive)
zephyr/libzephyr.a(mem_attr.c.obj)
                              (--whole-archive)
zephyr/libzephyr.a(tracing_none.c.obj)
                              (--whole-archive)
zephyr/libzephyr.a(banner.c.obj)
                              (--whole-archive)
zephyr/libzephyr.a(flash_map_partition_manager.c.obj)
                              (--whole-archive)
zephyr/libzephyr.a(nrf_cc3xx_platform_abort_zephyr.c.obj)
                              (--whole-archive)
zephyr/libzephyr.a(nrf_cc3xx_platform_mutex_zephyr.c.obj)
                              (--whole-archive)
zephyr/arch/common/libarch__common.a(sw_isr_common.c.obj)
                              (--whole-archive)
zephyr/arch/arch/arm/core/libarch__arm__core.a(fatal.c.obj)
                              (--whole-archive)
zephyr/arch/arch/arm/core/libarch__arm__core.a(nmi.c.obj)
                              (--whole-archive)
zephyr/arch/arch/arm/core/libarch__arm__core.a(nmi_on_reset.S.obj)
                              (--whole-archive)
zephyr/arch/arch/arm/core/libarch__arm__core.a(tls.c.obj)
                              (--whole-archive)
zephyr/arch/arch/arm/core/cortex_m/libarch__arm__core__cortex_m.a(exc_exit.c.obj)
                              (--whole-archive)
zephyr/arch/arch/arm/core/cortex_m/libarch__arm__core__cortex_m.a(fault.c.obj)
                              (--whole-archive)
zephyr/arch/arch/arm/core/cortex_m/libarch__arm__core__cortex_m.a(fault_s.S.obj)
                              (--whole-archive)
zephyr/arch/arch/arm/core/cortex_m/libarch__arm__core__cortex_m.a(fpu.c.obj)
                              (--whole-archive)
zephyr/arch/arch/arm/core/cortex_m/libarch__arm__core__cortex_m.a(reset.S.obj)
                              (--whole-archive)
zephyr/arch/arch/arm/core/cortex_m/libarch__arm__core__cortex_m.a(scb.c.obj)
                              (--whole-archive)
zephyr/arch/arch/arm/core/cortex_m/libarch__arm__core__cortex_m.a(thread_abort.c.obj)
                              (--whole-archive)
zephyr/arch/arch/arm/core/cortex_m/libarch__arm__core__cortex_m.a(vector_table.S.obj)
                              (--whole-archive)
zephyr/arch/arch/arm/core/cortex_m/libarch__arm__core__cortex_m.a(swap_helper.S.obj)
                              (--whole-archive)
zephyr/arch/arch/arm/core/cortex_m/libarch__arm__core__cortex_m.a(irq_manage.c.obj)
                              (--whole-archive)
zephyr/arch/arch/arm/core/cortex_m/libarch__arm__core__cortex_m.a(prep_c.c.obj)
                              (--whole-archive)
zephyr/arch/arch/arm/core/cortex_m/libarch__arm__core__cortex_m.a(thread.c.obj)
                              (--whole-archive)
zephyr/arch/arch/arm/core/cortex_m/libarch__arm__core__cortex_m.a(cpu_idle.c.obj)
                              (--whole-archive)
zephyr/arch/arch/arm/core/cortex_m/libarch__arm__core__cortex_m.a(irq_init.c.obj)
                              (--whole-archive)
zephyr/arch/arch/arm/core/cortex_m/libarch__arm__core__cortex_m.a(isr_wrapper.c.obj)
                              (--whole-archive)
[...]
Memory Configuration

Name             Origin             Length             Attributes
FLASH            0x0000000000000000 0x0000000000100000 xr
RAM              0x0000000020000000 0x0000000000070000 xw
IDT_LIST         0x00000000ffff7fff 0x0000000000008000 xw
*default*        0x0000000000000000 0xffffffffffffffff

Linker script and memory map

                0x0000000000000000                vfprintf = __l_vfprintf
                0x0000000000000000                vfscanf = __l_vfscanf
LOAD zephyr/CMakeFiles/zephyr_pre0.dir/misc/empty_file.c.obj
LOAD zephyr/CMakeFiles/offsets.dir/./arch/arm/core/offsets/offsets.c.obj
LOAD app/libapp.a
LOAD zephyr/libzephyr.a
LOAD zephyr/arch/common/libarch__common.a
LOAD zephyr/arch/arch/arm/core/libarch__arm__core.a
LOAD zephyr/arch/arch/arm/core/cortex_m/libarch__arm__core__cortex_m.a
LOAD zephyr/arch/arch/arm/core/cortex_m/cmse/libarch__arm__core__cortex_m__cmse.a
LOAD zephyr/arch/arch/arm/core/mpu/libarch__arm__core__mpu.a
LOAD zephyr/lib/libc/picolibc/liblib__libc__picolibc.a
LOAD zephyr/lib/libc/common/liblib__libc__common.a
LOAD zephyr/soc/soc/nrf5340/libsoc__nordic.a
LOAD zephyr/drivers/clock_control/libdrivers__clock_control.a
LOAD zephyr/drivers/gpio/libdrivers__gpio.a
LOAD zephyr/drivers/pinctrl/libdrivers__pinctrl.a
LOAD zephyr/drivers/serial/libdrivers__serial.a
LOAD zephyr/drivers/timer/libdrivers__timer.a
LOAD modules/nrf/drivers/hw_cc3xx/lib..__nrf__drivers__hw_cc3xx.a
LOAD modules/hal_nordic/modules/hal_nordic/nrfx/libmodules__hal_nordic__nrfx.a
LOAD zephyr/kernel/libkernel.a
LOAD zephyr/arch/common/libisr_tables.a
LOAD C:/ncs/v3.1.1/nrfxlib/crypto/nrf_cc312_platform/lib/cortex-m33/soft-float/no-interrupts/libnrf_cc312_platform_0.9.19.a
LOAD c:\ncs\toolchains\c1a76fddb2\opt\zephyr-sdk\arm-zephyr-eabi\bin\../lib/gcc/../../picolibc/arm-zephyr-eabi/lib/thumb/v8-m.main/nofp\libc.a
LOAD c:/ncs/toolchains/c1a76fddb2/opt/zephyr-sdk/arm-zephyr-eabi/bin/../lib/gcc/arm-zephyr-eabi/12.2.0/thumb/v8-m.main/nofp\libgcc.a
                0x0000000000000020                _region_min_align = 0x20

.rel.plt        0x0000000000000000        0x0
 *(SORT_BY_ALIGNMENT(.rel.plt))
                [!provide]                        PROVIDE (__rel_iplt_start = .)
 *(SORT_BY_ALIGNMENT(.rel.iplt))
 .rel.iplt      0x0000000000000000        0x0 app/libapp.a(main.c.obj)
                [!provide]                        PROVIDE (__rel_iplt_end = .)

.rela.plt       0x0000000000000000        0x0
 *(SORT_BY_ALIGNMENT(.rela.plt))
                [!provide]                        PROVIDE (__rela_iplt_start = .)
 *(SORT_BY_ALIGNMENT(.rela.iplt))
                [!provide]                        PROVIDE (__rela_iplt_end = .)

.rel.dyn
 *(SORT_BY_ALIGNMENT(.rel.*))

.rela.dyn
 *(SORT_BY_ALIGNMENT(.rela.*))

/DISCARD/
 *(SORT_BY_ALIGNMENT(.plt))

/DISCARD/
 *(SORT_BY_ALIGNMENT(.iplt))
                0x0000000000000000                __rom_region_start = 0x0

rom_start       0x0000000000000000      0x154
                0x0000000000000000                __rom_start_address = .
 FILL mask 0x00
                0x0000000000000000                . = (. + (0x0 - (. - __rom_start_address)))
                0x0000000000000000                . = ALIGN (0x4)
                0x0000000000000000                . = ALIGN (0x80)
                0x0000000000000000                . = ALIGN (0x200)
                0x0000000000000000                _vector_start = .
 *(SORT_BY_ALIGNMENT(.exc_vector_table))
 *(SORT_BY_ALIGNMENT(.exc_vector_table.*))
 .exc_vector_table._vector_table_section
                0x0000000000000000       0x40 zephyr/arch/arch/arm/core/cortex_m/libarch__arm__core__cortex_m.a(vector_table.S.obj)
                0x0000000000000000                _vector_table
 *(SORT_BY_ALIGNMENT(.vectors))
                0x0000000000000154                _vector_end = .
                0x0000000000000040                . = ALIGN (0x4)
 *(SORT_BY_ALIGNMENT(.gnu.linkonce.irq_vector_table*))
 .gnu.linkonce.irq_vector_table
                0x0000000000000040      0x114 zephyr/arch/common/libisr_tables.a(isr_tables.c.obj)
                0x0000000000000040                _irq_vector_table
                0x0000000000000154                _vector_end = .

text            0x0000000000000154     0x6e68
                0x0000000000000154                __text_region_start = .
 *(SORT_BY_ALIGNMENT(.text))
 .text          0x0000000000000154       0x10 c:\ncs\toolchains\c1a76fddb2\opt\zephyr-sdk\arm-zephyr-eabi\bin\../lib/gcc/../../picolibc/arm-zephyr-eabi/lib/thumb/v8-m.main/nofp\libc.a(strlen.S.o)
                0x0000000000000154                strlen
 *(SORT_BY_ALIGNMENT(.text.*))
 .text.uart_isr
                0x0000000000000164       0x64 app/libapp.a(main.c.obj)
 .text.main     0x00000000000001c8       0xec app/libapp.a(main.c.obj)
                0x00000000000001c8                main
 .text.cbvprintf_package
                0x00000000000002b4      0x3a4 zephyr/libzephyr.a(cbprintf_packaged.c.obj)
                0x00000000000002b4                cbvprintf_package
 .text.cbprintf_package_convert
                0x0000000000000658      0x3cc zephyr/libzephyr.a(cbprintf_packaged.c.obj)
                0x0000000000000658                cbprintf_package_convert
 .text.z_thread_entry
                0x0000000000000a24       0x34 zephyr/libzephyr.a(thread_entry.c.obj)
                0x0000000000000a24                z_thread_entry
 .text.process_event
                0x0000000000000a58      0x21c zephyr/libzephyr.a(onoff.c.obj)
 .text.activate_foreach_backend
                0x0000000000000c74       0x64 zephyr/libzephyr.a(log_core.c.obj)
 .text.enable_logger
                0x0000000000000cd8       0x5c zephyr/libzephyr.a(log_core.c.obj)
 .text.log_process_thread_timer_expiry_fn
                0x0000000000000d34        0xc zephyr/libzephyr.a(log_core.c.obj)
 .text.z_log_init
                0x0000000000000d40       0x98 zephyr/libzephyr.a(log_core.c.obj)
 .text.z_log_notify_backend_enabled
                0x0000000000000dd8       0x1c zephyr/libzephyr.a(log_core.c.obj)
                0x0000000000000dd8                z_log_notify_backend_enabled
 .text.z_log_dropped
                0x0000000000000df4       0x3c zephyr/libzephyr.a(log_core.c.obj)
                0x0000000000000df4                z_log_dropped
 .text.z_log_dropped_read_and_clear
                0x0000000000000e30       0x18 zephyr/libzephyr.a(log_core.c.obj)
                0x0000000000000e30                z_log_dropped_read_and_clear
 .text.dropped_notify
                0x0000000000000e48       0x30 zephyr/libzephyr.a(log_core.c.obj)
                0x0000000000000e48                dropped_notify
 .text.z_log_msg_init
                0x0000000000000e78       0x20 zephyr/libzephyr.a(log_core.c.obj)
                0x0000000000000e78                z_log_msg_init
 .text.log_core_init
                0x0000000000000e98       0x50 zephyr/libzephyr.a(log_core.c.obj)
                0x0000000000000e98                log_core_init
 .text.z_log_msg_alloc
                0x0000000000000ee8       0x10 zephyr/libzephyr.a(log_core.c.obj)
                0x0000000000000ee8                z_log_msg_alloc
 .text.z_log_msg_local_claim
                0x0000000000000ef8        0xc zephyr/libzephyr.a(log_core.c.obj)
                0x0000000000000ef8                z_log_msg_local_claim
 .text.z_log_msg_free
                0x0000000000000f04       0x10 zephyr/libzephyr.a(log_core.c.obj)
                0x0000000000000f04                z_log_msg_free
 .text.z_log_msg_pending
                0x0000000000000f14        0xc zephyr/libzephyr.a(log_core.c.obj)
                0x0000000000000f14                z_log_msg_pending
 .text.z_impl_log_process
                0x0000000000000f20       0xb8 zephyr/libzephyr.a(log_core.c.obj)
                0x0000000000000f20                z_impl_log_process
 .text.z_impl_log_panic
                0x0000000000000fd8       0x44 zephyr/libzephyr.a(log_core.c.obj)
                0x0000000000000fd8                z_impl_log_panic
 .text.log_process_thread_func
                0x000000000000101c       0xa4 zephyr/libzephyr.a(log_core.c.obj)
 .text.z_log_msg_post_finalize
                0x00000000000010c0       0x78 zephyr/libzephyr.a(log_core.c.obj)
 .text.z_log_msg_commit
                0x0000000000001138       0x24 zephyr/libzephyr.a(log_core.c.obj)
                0x0000000000001138                z_log_msg_commit
 .text.z_impl_z_log_msg_static_create
                0x000000000000115c      0x108 zephyr/libzephyr.a(log_msg.c.obj)
                0x000000000000115c                z_impl_z_log_msg_static_create
 .text.z_log_msg_runtime_vcreate
                0x0000000000001264       0xa0 zephyr/libzephyr.a(log_msg.c.obj)
                0x0000000000001264                z_log_msg_runtime_vcreate
 .text.mem_attr_get_regions
                0x0000000000001304        0xc zephyr/libzephyr.a(mem_attr.c.obj)
                0x0000000000001304                mem_attr_get_regions
 .text.boot_banner
                0x0000000000001310       0x1c zephyr/libzephyr.a(banner.c.obj)
                0x0000000000001310                boot_banner
 .text.nrf_cc3xx_platform_abort_init
                0x000000000000132c        0xc zephyr/libzephyr.a(nrf_cc3xx_platform_abort_zephyr.c.obj)
                0x000000000000132c                nrf_cc3xx_platform_abort_init
 .text.mutex_free_platform
                0x0000000000001338       0x54 zephyr/libzephyr.a(nrf_cc3xx_platform_mutex_zephyr.c.obj)
 .text.mutex_lock_platform
                0x000000000000138c       0x74 zephyr/libzephyr.a(nrf_cc3xx_platform_mutex_zephyr.c.obj)
 .text.mutex_unlock_platform
                0x0000000000001400       0x68 zephyr/libzephyr.a(nrf_cc3xx_platform_mutex_zephyr.c.obj)
 .text.mutex_init_platform
                0x0000000000001468       0x94 zephyr/libzephyr.a(nrf_cc3xx_platform_mutex_zephyr.c.obj)
 .text.nrf_cc3xx_platform_mutex_init
                0x00000000000014fc       0x2c zephyr/libzephyr.a(nrf_cc3xx_platform_mutex_zephyr.c.obj)
                0x00000000000014fc                nrf_cc3xx_platform_mutex_init
 .text.z_arm_fatal_error
                0x0000000000001528       0xb8 zephyr/arch/arch/arm/core/libarch__arm__core.a(fatal.c.obj)
                0x0000000000001528                z_arm_fatal_error
 .text.z_SysNmiOnReset
                0x00000000000015e0        0x8 zephyr/arch/arch/arm/core/libarch__arm__core.a(nmi_on_reset.S.obj)
                0x00000000000015e0                z_SysNmiOnReset
 .text.arch_tls_stack_setup
                0x00000000000015e8       0x40 zephyr/arch/arch/arm/core/libarch__arm__core.a(tls.c.obj)
                0x00000000000015e8                arch_tls_stack_setup
 .text._HandlerModeExit
                0x0000000000001628       0x20 zephyr/arch/arch/arm/core/cortex_m/libarch__arm__core__cortex_m.a(exc_exit.c.obj)
                0x0000000000001628                z_arm_int_exit
                0x0000000000001628                z_arm_exc_exit
 .text.mem_manage_fault.constprop.0
                0x0000000000001648       0xd0 zephyr/arch/arch/arm/core/cortex_m/libarch__arm__core__cortex_m.a(fault.c.obj)
 .text.usage_fault.constprop.0
                0x0000000000001718       0xbc zephyr/arch/arch/arm/core/cortex_m/libarch__arm__core__cortex_m.a(fault.c.obj)
 .text.bus_fault.constprop.0
                0x00000000000017d4       0xd0 zephyr/arch/arch/arm/core/cortex_m/libarch__arm__core__cortex_m.a(fault.c.obj)
 .text.z_arm_fault
                0x00000000000018a4      0x1d0 zephyr/arch/arch/arm/core/cortex_m/libarch__arm__core__cortex_m.a(fault.c.obj)
                0x00000000000018a4                z_arm_fault
 .text.z_arm_fault_init
                0x0000000000001a74       0x20 zephyr/arch/arch/arm/core/cortex_m/libarch__arm__core__cortex_m.a(fault.c.obj)
                0x0000000000001a74                z_arm_fault_init
 .text.__fault  0x0000000000001a94       0x14 zephyr/arch/arch/arm/core/cortex_m/libarch__arm__core__cortex_m.a(fault_s.S.obj)
                0x0000000000001a94                z_arm_usage_fault
                0x0000000000001a94                z_arm_mpu_fault
                0x0000000000001a94                z_arm_exc_spurious
                0x0000000000001a94                z_arm_debug_monitor
                0x0000000000001a94                z_arm_hard_fault
                0x0000000000001a94                z_arm_bus_fault
 .text._reset_section
                0x0000000000001aa8       0x60 zephyr/arch/arch/arm/core/cortex_m/libarch__arm__core__cortex_m.a(reset.S.obj)
                0x0000000000001aa8                __start
                0x0000000000001aa8                z_arm_reset
 .text.z_arm_clear_arm_mpu_config
                0x0000000000001b08       0x24 zephyr/arch/arch/arm/core/cortex_m/libarch__arm__core__cortex_m.a(scb.c.obj)
                0x0000000000001b08                z_arm_clear_arm_mpu_config
 .text.z_arm_init_arch_hw_at_boot
                0x0000000000001b2c       0x4c zephyr/arch/arch/arm/core/cortex_m/libarch__arm__core__cortex_m.a(scb.c.obj)
                0x0000000000001b2c                z_arm_init_arch_hw_at_boot
 .text.z_impl_k_thread_abort
                0x0000000000001b78       0x2c zephyr/arch/arch/arm/core/cortex_m/libarch__arm__core__cortex_m.a(thread_abort.c.obj)
                0x0000000000001b78                z_impl_k_thread_abort
 .text.z_arm_pendsv
                0x0000000000001ba4       0x60 zephyr/arch/arch/arm/core/cortex_m/libarch__arm__core__cortex_m.a(swap_helper.S.obj)
                0x0000000000001ba4                z_arm_pendsv
 .text.z_arm_svc
                0x0000000000001c04       0x24 zephyr/arch/arch/arm/core/cortex_m/libarch__arm__core__cortex_m.a(swap_helper.S.obj)
                0x0000000000001c04                z_arm_svc
 .text.arm_irq_enable
                0x0000000000001c28       0x1c zephyr/arch/arch/arm/core/cortex_m/libarch__arm__core__cortex_m.a(irq_manage.c.obj)
                0x0000000000001c28                arm_irq_enable
 .text.arm_irq_is_enabled
                0x0000000000001c44       0x1c zephyr/arch/arch/arm/core/cortex_m/libarch__arm__core__cortex_m.a(irq_manage.c.obj)
                0x0000000000001c44                arm_irq_is_enabled
 .text.arm_irq_priority_set
                0x0000000000001c60       0x2c zephyr/arch/arch/arm/core/cortex_m/libarch__arm__core__cortex_m.a(irq_manage.c.obj)
                0x0000000000001c60                arm_irq_priority_set
 .text.relocate_vector_table
                0x0000000000001c8c       0x1c zephyr/arch/arch/arm/core/cortex_m/libarch__arm__core__cortex_m.a(prep_c.c.obj)
                0x0000000000001c8c                relocate_vector_table
 .text.z_prep_c
                0x0000000000001ca8       0x28 zephyr/arch/arch/arm/core/cortex_m/libarch__arm__core__cortex_m.a(prep_c.c.obj)
                0x0000000000001ca8                z_prep_c
 .text.arch_new_thread
                0x0000000000001cd0       0x38 zephyr/arch/arch/arm/core/cortex_m/libarch__arm__core__cortex_m.a(thread.c.obj)
                0x0000000000001cd0                arch_new_thread
 .text.arch_switch_to_main_thread
                0x0000000000001d08       0x40 zephyr/arch/arch/arm/core/cortex_m/libarch__arm__core__cortex_m.a(thread.c.obj)
                0x0000000000001d08                arch_switch_to_main_thread
 .text.z_arm_cpu_idle_init
                0x0000000000001d48        0xc zephyr/arch/arch/arm/core/cortex_m/libarch__arm__core__cortex_m.a(cpu_idle.c.obj)
                0x0000000000001d48                z_arm_cpu_idle_init
 .text.z_arm_interrupt_init
                0x0000000000001d54       0x18 zephyr/arch/arch/arm/core/cortex_m/libarch__arm__core__cortex_m.a(irq_init.c.obj)
                0x0000000000001d54                z_arm_interrupt_init
 .text._isr_wrapper
                0x0000000000001d6c       0x24 zephyr/arch/arch/arm/core/cortex_m/libarch__arm__core__cortex_m.a(isr_wrapper.c.obj)
                0x0000000000001d6c                _isr_wrapper
 .text.z_arm_configure_static_mpu_regions
                0x0000000000001d90       0x38 zephyr/arch/arch/arm/core/mpu/libarch__arm__core__mpu.a(arm_core_mpu.c.obj)
                0x0000000000001d90                z_arm_configure_static_mpu_regions
 .text.region_init
                0x0000000000001dc8       0x78 zephyr/arch/arch/arm/core/mpu/libarch__arm__core__mpu.a(arm_mpu.c.obj)
 .text.region_allocate_and_init
                0x0000000000001e40       0x70 zephyr/arch/arch/arm/core/mpu/libarch__arm__core__mpu.a(arm_mpu.c.obj)
 .text.mpu_configure_region
                0x0000000000001eb0       0x6c zephyr/arch/arch/arm/core/mpu/libarch__arm__core__mpu.a(arm_mpu.c.obj)
 .text.mpu_configure_regions_and_partition.constprop.0
                0x0000000000001f1c      0x164 zephyr/arch/arch/arm/core/mpu/libarch__arm__core__mpu.a(arm_mpu.c.obj)
 .text.arm_core_mpu_enable
                0x0000000000002080       0x18 zephyr/arch/arch/arm/core/mpu/libarch__arm__core__mpu.a(arm_mpu.c.obj)
                0x0000000000002080                arm_core_mpu_enable
 .text.arm_core_mpu_disable
                0x0000000000002098       0x14 zephyr/arch/arch/arm/core/mpu/libarch__arm__core__mpu.a(arm_mpu.c.obj)
                0x0000000000002098                arm_core_mpu_disable
 .text.arm_core_mpu_configure_static_mpu_regions
                0x00000000000020ac       0x14 zephyr/arch/arch/arm/core/mpu/libarch__arm__core__mpu.a(arm_mpu.c.obj)
                0x00000000000020ac                arm_core_mpu_configure_static_mpu_regions
 .text.arm_core_mpu_mark_areas_for_dynamic_regions
                0x00000000000020c0       0xb8 zephyr/arch/arch/arm/core/mpu/libarch__arm__core__mpu.a(arm_mpu.c.obj)
                0x00000000000020c0                arm_core_mpu_mark_areas_for_dynamic_regions
 .text.z_arm_mpu_init
                0x0000000000002178      0x164 zephyr/arch/arch/arm/core/mpu/libarch__arm__core__mpu.a(arm_mpu.c.obj)
                0x0000000000002178                z_arm_mpu_init
 .text.malloc_prepare
                0x00000000000022dc       0x24 zephyr/lib/libc/common/liblib__libc__common.a(malloc.c.obj)
 .text.nrf_gpio_pin_control_select.constprop.0
                0x0000000000002300       0x1c zephyr/soc/soc/nrf5340/libsoc__nordic.a(soc.c.obj)
 .text.z_arm_on_enter_cpu_idle
                0x000000000000231c       0xac zephyr/soc/soc/nrf5340/libsoc__nordic.a(soc.c.obj)
                0x000000000000231c                z_arm_on_enter_cpu_idle
 .text.soc_early_init_hook
                0x00000000000023c8       0x3c zephyr/soc/soc/nrf5340/libsoc__nordic.a(soc.c.obj)
                0x00000000000023c8                soc_early_init_hook
 .text.soc_late_init_hook
                0x0000000000002404       0x58 zephyr/soc/soc/nrf5340/libsoc__nordic.a(soc.c.obj)
                0x0000000000002404                soc_late_init_hook
 .text.arch_busy_wait
                0x000000000000245c       0x24 zephyr/soc/soc/nrf5340/libsoc__nordic.a(soc.c.obj)
                0x000000000000245c                arch_busy_wait
 .text.assign_pins
                0x0000000000002480       0x54 zephyr/soc/soc/nrf5340/libsoc__nordic.a(nrf53_cpunet_mgmt.c.obj)
 .text.onoff_start
                0x00000000000024d4       0x70 zephyr/soc/soc/nrf5340/libsoc__nordic.a(nrf53_cpunet_mgmt.c.obj)
 .text.nrf53_cpunet_mgmt_init
                0x0000000000002544       0x10 zephyr/soc/soc/nrf5340/libsoc__nordic.a(nrf53_cpunet_mgmt.c.obj)
                0x0000000000002544                nrf53_cpunet_mgmt_init
 .text.onoff_stop
                0x0000000000002554       0x30 zephyr/drivers/clock_control/libdrivers__clock_control.a(clock_control_nrf.c.obj)
 .text.onoff_start
                0x0000000000002584       0x44 zephyr/drivers/clock_control/libdrivers__clock_control.a(clock_control_nrf.c.obj)
 .text.generic_hfclk_stop
                0x00000000000025c8       0x34 zephyr/drivers/clock_control/libdrivers__clock_control.a(clock_control_nrf.c.obj)
 .text.clk_init
                0x00000000000025fc       0x64 zephyr/drivers/clock_control/libdrivers__clock_control.a(clock_control_nrf.c.obj)
 .text.api_blocking_start
                0x0000000000002660       0x34 zephyr/drivers/clock_control/libdrivers__clock_control.a(clock_control_nrf.c.obj)
 .text.clkstarted_handle.constprop.0
                0x0000000000002694       0x94 zephyr/drivers/clock_control/libdrivers__clock_control.a(clock_control_nrf.c.obj)
 .text.generic_hfclk_start
                0x0000000000002728       0x78 zephyr/drivers/clock_control/libdrivers__clock_control.a(clock_control_nrf.c.obj)
 .text.clock_event_handler
                0x00000000000027a0       0x34 zephyr/drivers/clock_control/libdrivers__clock_control.a(clock_control_nrf.c.obj)
 .text.z_nrf_clock_control_lf_on
                0x00000000000027d4       0xf8 zephyr/drivers/clock_control/libdrivers__clock_control.a(clock_control_nrf.c.obj)
                0x00000000000027d4                z_nrf_clock_control_lf_on
 .text.gpio_nrfx_pin_interrupt_configure
                0x00000000000028cc      0x120 zephyr/drivers/gpio/libdrivers__gpio.a(gpio_nrfx.c.obj)
 .text.nrfx_gpio_handler
                0x00000000000029ec       0x4c zephyr/drivers/gpio/libdrivers__gpio.a(gpio_nrfx.c.obj)
 .text.gpio_nrfx_init
                0x0000000000002a38       0x48 zephyr/drivers/gpio/libdrivers__gpio.a(gpio_nrfx.c.obj)
 .text.gpio_nrfx_pin_configure
                0x0000000000002a80      0x18c zephyr/drivers/gpio/libdrivers__gpio.a(gpio_nrfx.c.obj)
 .text.nrf_gpio_pin_port_decode
                0x0000000000002c0c       0x24 zephyr/drivers/pinctrl/libdrivers__pinctrl.a(pinctrl_nrf.c.obj)
 .text.pinctrl_configure_pins
                0x0000000000002c30      0x1a0 zephyr/drivers/pinctrl/libdrivers__pinctrl.a(pinctrl_nrf.c.obj)
                0x0000000000002c30                pinctrl_configure_pins
 .text.uarte_nrfx_poll_out
                0x0000000000002dd0       0xac zephyr/drivers/serial/libdrivers__serial.a(uart_nrfx_uarte.c.obj)
 .text.uarte_2_init
                0x0000000000002e7c       0xfc zephyr/drivers/serial/libdrivers__serial.a(uart_nrfx_uarte.c.obj)
 .text.compare_int_lock
                0x0000000000002f78       0x40 zephyr/drivers/timer/libdrivers__timer.a(nrf_rtc_timer.c.obj)
 .text.sys_clock_timeout_handler
                0x0000000000002fb8       0x48 zephyr/drivers/timer/libdrivers__timer.a(nrf_rtc_timer.c.obj)
 .text.compare_int_unlock
                0x0000000000003000       0x4c zephyr/drivers/timer/libdrivers__timer.a(nrf_rtc_timer.c.obj)
 .text.z_nrf_rtc_timer_read
                0x000000000000304c       0x44 zephyr/drivers/timer/libdrivers__timer.a(nrf_rtc_timer.c.obj)
                0x000000000000304c                z_nrf_rtc_timer_read
 .text.compare_set
                0x0000000000003090      0x124 zephyr/drivers/timer/libdrivers__timer.a(nrf_rtc_timer.c.obj)
 .text.sys_clock_driver_init
                0x00000000000031b4       0x90 zephyr/drivers/timer/libdrivers__timer.a(nrf_rtc_timer.c.obj)
 .text.rtc_nrf_isr
                0x0000000000003244       0xd0 zephyr/drivers/timer/libdrivers__timer.a(nrf_rtc_timer.c.obj)
                0x0000000000003244                rtc_nrf_isr
 .text.sys_clock_set_timeout
                0x0000000000003314       0x5c zephyr/drivers/timer/libdrivers__timer.a(nrf_rtc_timer.c.obj)
                0x0000000000003314                sys_clock_set_timeout
 .text.sys_clock_elapsed
                0x0000000000003370       0x14 zephyr/drivers/timer/libdrivers__timer.a(nrf_rtc_timer.c.obj)
                0x0000000000003370                sys_clock_elapsed
 .text.nrf53_errata_42
                0x0000000000003384       0x24 modules/hal_nordic/modules/hal_nordic/nrfx/libmodules__hal_nordic__nrfx.a(system_nrf5340_application.c.obj)
 .text.SystemInit
                0x00000000000033a8      0x1c4 modules/hal_nordic/modules/hal_nordic/nrfx/libmodules__hal_nordic__nrfx.a(system_nrf5340_application.c.obj)
                0x00000000000033a8                SystemInit
 .text.nrfx_flag32_alloc
                0x000000000000356c       0x40 modules/hal_nordic/modules/hal_nordic/nrfx/libmodules__hal_nordic__nrfx.a(nrfx_flag32_allocator.c.obj)
                0x000000000000356c                nrfx_flag32_alloc
 .text.nrfx_flag32_free
                0x00000000000035ac       0x38 modules/hal_nordic/modules/hal_nordic/nrfx/libmodules__hal_nordic__nrfx.a(nrfx_flag32_allocator.c.obj)
                0x00000000000035ac                nrfx_flag32_free
 .text.nrfx_gppi_channels_enable
                0x00000000000035e4        0xc modules/hal_nordic/modules/hal_nordic/nrfx/libmodules__hal_nordic__nrfx.a(nrfx_gppi_dppi.c.obj)
                0x00000000000035e4                nrfx_gppi_channels_enable
 .text.nrfx_gppi_channel_alloc
                0x00000000000035f0        0xc modules/hal_nordic/modules/hal_nordic/nrfx/libmodules__hal_nordic__nrfx.a(nrfx_gppi_dppi.c.obj)
                0x00000000000035f0                nrfx_gppi_channel_alloc
 .text.clock_stop
                0x00000000000035fc       0xf4 modules/hal_nordic/modules/hal_nordic/nrfx/libmodules__hal_nordic__nrfx.a(nrfx_clock.c.obj)
 .text.nrfx_clock_init
                0x00000000000036f0       0x20 modules/hal_nordic/modules/hal_nordic/nrfx/libmodules__hal_nordic__nrfx.a(nrfx_clock.c.obj)
                0x00000000000036f0                nrfx_clock_init
 .text.nrfx_clock_enable
                0x0000000000003710       0x30 modules/hal_nordic/modules/hal_nordic/nrfx/libmodules__hal_nordic__nrfx.a(nrfx_clock.c.obj)
                0x0000000000003710                nrfx_clock_enable
 .text.nrfx_clock_start
                0x0000000000003740       0xd0 modules/hal_nordic/modules/hal_nordic/nrfx/libmodules__hal_nordic__nrfx.a(nrfx_clock.c.obj)
                0x0000000000003740                nrfx_clock_start
 .text.nrfx_power_clock_irq_handler
                0x0000000000003810       0x70 modules/hal_nordic/modules/hal_nordic/nrfx/libmodules__hal_nordic__nrfx.a(nrfx_clock.c.obj)
                0x0000000000003810                nrfx_power_clock_irq_handler
 .text.nrfx_dppi_channel_alloc
                0x0000000000003880       0x10 modules/hal_nordic/modules/hal_nordic/nrfx/libmodules__hal_nordic__nrfx.a(nrfx_dppi.c.obj)
                0x0000000000003880                nrfx_dppi_channel_alloc
 .text.nrf_gpio_pin_port_decode
                0x0000000000003890       0x24 modules/hal_nordic/modules/hal_nordic/nrfx/libmodules__hal_nordic__nrfx.a(nrfx_gpiote.c.obj)
 .text.get_pin_idx
                0x00000000000038b4       0x14 modules/hal_nordic/modules/hal_nordic/nrfx/libmodules__hal_nordic__nrfx.a(nrfx_gpiote.c.obj)
 .text.call_handler.constprop.0
                0x00000000000038c8       0x40 modules/hal_nordic/modules/hal_nordic/nrfx/libmodules__hal_nordic__nrfx.a(nrfx_gpiote.c.obj)
 .text.pin_te_get.constprop.0
                0x0000000000003908       0x18 modules/hal_nordic/modules/hal_nordic/nrfx/libmodules__hal_nordic__nrfx.a(nrfx_gpiote.c.obj)
 .text.pin_is_output.constprop.0
                0x0000000000003920       0x18 modules/hal_nordic/modules/hal_nordic/nrfx/libmodules__hal_nordic__nrfx.a(nrfx_gpiote.c.obj)
 .text.pin_in_use_by_te.constprop.0
                0x0000000000003938       0x18 modules/hal_nordic/modules/hal_nordic/nrfx/libmodules__hal_nordic__nrfx.a(nrfx_gpiote.c.obj)
 .text.latch_pending_read_and_check
                0x0000000000003950       0x3c modules/hal_nordic/modules/hal_nordic/nrfx/libmodules__hal_nordic__nrfx.a(nrfx_gpiote.c.obj)
 .text.release_handler.isra.0
                0x000000000000398c       0x58 modules/hal_nordic/modules/hal_nordic/nrfx/libmodules__hal_nordic__nrfx.a(nrfx_gpiote.c.obj)
 .text.__nrfy_internal_gpiote_events_process.constprop.0
                0x00000000000039e4       0x5c modules/hal_nordic/modules/hal_nordic/nrfx/libmodules__hal_nordic__nrfx.a(nrfx_gpiote.c.obj)
 .text.pin_uninit
                0x0000000000003a40       0x84 modules/hal_nordic/modules/hal_nordic/nrfx/libmodules__hal_nordic__nrfx.a(nrfx_gpiote.c.obj)
 .text.nrfx_gpiote_input_configure
                0x0000000000003ac4      0x180 modules/hal_nordic/modules/hal_nordic/nrfx/libmodules__hal_nordic__nrfx.a(nrfx_gpiote.c.obj)
                0x0000000000003ac4                nrfx_gpiote_input_configure
 .text.nrfx_gpiote_output_configure
                0x0000000000003c44      0x104 modules/hal_nordic/modules/hal_nordic/nrfx/libmodules__hal_nordic__nrfx.a(nrfx_gpiote.c.obj)
                0x0000000000003c44                nrfx_gpiote_output_configure
 .text.nrfx_gpiote_global_callback_set
                0x0000000000003d48        0xc modules/hal_nordic/modules/hal_nordic/nrfx/libmodules__hal_nordic__nrfx.a(nrfx_gpiote.c.obj)
                0x0000000000003d48                nrfx_gpiote_global_callback_set
 .text.nrfx_gpiote_channel_get
                0x0000000000003d54       0x34 modules/hal_nordic/modules/hal_nordic/nrfx/libmodules__hal_nordic__nrfx.a(nrfx_gpiote.c.obj)
                0x0000000000003d54                nrfx_gpiote_channel_get
 .text.nrfx_gpiote_init
                0x0000000000003d88       0x48 modules/hal_nordic/modules/hal_nordic/nrfx/libmodules__hal_nordic__nrfx.a(nrfx_gpiote.c.obj)
                0x0000000000003d88                nrfx_gpiote_init
 .text.nrfx_gpiote_init_check
                0x0000000000003dd0       0x14 modules/hal_nordic/modules/hal_nordic/nrfx/libmodules__hal_nordic__nrfx.a(nrfx_gpiote.c.obj)
                0x0000000000003dd0                nrfx_gpiote_init_check
 .text.nrfx_gpiote_channel_free
                0x0000000000003de4       0x10 modules/hal_nordic/modules/hal_nordic/nrfx/libmodules__hal_nordic__nrfx.a(nrfx_gpiote.c.obj)
                0x0000000000003de4                nrfx_gpiote_channel_free
 .text.nrfx_gpiote_channel_alloc
                0x0000000000003df4       0x10 modules/hal_nordic/modules/hal_nordic/nrfx/libmodules__hal_nordic__nrfx.a(nrfx_gpiote.c.obj)
                0x0000000000003df4                nrfx_gpiote_channel_alloc
 .text.nrfx_gpiote_trigger_enable
                0x0000000000003e04       0xa8 modules/hal_nordic/modules/hal_nordic/nrfx/libmodules__hal_nordic__nrfx.a(nrfx_gpiote.c.obj)
                0x0000000000003e04                nrfx_gpiote_trigger_enable
 .text.nrfx_gpiote_0_irq_handler
                0x0000000000003eac      0x1a8 modules/hal_nordic/modules/hal_nordic/nrfx/libmodules__hal_nordic__nrfx.a(nrfx_gpiote.c.obj)
                0x0000000000003eac                nrfx_gpiote_0_irq_handler
 .text.k_sys_fatal_error_handler
                0x0000000000004054       0x20 zephyr/kernel/libkernel.a(fatal.c.obj)
                0x0000000000004054                k_sys_fatal_error_handler
 .text.z_fatal_error
                0x0000000000004074       0xe8 zephyr/kernel/libkernel.a(fatal.c.obj)
                0x0000000000004074                z_fatal_error
 .text.z_sys_init_run_level
                0x000000000000415c       0x30 zephyr/kernel/libkernel.a(init.c.obj)
 .text.bg_thread_main
                0x000000000000418c       0xc4 zephyr/kernel/libkernel.a(init.c.obj)
 .text.z_bss_zero
                0x0000000000004250       0x18 zephyr/kernel/libkernel.a(init.c.obj)
                0x0000000000004250                z_bss_zero
 .text.z_init_cpu
                0x0000000000004268       0x68 zephyr/kernel/libkernel.a(init.c.obj)
                0x0000000000004268                z_init_cpu
 .text.z_cstart
                0x00000000000042d0       0xd8 zephyr/kernel/libkernel.a(init.c.obj)
                0x00000000000042d0                z_cstart
 .text.init_mem_slab_obj_core_list
                0x00000000000043a8       0x24 zephyr/kernel/libkernel.a(mem_slab.c.obj)
 .text.k_mem_slab_alloc
                0x00000000000043cc       0x5c zephyr/kernel/libkernel.a(mem_slab.c.obj)
                0x00000000000043cc                k_mem_slab_alloc
 .text.z_impl_k_msgq_put
                0x0000000000004428       0xb0 zephyr/kernel/libkernel.a(msg_q.c.obj)
                0x0000000000004428                z_impl_k_msgq_put
 .text.z_impl_k_msgq_get
                0x00000000000044d8       0xc4 zephyr/kernel/libkernel.a(msg_q.c.obj)
                0x00000000000044d8                z_impl_k_msgq_get
 .text.adjust_owner_prio
                0x000000000000459c       0x6c zephyr/kernel/libkernel.a(mutex.c.obj)
 .text.z_impl_k_mutex_lock
                0x0000000000004608      0x224 zephyr/kernel/libkernel.a(mutex.c.obj)
                0x0000000000004608                z_impl_k_mutex_lock
 .text.z_impl_k_mutex_unlock
                0x000000000000482c      0x114 zephyr/kernel/libkernel.a(mutex.c.obj)
                0x000000000000482c                z_impl_k_mutex_unlock
 .text.z_impl_k_sem_give
                0x0000000000004940       0x68 zephyr/kernel/libkernel.a(sem.c.obj)
                0x0000000000004940                z_impl_k_sem_give
 .text.z_impl_k_sem_take
                0x00000000000049a8       0x4c zephyr/kernel/libkernel.a(sem.c.obj)
                0x00000000000049a8                z_impl_k_sem_take
 .text.z_setup_new_thread
                0x00000000000049f4       0xc4 zephyr/kernel/libkernel.a(thread.c.obj)
                0x00000000000049f4                z_setup_new_thread
 .text.z_impl_k_thread_create
                0x0000000000004ab8       0x58 zephyr/kernel/libkernel.a(thread.c.obj)
                0x0000000000004ab8                z_impl_k_thread_create
 .text.z_dummy_thread_init
                0x0000000000004b10       0x18 zephyr/kernel/libkernel.a(thread.c.obj)
                0x0000000000004b10                z_dummy_thread_init
 .text.z_swap_irqlock
                0x0000000000004b28       0x30 zephyr/kernel/libkernel.a(sched.c.obj)
 .text.ready_thread
                0x0000000000004b58       0x84 zephyr/kernel/libkernel.a(sched.c.obj)
 .text.unready_thread
                0x0000000000004bdc       0x54 zephyr/kernel/libkernel.a(sched.c.obj)
 .text.add_thread_timeout
                0x0000000000004c30       0x1c zephyr/kernel/libkernel.a(sched.c.obj)
 .text.move_thread_to_end_of_prio_q
                0x0000000000004c4c       0x90 zephyr/kernel/libkernel.a(sched.c.obj)
                0x0000000000004c4c                move_thread_to_end_of_prio_q
 .text.z_pend_curr
                0x0000000000004cdc       0x44 zephyr/kernel/libkernel.a(sched.c.obj)
                0x0000000000004cdc                z_pend_curr
 .text.z_thread_prio_set
                0x0000000000004d20       0xe4 zephyr/kernel/libkernel.a(sched.c.obj)
                0x0000000000004d20                z_thread_prio_set
 .text.z_reschedule
                0x0000000000004e04       0x24 zephyr/kernel/libkernel.a(sched.c.obj)
                0x0000000000004e04                z_reschedule
 .text.z_reschedule_irqlock
                0x0000000000004e28       0x28 zephyr/kernel/libkernel.a(sched.c.obj)
                0x0000000000004e28                z_reschedule_irqlock
 .text.k_sched_lock
                0x0000000000004e50       0x28 zephyr/kernel/libkernel.a(sched.c.obj)
                0x0000000000004e50                k_sched_lock
 .text.k_sched_unlock
                0x0000000000004e78       0xa0 zephyr/kernel/libkernel.a(sched.c.obj)
                0x0000000000004e78                k_sched_unlock
 .text.z_sched_init
                0x0000000000004f18       0x10 zephyr/kernel/libkernel.a(sched.c.obj)
                0x0000000000004f18                z_sched_init
 .text.z_impl_k_yield
                0x0000000000004f28       0x88 zephyr/kernel/libkernel.a(sched.c.obj)
                0x0000000000004f28                z_impl_k_yield
 .text.z_tick_sleep
                0x0000000000004fb0       0xb4 zephyr/kernel/libkernel.a(sched.c.obj)
 .text.z_impl_k_wakeup
                0x0000000000005064       0x48 zephyr/kernel/libkernel.a(sched.c.obj)
                0x0000000000005064                z_impl_k_wakeup
 .text.z_impl_k_sched_current_thread_query
                0x00000000000050ac        0xc zephyr/kernel/libkernel.a(sched.c.obj)
                0x00000000000050ac                z_impl_k_sched_current_thread_query
 .text.z_thread_abort
                0x00000000000050b8      0x138 zephyr/kernel/libkernel.a(sched.c.obj)
                0x00000000000050b8                z_thread_abort
 .text.slice_timeout
                0x00000000000051f0       0x20 zephyr/kernel/libkernel.a(timeslicing.c.obj)
 .text.thread_is_sliceable
                0x0000000000005210       0x3c zephyr/kernel/libkernel.a(timeslicing.c.obj)
                0x0000000000005210                thread_is_sliceable
 .text.z_reset_time_slice
                0x000000000000524c       0x50 zephyr/kernel/libkernel.a(timeslicing.c.obj)
                0x000000000000524c                z_reset_time_slice
 .text.z_time_slice
                0x000000000000529c       0x60 zephyr/kernel/libkernel.a(timeslicing.c.obj)
                0x000000000000529c                z_time_slice
 .text.z_data_copy
                0x00000000000052fc       0x38 zephyr/kernel/libkernel.a(xip.c.obj)
                0x00000000000052fc                z_data_copy
 .text.first    0x0000000000005334       0x10 zephyr/kernel/libkernel.a(timeout.c.obj)
 .text.elapsed  0x0000000000005344       0x14 zephyr/kernel/libkernel.a(timeout.c.obj)
 .text.remove_timeout
                0x0000000000005358       0x38 zephyr/kernel/libkernel.a(timeout.c.obj)
 .text.z_add_timeout
                0x0000000000005390      0x124 zephyr/kernel/libkernel.a(timeout.c.obj)
                0x0000000000005390                z_add_timeout
 .text.sys_clock_announce
                0x00000000000054b4       0xbc zephyr/kernel/libkernel.a(timeout.c.obj)
                0x00000000000054b4                sys_clock_announce
 .text.sys_clock_tick_get
                0x0000000000005570       0x30 zephyr/kernel/libkernel.a(timeout.c.obj)
                0x0000000000005570                sys_clock_tick_get
 .text.z_timer_expiration_handler
                0x00000000000055a0       0xe0 zephyr/kernel/libkernel.a(timer.c.obj)
                0x00000000000055a0                z_timer_expiration_handler
 .text.z_impl_k_timer_start
                0x0000000000005680       0x74 zephyr/kernel/libkernel.a(timer.c.obj)
                0x0000000000005680                z_impl_k_timer_start
 .text.statics_init
                0x00000000000056f4       0x24 zephyr/kernel/libkernel.a(kheap.c.obj)
 .text.nrf_cc3xx_platform_init_no_rng
                0x0000000000005718       0x38 C:/ncs/v3.1.1/nrfxlib/crypto/nrf_cc312_platform/lib/cortex-m33/soft-float/no-interrupts/libnrf_cc312_platform_0.9.19.a(nrf_cc3xx_platform.c.obj)
                0x0000000000005718                nrf_cc3xx_platform_init_no_rng
 .text.nrf_cc3xx_platform_abort
                0x0000000000005750       0x24 C:/ncs/v3.1.1/nrfxlib/crypto/nrf_cc312_platform/lib/cortex-m33/soft-float/no-interrupts/libnrf_cc312_platform_0.9.19.a(nrf_cc3xx_platform_abort.c.obj)
 .text.CC_PalAbort
                0x0000000000005774       0x44 C:/ncs/v3.1.1/nrfxlib/crypto/nrf_cc312_platform/lib/cortex-m33/soft-float/no-interrupts/libnrf_cc312_platform_0.9.19.a(nrf_cc3xx_platform_abort.c.obj)
                0x0000000000005774                CC_PalAbort
 .text.nrf_cc3xx_platform_set_abort
                0x00000000000057b8       0x10 C:/ncs/v3.1.1/nrfxlib/crypto/nrf_cc312_platform/lib/cortex-m33/soft-float/no-interrupts/libnrf_cc312_platform_0.9.19.a(nrf_cc3xx_platform_abort.c.obj)
                0x00000000000057b8                nrf_cc3xx_platform_set_abort
 .text.mutex_free
                0x00000000000057c8       0x34 C:/ncs/v3.1.1/nrfxlib/crypto/nrf_cc312_platform/lib/cortex-m33/soft-float/no-interrupts/libnrf_cc312_platform_0.9.19.a(nrf_cc3xx_platform_mutex.c.obj)
 .text.mutex_lock
                0x00000000000057fc       0x48 C:/ncs/v3.1.1/nrfxlib/crypto/nrf_cc312_platform/lib/cortex-m33/soft-float/no-interrupts/libnrf_cc312_platform_0.9.19.a(nrf_cc3xx_platform_mutex.c.obj)
 .text.mutex_unlock
                0x0000000000005844       0x38 C:/ncs/v3.1.1/nrfxlib/crypto/nrf_cc312_platform/lib/cortex-m33/soft-float/no-interrupts/libnrf_cc312_platform_0.9.19.a(nrf_cc3xx_platform_mutex.c.obj)
 .text.mutex_init
                0x000000000000587c       0x20 C:/ncs/v3.1.1/nrfxlib/crypto/nrf_cc312_platform/lib/cortex-m33/soft-float/no-interrupts/libnrf_cc312_platform_0.9.19.a(nrf_cc3xx_platform_mutex.c.obj)
 .text.nrf_cc3xx_platform_set_mutexes
                0x000000000000589c       0x78 C:/ncs/v3.1.1/nrfxlib/crypto/nrf_cc312_platform/lib/cortex-m33/soft-float/no-interrupts/libnrf_cc312_platform_0.9.19.a(nrf_cc3xx_platform_mutex.c.obj)
                0x000000000000589c                nrf_cc3xx_platform_set_mutexes
 .text.CC_LibInitNoRng
                0x0000000000005914       0x28 C:/ncs/v3.1.1/nrfxlib/crypto/nrf_cc312_platform/lib/cortex-m33/soft-float/no-interrupts/libnrf_cc312_platform_0.9.19.a(cc_lib.c.obj)
                0x0000000000005914                CC_LibInitNoRng
 .text.CC_HalInit
                0x000000000000593c        0x4 C:/ncs/v3.1.1/nrfxlib/crypto/nrf_cc312_platform/lib/cortex-m33/soft-float/no-interrupts/libnrf_cc312_platform_0.9.19.a(cc_hal.c.obj)
                0x000000000000593c                CC_HalInit
 .text.CC_PalInit
                0x0000000000005940       0x5c C:/ncs/v3.1.1/nrfxlib/crypto/nrf_cc312_platform/lib/cortex-m33/soft-float/no-interrupts/libnrf_cc312_platform_0.9.19.a(cc_pal.c.obj)
                0x0000000000005940                CC_PalInit
 .text.CC_PalTerminate
                0x000000000000599c       0x34 C:/ncs/v3.1.1/nrfxlib/crypto/nrf_cc312_platform/lib/cortex-m33/soft-float/no-interrupts/libnrf_cc312_platform_0.9.19.a(cc_pal.c.obj)
                0x000000000000599c                CC_PalTerminate
 .text.CC_PalDmaInit
                0x00000000000059d0        0x4 C:/ncs/v3.1.1/nrfxlib/crypto/nrf_cc312_platform/lib/cortex-m33/soft-float/no-interrupts/libnrf_cc312_platform_0.9.19.a(cc_pal_dma.c.obj)
                0x00000000000059d0                CC_PalDmaInit
 .text.CC_PalDmaTerminate
                0x00000000000059d4        0x4 C:/ncs/v3.1.1/nrfxlib/crypto/nrf_cc312_platform/lib/cortex-m33/soft-float/no-interrupts/libnrf_cc312_platform_0.9.19.a(cc_pal_dma.c.obj)
                0x00000000000059d4                CC_PalDmaTerminate
 .text.CC_PalMutexCreate
                0x00000000000059d8       0x14 C:/ncs/v3.1.1/nrfxlib/crypto/nrf_cc312_platform/lib/cortex-m33/soft-float/no-interrupts/libnrf_cc312_platform_0.9.19.a(cc_pal_mutex.c.obj)
                0x00000000000059d8                CC_PalMutexCreate
 .text.CC_PalMutexDestroy
                0x00000000000059ec       0x14 C:/ncs/v3.1.1/nrfxlib/crypto/nrf_cc312_platform/lib/cortex-m33/soft-float/no-interrupts/libnrf_cc312_platform_0.9.19.a(cc_pal_mutex.c.obj)
                0x00000000000059ec                CC_PalMutexDestroy
 .text.CC_PalPowerSaveModeInit
                0x0000000000005a00       0x3c C:/ncs/v3.1.1/nrfxlib/crypto/nrf_cc312_platform/lib/cortex-m33/soft-float/no-interrupts/libnrf_cc312_platform_0.9.19.a(cc_pal_pm.c.obj)
                0x0000000000005a00                CC_PalPowerSaveModeInit
 .text._OffsetAbsSyms
                0x0000000000005a3c        0x2 zephyr/CMakeFiles/offsets.dir/./arch/arm/core/offsets/offsets.c.obj
                0x0000000000005a3c                _OffsetAbsSyms
 .text.chunk_field
                0x0000000000005a3e       0x16 zephyr/libzephyr.a(heap.c.obj)
 .text.chunk_set
                0x0000000000005a54       0x16 zephyr/libzephyr.a(heap.c.obj)
 .text.chunk_size
                0x0000000000005a6a        0xc zephyr/libzephyr.a(heap.c.obj)
 .text.set_chunk_used
                0x0000000000005a76       0x30 zephyr/libzephyr.a(heap.c.obj)
 .text.set_chunk_size
                0x0000000000005aa6        0x8 zephyr/libzephyr.a(heap.c.obj)
 .text.bucket_idx.isra.0
                0x0000000000005aae       0x1c zephyr/libzephyr.a(heap.c.obj)
 .text.free_list_add
                0x0000000000005aca       0x84 zephyr/libzephyr.a(heap.c.obj)
 .text.sys_heap_init
                0x0000000000005b4e       0xb0 zephyr/libzephyr.a(heap.c.obj)
                0x0000000000005b4e                sys_heap_init
 .text.is_ptr   0x0000000000005bfe       0x4a zephyr/libzephyr.a(cbprintf_packaged.c.obj)
                0x0000000000005bfe                is_ptr
 .text.printk   0x0000000000005c48       0x1a zephyr/libzephyr.a(printk.c.obj)
                0x0000000000005c48                printk
 .text.free_space
                0x0000000000005c62       0x26 zephyr/libzephyr.a(mpsc_pbuf.c.obj)
 .text.get_usage
                0x0000000000005c88       0x22 zephyr/libzephyr.a(mpsc_pbuf.c.obj)
 .text.idx_inc  0x0000000000005caa       0x1c zephyr/libzephyr.a(mpsc_pbuf.c.obj)
 .text.rd_idx_inc
                0x0000000000005cc6       0x18 zephyr/libzephyr.a(mpsc_pbuf.c.obj)
 .text.add_skip_item
                0x0000000000005cde       0x3e zephyr/libzephyr.a(mpsc_pbuf.c.obj)
 .text.drop_item_locked
                0x0000000000005d1c      0x100 zephyr/libzephyr.a(mpsc_pbuf.c.obj)
 .text.post_drop_action
                0x0000000000005e1c       0x36 zephyr/libzephyr.a(mpsc_pbuf.c.obj)
 .text.max_utilization_update
                0x0000000000005e52       0x1a zephyr/libzephyr.a(mpsc_pbuf.c.obj)
 .text.mpsc_pbuf_init
                0x0000000000005e6c       0x42 zephyr/libzephyr.a(mpsc_pbuf.c.obj)
                0x0000000000005e6c                mpsc_pbuf_init
 .text.mpsc_pbuf_alloc
                0x0000000000005eae       0xfe zephyr/libzephyr.a(mpsc_pbuf.c.obj)
                0x0000000000005eae                mpsc_pbuf_alloc
 .text.mpsc_pbuf_commit
                0x0000000000005fac       0x3e zephyr/libzephyr.a(mpsc_pbuf.c.obj)
                0x0000000000005fac                mpsc_pbuf_commit
 .text.mpsc_pbuf_claim
                0x0000000000005fea       0xa8 zephyr/libzephyr.a(mpsc_pbuf.c.obj)
                0x0000000000005fea                mpsc_pbuf_claim
 .text.mpsc_pbuf_free
                0x0000000000006092       0x76 zephyr/libzephyr.a(mpsc_pbuf.c.obj)
                0x0000000000006092                mpsc_pbuf_free
 .text.mpsc_pbuf_is_pending
                0x0000000000006108       0x32 zephyr/libzephyr.a(mpsc_pbuf.c.obj)
                0x0000000000006108                mpsc_pbuf_is_pending
 .text.process_recheck
                0x000000000000613a       0x38 zephyr/libzephyr.a(onoff.c.obj)
 .text.validate_args
                0x0000000000006172       0x20 zephyr/libzephyr.a(onoff.c.obj)
 .text.notify_one
                0x0000000000006192       0x2c zephyr/libzephyr.a(onoff.c.obj)
 .text.transition_complete
                0x00000000000061be       0x1a zephyr/libzephyr.a(onoff.c.obj)
 .text.onoff_manager_init
                0x00000000000061d8       0x26 zephyr/libzephyr.a(onoff.c.obj)
                0x00000000000061d8                onoff_manager_init
 .text.onoff_request
                0x00000000000061fe       0xae zephyr/libzephyr.a(onoff.c.obj)
                0x00000000000061fe                onoff_request
 .text.sys_notify_validate
                0x00000000000062ac       0x22 zephyr/libzephyr.a(notify.c.obj)
                0x00000000000062ac                sys_notify_validate
 .text.sys_notify_finalize
                0x00000000000062ce       0x1a zephyr/libzephyr.a(notify.c.obj)
                0x00000000000062ce                sys_notify_finalize
 .text._ConfigAbsSyms
                0x00000000000062e8        0x2 zephyr/libzephyr.a(configs.c.obj)
                0x00000000000062e8                _ConfigAbsSyms
 .text.log_msg_generic_get_wlen
                0x00000000000062ea       0x20 zephyr/libzephyr.a(log_core.c.obj)
 .text.dummy_timestamp
                0x000000000000630a        0x4 zephyr/libzephyr.a(log_core.c.obj)
 .text.default_get_timestamp
                0x000000000000630e        0x4 zephyr/libzephyr.a(log_core.c.obj)
 .text.atomic_inc
                0x0000000000006312       0x12 zephyr/libzephyr.a(log_core.c.obj)
 .text.z_log_vprintk
                0x0000000000006324       0x1c zephyr/libzephyr.a(log_core.c.obj)
                0x0000000000006324                z_log_vprintk
 .text.z_log_notify_drop
                0x0000000000006340        0x6 zephyr/libzephyr.a(log_core.c.obj)
 .text.log_backend_enable
                0x0000000000006346       0x12 zephyr/libzephyr.a(log_mgmt.c.obj)
                0x0000000000006346                log_backend_enable
 .text.z_cbprintf_cpy
                0x0000000000006358       0x2c zephyr/libzephyr.a(log_msg.c.obj)
 .text.z_log_msg_finalize
                0x0000000000006384       0x32 zephyr/libzephyr.a(log_msg.c.obj)
                0x0000000000006384                z_log_msg_finalize
 .text.z_log_msg_simple_create
                0x00000000000063b6       0x6e zephyr/libzephyr.a(log_msg.c.obj)
 .text.z_impl_z_log_msg_simple_create_0
                0x0000000000006424       0x12 zephyr/libzephyr.a(log_msg.c.obj)
                0x0000000000006424                z_impl_z_log_msg_simple_create_0
 .text.z_impl_z_log_msg_simple_create_1
                0x0000000000006436       0x14 zephyr/libzephyr.a(log_msg.c.obj)
                0x0000000000006436                z_impl_z_log_msg_simple_create_1
 .text.abort_function
                0x000000000000644a        0x2 zephyr/libzephyr.a(nrf_cc3xx_platform_abort_zephyr.c.obj)
 .text.z_do_kernel_oops
                0x000000000000644c        0x8 zephyr/arch/arch/arm/core/libarch__arm__core.a(fatal.c.obj)
                0x000000000000644c                z_do_kernel_oops
 .text.z_arm_nmi
                0x0000000000006454        0xe zephyr/arch/arch/arm/core/libarch__arm__core.a(nmi.c.obj)
                0x0000000000006454                z_arm_nmi
 .text.z_log_msg_simple_create_0.constprop.0
                0x0000000000006462        0x8 zephyr/arch/arch/arm/core/cortex_m/libarch__arm__core__cortex_m.a(fault.c.obj)
 .text.z_irq_spurious
                0x000000000000646a        0x8 zephyr/arch/arch/arm/core/cortex_m/libarch__arm__core__cortex_m.a(irq_manage.c.obj)
                0x000000000000646a                z_irq_spurious
 .text.configure_builtin_stack_guard
                0x0000000000006472        0x8 zephyr/arch/arch/arm/core/cortex_m/libarch__arm__core__cortex_m.a(thread.c.obj)
                0x0000000000006472                configure_builtin_stack_guard
 .text.arch_irq_unlock_outlined
                0x000000000000647a        0xe zephyr/arch/arch/arm/core/cortex_m/libarch__arm__core__cortex_m.a(thread.c.obj)
                0x000000000000647a                arch_irq_unlock_outlined
 .text.arch_cpu_idle
                0x0000000000006488       0x32 zephyr/arch/arch/arm/core/cortex_m/libarch__arm__core__cortex_m.a(cpu_idle.c.obj)
                0x0000000000006488                arch_cpu_idle
 .text.arch_cpu_atomic_idle
                0x00000000000064ba       0x38 zephyr/arch/arch/arm/core/cortex_m/libarch__arm__core__cortex_m.a(cpu_idle.c.obj)
                0x00000000000064ba                arch_cpu_atomic_idle
 .text.arm_cmse_mpu_region_get
                0x00000000000064f2       0x12 zephyr/arch/arch/arm/core/cortex_m/cmse/libarch__arm__core__cortex_m__cmse.a(arm_core_cmse.c.obj)
                0x00000000000064f2                arm_cmse_mpu_region_get
 .text.onoff_stop
                0x0000000000006504       0x22 zephyr/soc/soc/nrf5340/libsoc__nordic.a(nrf53_cpunet_mgmt.c.obj)
 .text.get_status
                0x0000000000006526       0x12 zephyr/drivers/clock_control/libdrivers__clock_control.a(clock_control_nrf.c.obj)
 .text.stop     0x0000000000006538       0x50 zephyr/drivers/clock_control/libdrivers__clock_control.a(clock_control_nrf.c.obj)
 .text.api_stop
                0x0000000000006588        0x6 zephyr/drivers/clock_control/libdrivers__clock_control.a(clock_control_nrf.c.obj)
 .text.async_start
                0x000000000000658e       0x5a zephyr/drivers/clock_control/libdrivers__clock_control.a(clock_control_nrf.c.obj)
 .text.api_start
                0x00000000000065e8        0xe zephyr/drivers/clock_control/libdrivers__clock_control.a(clock_control_nrf.c.obj)
 .text.onoff_started_callback
                0x00000000000065f6       0x12 zephyr/drivers/clock_control/libdrivers__clock_control.a(clock_control_nrf.c.obj)
 .text.hfclkaudio_start
                0x0000000000006608        0x6 zephyr/drivers/clock_control/libdrivers__clock_control.a(clock_control_nrf.c.obj)
 .text.hfclk192m_start
                0x000000000000660e        0x6 zephyr/drivers/clock_control/libdrivers__clock_control.a(clock_control_nrf.c.obj)
 .text.lfclk_start
                0x0000000000006614        0x6 zephyr/drivers/clock_control/libdrivers__clock_control.a(clock_control_nrf.c.obj)
 .text.hfclkaudio_stop
                0x000000000000661a        0x6 zephyr/drivers/clock_control/libdrivers__clock_control.a(clock_control_nrf.c.obj)
 .text.hfclk192m_stop
                0x0000000000006620        0x6 zephyr/drivers/clock_control/libdrivers__clock_control.a(clock_control_nrf.c.obj)
 .text.lfclk_stop
                0x0000000000006626        0x6 zephyr/drivers/clock_control/libdrivers__clock_control.a(clock_control_nrf.c.obj)
 .text.blocking_start_callback
                0x000000000000662c        0x6 zephyr/drivers/clock_control/libdrivers__clock_control.a(clock_control_nrf.c.obj)
 .text.gpio_nrfx_port_get_raw
                0x0000000000006632        0xc zephyr/drivers/gpio/libdrivers__gpio.a(gpio_nrfx.c.obj)
 .text.gpio_nrfx_port_set_masked_raw
                0x000000000000663e       0x14 zephyr/drivers/gpio/libdrivers__gpio.a(gpio_nrfx.c.obj)
 .text.gpio_nrfx_port_set_bits_raw
                0x0000000000006652        0xa zephyr/drivers/gpio/libdrivers__gpio.a(gpio_nrfx.c.obj)
 .text.gpio_nrfx_port_clear_bits_raw
                0x000000000000665c        0xa zephyr/drivers/gpio/libdrivers__gpio.a(gpio_nrfx.c.obj)
 .text.gpio_nrfx_port_toggle_bits
                0x0000000000006666       0x14 zephyr/drivers/gpio/libdrivers__gpio.a(gpio_nrfx.c.obj)
 .text.gpio_nrfx_manage_callback
                0x000000000000667a       0x52 zephyr/drivers/gpio/libdrivers__gpio.a(gpio_nrfx.c.obj)
 .text.pinctrl_lookup_state
                0x00000000000066cc       0x26 zephyr/drivers/pinctrl/libdrivers__pinctrl.a(common.c.obj)
                0x00000000000066cc                pinctrl_lookup_state
 .text.uarte_nrfx_err_check
                0x00000000000066f2        0xe zephyr/drivers/serial/libdrivers__serial.a(uart_nrfx_uarte.c.obj)
 .text.uarte_nrfx_poll_in
                0x0000000000006700       0x26 zephyr/drivers/serial/libdrivers__serial.a(uart_nrfx_uarte.c.obj)
 .text.uarte_nrfx_fifo_read
                0x0000000000006726       0x28 zephyr/drivers/serial/libdrivers__serial.a(uart_nrfx_uarte.c.obj)
 .text.uarte_nrfx_irq_tx_enable
                0x000000000000674e       0x34 zephyr/drivers/serial/libdrivers__serial.a(uart_nrfx_uarte.c.obj)
 .text.uarte_nrfx_irq_tx_disable
                0x0000000000006782       0x10 zephyr/drivers/serial/libdrivers__serial.a(uart_nrfx_uarte.c.obj)
 .text.uarte_nrfx_irq_tx_ready_complete
                0x0000000000006792       0x1e zephyr/drivers/serial/libdrivers__serial.a(uart_nrfx_uarte.c.obj)
 .text.uarte_nrfx_irq_rx_ready
                0x00000000000067b0       0x10 zephyr/drivers/serial/libdrivers__serial.a(uart_nrfx_uarte.c.obj)
 .text.uarte_nrfx_irq_rx_enable
                0x00000000000067c0        0xc zephyr/drivers/serial/libdrivers__serial.a(uart_nrfx_uarte.c.obj)
 .text.uarte_nrfx_irq_rx_disable
                0x00000000000067cc        0xc zephyr/drivers/serial/libdrivers__serial.a(uart_nrfx_uarte.c.obj)
 .text.uarte_nrfx_irq_err_enable
                0x00000000000067d8        0xe zephyr/drivers/serial/libdrivers__serial.a(uart_nrfx_uarte.c.obj)
 .text.uarte_nrfx_irq_err_disable
                0x00000000000067e6        0xe zephyr/drivers/serial/libdrivers__serial.a(uart_nrfx_uarte.c.obj)
 .text.uarte_nrfx_irq_is_pending
                0x00000000000067f4       0x36 zephyr/drivers/serial/libdrivers__serial.a(uart_nrfx_uarte.c.obj)
 .text.uarte_nrfx_irq_update
                0x000000000000682a        0x4 zephyr/drivers/serial/libdrivers__serial.a(uart_nrfx_uarte.c.obj)
 .text.uarte_nrfx_irq_callback_set
                0x000000000000682e        0xc zephyr/drivers/serial/libdrivers__serial.a(uart_nrfx_uarte.c.obj)
 .text.is_tx_ready.isra.0
                0x000000000000683a       0x20 zephyr/drivers/serial/libdrivers__serial.a(uart_nrfx_uarte.c.obj)
 .text.pinctrl_apply_state.isra.0
                0x000000000000685a       0x1e zephyr/drivers/serial/libdrivers__serial.a(uart_nrfx_uarte.c.obj)
 .text.uarte_periph_enable.isra.0
                0x0000000000006878       0x30 zephyr/drivers/serial/libdrivers__serial.a(uart_nrfx_uarte.c.obj)
 .text.tx_start
                0x00000000000068a8       0x40 zephyr/drivers/serial/libdrivers__serial.a(uart_nrfx_uarte.c.obj)
 .text.uarte_nrfx_fifo_fill
                0x00000000000068e8       0x6e zephyr/drivers/serial/libdrivers__serial.a(uart_nrfx_uarte.c.obj)
 .text.uarte_nrfx_isr_int
                0x0000000000006956       0xe4 zephyr/drivers/serial/libdrivers__serial.a(uart_nrfx_uarte.c.obj)
 .text.event_clear
                0x0000000000006a3a       0x18 zephyr/drivers/timer/libdrivers__timer.a(nrf_rtc_timer.c.obj)
 .text.sys_clock_cycle_get_32
                0x0000000000006a52        0x8 zephyr/drivers/timer/libdrivers__timer.a(nrf_rtc_timer.c.obj)
                0x0000000000006a52                sys_clock_cycle_get_32
 .text.hw_cc3xx_init_internal
                0x0000000000006a5a        0x4 modules/nrf/drivers/hw_cc3xx/lib..__nrf__drivers__hw_cc3xx.a(hw_cc3xx.c.obj)
 .text.hw_cc3xx_init
                0x0000000000006a5e       0x12 modules/nrf/drivers/hw_cc3xx/lib..__nrf__drivers__hw_cc3xx.a(hw_cc3xx.c.obj)
 .text.nrfx_isr
                0x0000000000006a70        0x2 modules/hal_nordic/modules/hal_nordic/nrfx/libmodules__hal_nordic__nrfx.a(nrfx_glue.c.obj)
                0x0000000000006a70                nrfx_isr
 .text.nrfx_busy_wait
                0x0000000000006a72        0x4 modules/hal_nordic/modules/hal_nordic/nrfx/libmodules__hal_nordic__nrfx.a(nrfx_glue.c.obj)
                0x0000000000006a72                nrfx_busy_wait
 .text.nrfx_gppi_event_endpoint_setup
                0x0000000000006a76        0xa modules/hal_nordic/modules/hal_nordic/nrfx/libmodules__hal_nordic__nrfx.a(nrfx_gppi_dppi.c.obj)
                0x0000000000006a76                nrfx_gppi_event_endpoint_setup
 .text.nrfx_gppi_task_endpoint_setup
                0x0000000000006a80        0xa modules/hal_nordic/modules/hal_nordic/nrfx/libmodules__hal_nordic__nrfx.a(nrfx_gppi_dppi.c.obj)
                0x0000000000006a80                nrfx_gppi_task_endpoint_setup
 .text.nrfx_gppi_channel_endpoints_setup
                0x0000000000006a8a        0xe modules/hal_nordic/modules/hal_nordic/nrfx/libmodules__hal_nordic__nrfx.a(nrfx_gppi_dppi.c.obj)
                0x0000000000006a8a                nrfx_gppi_channel_endpoints_setup
 .text.nrfx_clock_stop
                0x0000000000006a98        0x4 modules/hal_nordic/modules/hal_nordic/nrfx/libmodules__hal_nordic__nrfx.a(nrfx_clock.c.obj)
                0x0000000000006a98                nrfx_clock_stop
 .text.nrf_gpio_reconfigure
                0x0000000000006a9c       0x92 modules/hal_nordic/modules/hal_nordic/nrfx/libmodules__hal_nordic__nrfx.a(nrfx_gpiote.c.obj)
 .text.nrf_gpio_cfg_sense_set
                0x0000000000006b2e       0x1e modules/hal_nordic/modules/hal_nordic/nrfx/libmodules__hal_nordic__nrfx.a(nrfx_gpiote.c.obj)
 .text.pin_trigger_disable
                0x0000000000006b4c       0x48 modules/hal_nordic/modules/hal_nordic/nrfx/libmodules__hal_nordic__nrfx.a(nrfx_gpiote.c.obj)
 .text.nrfx_gpiote_pin_uninit
                0x0000000000006b94        0x4 modules/hal_nordic/modules/hal_nordic/nrfx/libmodules__hal_nordic__nrfx.a(nrfx_gpiote.c.obj)
                0x0000000000006b94                nrfx_gpiote_pin_uninit
 .text.nrfx_gpiote_trigger_disable
                0x0000000000006b98        0x4 modules/hal_nordic/modules/hal_nordic/nrfx/libmodules__hal_nordic__nrfx.a(nrfx_gpiote.c.obj)
                0x0000000000006b98                nrfx_gpiote_trigger_disable
 .text.z_impl_k_busy_wait
                0x0000000000006b9c        0x8 zephyr/kernel/libkernel.a(busy_wait.c.obj)
                0x0000000000006b9c                z_impl_k_busy_wait
 .text.z_device_state_init
                0x0000000000006ba4        0x2 zephyr/kernel/libkernel.a(device.c.obj)
                0x0000000000006ba4                z_device_state_init
 .text.z_impl_device_is_ready
                0x0000000000006ba6       0x16 zephyr/kernel/libkernel.a(device.c.obj)
                0x0000000000006ba6                z_impl_device_is_ready
 .text.arch_system_halt
                0x0000000000006bbc       0x10 zephyr/kernel/libkernel.a(fatal.c.obj)
                0x0000000000006bbc                arch_system_halt
 .text.do_device_init
                0x0000000000006bcc       0x2e zephyr/kernel/libkernel.a(init.c.obj)
 .text.z_early_memset
                0x0000000000006bfa        0x4 zephyr/kernel/libkernel.a(init.c.obj)
                0x0000000000006bfa                z_early_memset
 .text.z_early_memcpy
                0x0000000000006bfe        0x4 zephyr/kernel/libkernel.a(init.c.obj)
                0x0000000000006bfe                z_early_memcpy
 .text.create_free_list
                0x0000000000006c02       0x34 zephyr/kernel/libkernel.a(mem_slab.c.obj)
 .text.k_mem_slab_init
                0x0000000000006c36       0x1c zephyr/kernel/libkernel.a(mem_slab.c.obj)
                0x0000000000006c36                k_mem_slab_init
 .text.k_mem_slab_free
                0x0000000000006c52       0x6e zephyr/kernel/libkernel.a(mem_slab.c.obj)
                0x0000000000006c52                k_mem_slab_free
 .text.idle     0x0000000000006cc0       0x16 zephyr/kernel/libkernel.a(idle.c.obj)
                0x0000000000006cc0                idle
 .text.unpend_thread_no_timeout
                0x0000000000006cd6       0x1a zephyr/kernel/libkernel.a(msg_q.c.obj)
 .text.z_impl_k_mutex_init
                0x0000000000006cf0        0xe zephyr/kernel/libkernel.a(mutex.c.obj)
                0x0000000000006cf0                z_impl_k_mutex_init
 .text.z_impl_k_sem_init
                0x0000000000006cfe       0x18 zephyr/kernel/libkernel.a(sem.c.obj)
                0x0000000000006cfe                z_impl_k_sem_init
 .text.k_is_in_isr
                0x0000000000006d16        0xc zephyr/kernel/libkernel.a(thread.c.obj)
                0x0000000000006d16                k_is_in_isr
 .text.z_impl_k_thread_name_set
                0x0000000000006d22        0x6 zephyr/kernel/libkernel.a(thread.c.obj)
                0x0000000000006d22                z_impl_k_thread_name_set
 .text.k_thread_name_get
                0x0000000000006d28        0x4 zephyr/kernel/libkernel.a(thread.c.obj)
                0x0000000000006d28                k_thread_name_get
 .text.sys_dlist_remove
                0x0000000000006d2c       0x10 zephyr/kernel/libkernel.a(sched.c.obj)
 .text.unpend_thread_no_timeout
                0x0000000000006d3c       0x14 zephyr/kernel/libkernel.a(sched.c.obj)
 .text.add_to_waitq_locked
                0x0000000000006d50       0x50 zephyr/kernel/libkernel.a(sched.c.obj)
 .text.z_ready_thread
                0x0000000000006da0       0x1e zephyr/kernel/libkernel.a(sched.c.obj)
                0x0000000000006da0                z_ready_thread
 .text.z_unpend_thread_no_timeout
                0x0000000000006dbe       0x22 zephyr/kernel/libkernel.a(sched.c.obj)
                0x0000000000006dbe                z_unpend_thread_no_timeout
 .text.z_sched_wake_thread
                0x0000000000006de0       0x3a zephyr/kernel/libkernel.a(sched.c.obj)
                0x0000000000006de0                z_sched_wake_thread
 .text.z_thread_timeout
                0x0000000000006e1a        0x8 zephyr/kernel/libkernel.a(sched.c.obj)
                0x0000000000006e1a                z_thread_timeout
 .text.z_unpend1_no_timeout
                0x0000000000006e22       0x2c zephyr/kernel/libkernel.a(sched.c.obj)
                0x0000000000006e22                z_unpend1_no_timeout
 .text.z_impl_k_sleep
                0x0000000000006e4e       0x4e zephyr/kernel/libkernel.a(sched.c.obj)
                0x0000000000006e4e                z_impl_k_sleep
 .text.next_timeout
                0x0000000000006e9c       0x2e zephyr/kernel/libkernel.a(timeout.c.obj)
 .text.z_abort_timeout
                0x0000000000006eca       0x50 zephyr/kernel/libkernel.a(timeout.c.obj)
                0x0000000000006eca                z_abort_timeout
 .text.sys_clock_tick_get_32
                0x0000000000006f1a        0x8 zephyr/kernel/libkernel.a(timeout.c.obj)
                0x0000000000006f1a                sys_clock_tick_get_32
 .text.z_impl_k_uptime_ticks
                0x0000000000006f22        0x4 zephyr/kernel/libkernel.a(timeout.c.obj)
                0x0000000000006f22                z_impl_k_uptime_ticks
 .text.k_timer_init
                0x0000000000006f26       0x18 zephyr/kernel/libkernel.a(timer.c.obj)
                0x0000000000006f26                k_timer_init
 .text.z_impl_k_timer_stop
                0x0000000000006f3e       0x38 zephyr/kernel/libkernel.a(timer.c.obj)
                0x0000000000006f3e                z_impl_k_timer_stop
 .text.k_heap_init
                0x0000000000006f76       0x10 zephyr/kernel/libkernel.a(kheap.c.obj)
                0x0000000000006f76                k_heap_init
 .text.memcpy   0x0000000000006f86       0x1a c:\ncs\toolchains\c1a76fddb2\opt\zephyr-sdk\arm-zephyr-eabi\bin\../lib/gcc/../../picolibc/arm-zephyr-eabi/lib/thumb/v8-m.main/nofp\libc.a(memcpy.c.o)
                0x0000000000006f86                __aeabi_memcpy
                0x0000000000006f86                __aeabi_memcpy4
                0x0000000000006f86                __aeabi_memcpy8
                0x0000000000006f86                memcpy
 .text.memset   0x0000000000006fa0       0x10 c:\ncs\toolchains\c1a76fddb2\opt\zephyr-sdk\arm-zephyr-eabi\bin\../lib/gcc/../../picolibc/arm-zephyr-eabi/lib/thumb/v8-m.main/nofp\libc.a(memset.c.o)
                0x0000000000006fa0                memset
 *(SORT_BY_ALIGNMENT(.TEXT.*))
 .TEXT.__aeabi_read_tp
                0x0000000000006fb0        0xc zephyr/arch/arch/arm/core/cortex_m/libarch__arm__core__cortex_m.a(__aeabi_read_tp.S.obj)
                0x0000000000006fb0                __aeabi_read_tp
 *(SORT_BY_ALIGNMENT(.gnu.linkonce.t.*))
 *(SORT_BY_ALIGNMENT(.glue_7t))
 .glue_7t       0x0000000000006fbc        0x0 linker stubs
 *(SORT_BY_ALIGNMENT(.glue_7))
 .glue_7        0x0000000000006fbc        0x0 linker stubs
 *(SORT_BY_ALIGNMENT(.vfp11_veneer))
 .vfp11_veneer  0x0000000000006fbc        0x0 linker stubs
 *(SORT_BY_ALIGNMENT(.v4_bx))
 .v4_bx         0x0000000000006fbc        0x0 linker stubs
                0x0000000000006fbc                . = ALIGN (0x4)
                0x0000000000006fbc                __text_region_end = .

.ARM.exidx      0x0000000000006fbc        0x8
                0x0000000000006fbc                __exidx_start = .
 *(SORT_BY_ALIGNMENT(.ARM.exidx*) SORT_BY_ALIGNMENT(gnu.linkonce.armexidx.*))
 .ARM.exidx     0x0000000000006fbc        0x8 c:\ncs\toolchains\c1a76fddb2\opt\zephyr-sdk\arm-zephyr-eabi\bin\../lib/gcc/../../picolibc/arm-zephyr-eabi/lib/thumb/v8-m.main/nofp\libc.a(strlen.S.o)
                0x0000000000006fc4                __exidx_end = .
                0x0000000000006fc4                __rodata_region_start = .

initlevel       0x0000000000006fc4       0x58
                0x0000000000006fc4                __init_start = .
                0x0000000000006fc4                __init_EARLY_start = .
 *(SORT_BY_NAME(SORT_BY_ALIGNMENT(.z_init_EARLY_P_?_*)))
 *(SORT_BY_NAME(SORT_BY_ALIGNMENT(.z_init_EARLY_P_??_*)))
 *(SORT_BY_NAME(SORT_BY_ALIGNMENT(.z_init_EARLY_P_???_*)))
                0x0000000000006fc4                __init_PRE_KERNEL_1_start = .
 *(SORT_BY_NAME(SORT_BY_ALIGNMENT(.z_init_PRE_KERNEL_1_P_?_*)))
 *(SORT_BY_NAME(SORT_BY_ALIGNMENT(.z_init_PRE_KERNEL_1_P_??_*)))
 .z_init_PRE_KERNEL_1_P_30_SUB_00089_
                0x0000000000006fc4        0x8 zephyr/drivers/clock_control/libdrivers__clock_control.a(clock_control_nrf.c.obj)
 .z_init_PRE_KERNEL_1_P_30_SUB_0_
                0x0000000000006fcc        0x8 zephyr/kernel/libkernel.a(mem_slab.c.obj)
 .z_init_PRE_KERNEL_1_P_30_SUB_0_
                0x0000000000006fd4        0x8 zephyr/kernel/libkernel.a(kheap.c.obj)
 .z_init_PRE_KERNEL_1_P_40_SUB_00008_
                0x0000000000006fdc        0x8 zephyr/drivers/gpio/libdrivers__gpio.a(gpio_nrfx.c.obj)
 .z_init_PRE_KERNEL_1_P_40_SUB_00014_
                0x0000000000006fe4        0x8 zephyr/drivers/gpio/libdrivers__gpio.a(gpio_nrfx.c.obj)
 .z_init_PRE_KERNEL_1_P_40_SUB_0_
                0x0000000000006fec        0x8 modules/nrf/drivers/hw_cc3xx/lib..__nrf__drivers__hw_cc3xx.a(hw_cc3xx.c.obj)
 .z_init_PRE_KERNEL_1_P_50_SUB_00127_
                0x0000000000006ff4        0x8 zephyr/drivers/serial/libdrivers__serial.a(uart_nrfx_uarte.c.obj)
 *(SORT_BY_NAME(SORT_BY_ALIGNMENT(.z_init_PRE_KERNEL_1_P_???_*)))
                0x0000000000006ffc                __init_PRE_KERNEL_2_start = .
 *(SORT_BY_NAME(SORT_BY_ALIGNMENT(.z_init_PRE_KERNEL_2_P_?_*)))
 .z_init_PRE_KERNEL_2_P_0_SUB_0_
                0x0000000000006ffc        0x8 zephyr/drivers/timer/libdrivers__timer.a(nrf_rtc_timer.c.obj)
 *(SORT_BY_NAME(SORT_BY_ALIGNMENT(.z_init_PRE_KERNEL_2_P_??_*)))
 *(SORT_BY_NAME(SORT_BY_ALIGNMENT(.z_init_PRE_KERNEL_2_P_???_*)))
                0x0000000000007004                __init_POST_KERNEL_start = .
 *(SORT_BY_NAME(SORT_BY_ALIGNMENT(.z_init_POST_KERNEL_P_?_*)))
 .z_init_POST_KERNEL_P_0_SUB_0_
                0x0000000000007004        0x8 zephyr/libzephyr.a(log_core.c.obj)
 *(SORT_BY_NAME(SORT_BY_ALIGNMENT(.z_init_POST_KERNEL_P_??_*)))
 .z_init_POST_KERNEL_P_35_SUB_0_
                0x000000000000700c        0x8 zephyr/lib/libc/common/liblib__libc__common.a(malloc.c.obj)
 .z_init_POST_KERNEL_P_40_SUB_0_
                0x0000000000007014        0x8 modules/nrf/drivers/hw_cc3xx/lib..__nrf__drivers__hw_cc3xx.a(hw_cc3xx.c.obj)
 *(SORT_BY_NAME(SORT_BY_ALIGNMENT(.z_init_POST_KERNEL_P_???_*)))
                0x000000000000701c                __init_APPLICATION_start = .
 *(SORT_BY_NAME(SORT_BY_ALIGNMENT(.z_init_APPLICATION_P_?_*)))
 *(SORT_BY_NAME(SORT_BY_ALIGNMENT(.z_init_APPLICATION_P_??_*)))
 *(SORT_BY_NAME(SORT_BY_ALIGNMENT(.z_init_APPLICATION_P_???_*)))
                0x000000000000701c                __init_SMP_start = .
 *(SORT_BY_NAME(SORT_BY_ALIGNMENT(.z_init_SMP_P_?_*)))
 *(SORT_BY_NAME(SORT_BY_ALIGNMENT(.z_init_SMP_P_??_*)))
 *(SORT_BY_NAME(SORT_BY_ALIGNMENT(.z_init_SMP_P_???_*)))
                0x000000000000701c                __init_end = .

device_area     0x000000000000701c       0x80
                0x000000000000701c                _device_list_start = .
 *(SORT_BY_NAME(SORT_BY_ALIGNMENT(._device.static.*_?_*)))
 *(SORT_BY_NAME(SORT_BY_ALIGNMENT(._device.static.*_??_*)))
 ._device.static.1_30_
                0x000000000000701c       0x20 zephyr/drivers/clock_control/libdrivers__clock_control.a(clock_control_nrf.c.obj)
                0x000000000000701c                __device_dts_ord_89
 ._device.static.1_40_
                0x000000000000703c       0x40 zephyr/drivers/gpio/libdrivers__gpio.a(gpio_nrfx.c.obj)
                0x000000000000703c                __device_dts_ord_14
                0x000000000000705c                __device_dts_ord_8
 ._device.static.1_50_
                0x000000000000707c       0x20 zephyr/drivers/serial/libdrivers__serial.a(uart_nrfx_uarte.c.obj)
                0x000000000000707c                __device_dts_ord_127
 *(SORT_BY_NAME(SORT_BY_ALIGNMENT(._device.static.*_???_*)))
 *(SORT_BY_NAME(SORT_BY_ALIGNMENT(._device.static.*_????_*)))
 *(SORT_BY_NAME(SORT_BY_ALIGNMENT(._device.static.*_?????_*)))
                0x000000000000709c                _device_list_end = .

sw_isr_table    0x000000000000709c      0x228
                0x000000000000709c                . = ALIGN (0x4)
 *(SORT_BY_ALIGNMENT(.gnu.linkonce.sw_isr_table*))
 .gnu.linkonce.sw_isr_table
                0x000000000000709c      0x228 zephyr/arch/common/libisr_tables.a(isr_tables.c.obj)
                0x000000000000709c                _sw_isr_table

initlevel_error
                0x0000000000006fc4        0x0
 *(SORT_BY_NAME(SORT_BY_ALIGNMENT(.z_init_*)))
                0x0000000000000001                ASSERT ((SIZEOF (initlevel_error) == 0x0), Undefined initialization levels used.)

app_shmem_regions
                0x00000000000072c4        0x0
                0x00000000000072c4                __app_shmem_regions_start = .
 *(SORT_BY_NAME(SORT_BY_ALIGNMENT(.app_regions.*)))
                0x00000000000072c4                __app_shmem_regions_end = .

k_p4wq_initparam_area
                0x00000000000072c4        0x0
                0x00000000000072c4                _k_p4wq_initparam_list_start = .
 *(SORT_BY_NAME(SORT_BY_ALIGNMENT(._k_p4wq_initparam.static.*)))
                0x00000000000072c4                _k_p4wq_initparam_list_end = .

_static_thread_data_area
                0x00000000000072c4        0x0
                0x00000000000072c4                __static_thread_data_list_start = .
 *(SORT_BY_NAME(SORT_BY_ALIGNMENT(.__static_thread_data.static.*)))
                0x00000000000072c4                __static_thread_data_list_end = .

device_deps     0x00000000000072c4        0x0
                0x00000000000072c4                __device_deps_start = .
 *(SORT_BY_NAME(SORT_BY_ALIGNMENT(.__device_deps_pass2*)))
                0x00000000000072c4                __device_deps_end = .

gpio_driver_api_area
                0x00000000000072c4       0x24
                0x00000000000072c4                _gpio_driver_api_list_start = .
 *(SORT_BY_NAME(SORT_BY_ALIGNMENT(._gpio_driver_api.static.*)))
 ._gpio_driver_api.static.gpio_nrfx_drv_api_funcs_
                0x00000000000072c4       0x24 zephyr/drivers/gpio/libdrivers__gpio.a(gpio_nrfx.c.obj)
                0x00000000000072e8                _gpio_driver_api_list_end = .

shared_irq_driver_api_area
                0x00000000000072e8        0x0
                0x00000000000072e8                _shared_irq_driver_api_list_start = .
 *(SORT_BY_NAME(SORT_BY_ALIGNMENT(._shared_irq_driver_api.static.*)))
                0x00000000000072e8                _shared_irq_driver_api_list_end = .

crypto_driver_api_area
                0x00000000000072e8        0x0
                0x00000000000072e8                _crypto_driver_api_list_start = .
 *(SORT_BY_NAME(SORT_BY_ALIGNMENT(._crypto_driver_api.static.*)))
                0x00000000000072e8                _crypto_driver_api_list_end = .

adc_driver_api_area
                0x00000000000072e8        0x0
                0x00000000000072e8                _adc_driver_api_list_start = .
 *(SORT_BY_NAME(SORT_BY_ALIGNMENT(._adc_driver_api.static.*)))
                0x00000000000072e8                _adc_driver_api_list_end = .

auxdisplay_driver_api_area
                0x00000000000072e8        0x0
                0x00000000000072e8                _auxdisplay_driver_api_list_start = .
 *(SORT_BY_NAME(SORT_BY_ALIGNMENT(._auxdisplay_driver_api.static.*)))
                0x00000000000072e8                _auxdisplay_driver_api_list_end = .

bbram_driver_api_area
                0x00000000000072e8        0x0
                0x00000000000072e8                _bbram_driver_api_list_start = .
 *(SORT_BY_NAME(SORT_BY_ALIGNMENT(._bbram_driver_api.static.*)))
                0x00000000000072e8                _bbram_driver_api_list_end = .

bt_hci_driver_api_area
                0x00000000000072e8        0x0
                0x00000000000072e8                _bt_hci_driver_api_list_start = .
 *(SORT_BY_NAME(SORT_BY_ALIGNMENT(._bt_hci_driver_api.static.*)))
                0x00000000000072e8                _bt_hci_driver_api_list_end = .

can_driver_api_area
                0x00000000000072e8        0x0
                0x00000000000072e8                _can_driver_api_list_start = .
 *(SORT_BY_NAME(SORT_BY_ALIGNMENT(._can_driver_api.static.*)))
                0x00000000000072e8                _can_driver_api_list_end = .

cellular_driver_api_area
                0x00000000000072e8        0x0
                0x00000000000072e8                _cellular_driver_api_list_start = .
 *(SORT_BY_NAME(SORT_BY_ALIGNMENT(._cellular_driver_api.static.*)))
                0x00000000000072e8                _cellular_driver_api_list_end = .

charger_driver_api_area
                0x00000000000072e8        0x0
                0x00000000000072e8                _charger_driver_api_list_start = .
 *(SORT_BY_NAME(SORT_BY_ALIGNMENT(._charger_driver_api.static.*)))
                0x00000000000072e8                _charger_driver_api_list_end = .

clock_control_driver_api_area
                0x00000000000072e8       0x1c
                0x00000000000072e8                _clock_control_driver_api_list_start = .
 *(SORT_BY_NAME(SORT_BY_ALIGNMENT(._clock_control_driver_api.static.*)))
 ._clock_control_driver_api.static.clock_control_api_
                0x00000000000072e8       0x1c zephyr/drivers/clock_control/libdrivers__clock_control.a(clock_control_nrf.c.obj)
                0x0000000000007304                _clock_control_driver_api_list_end = .

comparator_driver_api_area
                0x0000000000007304        0x0
                0x0000000000007304                _comparator_driver_api_list_start = .
 *(SORT_BY_NAME(SORT_BY_ALIGNMENT(._comparator_driver_api.static.*)))
                0x0000000000007304                _comparator_driver_api_list_end = .

coredump_driver_api_area
                0x0000000000007304        0x0
                0x0000000000007304                _coredump_driver_api_list_start = .
 *(SORT_BY_NAME(SORT_BY_ALIGNMENT(._coredump_driver_api.static.*)))
                0x0000000000007304                _coredump_driver_api_list_end = .

counter_driver_api_area
                0x0000000000007304        0x0
                0x0000000000007304                _counter_driver_api_list_start = .
 *(SORT_BY_NAME(SORT_BY_ALIGNMENT(._counter_driver_api.static.*)))
                0x0000000000007304                _counter_driver_api_list_end = .

dac_driver_api_area
                0x0000000000007304        0x0
                0x0000000000007304                _dac_driver_api_list_start = .
 *(SORT_BY_NAME(SORT_BY_ALIGNMENT(._dac_driver_api.static.*)))
                0x0000000000007304                _dac_driver_api_list_end = .

dai_driver_api_area
                0x0000000000007304        0x0
                0x0000000000007304                _dai_driver_api_list_start = .
 *(SORT_BY_NAME(SORT_BY_ALIGNMENT(._dai_driver_api.static.*)))
                0x0000000000007304                _dai_driver_api_list_end = .

display_driver_api_area
                0x0000000000007304        0x0
                0x0000000000007304                _display_driver_api_list_start = .
 *(SORT_BY_NAME(SORT_BY_ALIGNMENT(._display_driver_api.static.*)))
                0x0000000000007304                _display_driver_api_list_end = .

dma_driver_api_area
                0x0000000000007304        0x0
                0x0000000000007304                _dma_driver_api_list_start = .
 *(SORT_BY_NAME(SORT_BY_ALIGNMENT(._dma_driver_api.static.*)))
                0x0000000000007304                _dma_driver_api_list_end = .

edac_driver_api_area
                0x0000000000007304        0x0
                0x0000000000007304                _edac_driver_api_list_start = .
 *(SORT_BY_NAME(SORT_BY_ALIGNMENT(._edac_driver_api.static.*)))
                0x0000000000007304                _edac_driver_api_list_end = .

eeprom_driver_api_area
                0x0000000000007304        0x0
                0x0000000000007304                _eeprom_driver_api_list_start = .
 *(SORT_BY_NAME(SORT_BY_ALIGNMENT(._eeprom_driver_api.static.*)))
                0x0000000000007304                _eeprom_driver_api_list_end = .

emul_bbram_driver_api_area
                0x0000000000007304        0x0
                0x0000000000007304                _emul_bbram_driver_api_list_start = .
 *(SORT_BY_NAME(SORT_BY_ALIGNMENT(._emul_bbram_driver_api.static.*)))
                0x0000000000007304                _emul_bbram_driver_api_list_end = .

fuel_gauge_emul_driver_api_area
                0x0000000000007304        0x0
                0x0000000000007304                _fuel_gauge_emul_driver_api_list_start = .
 *(SORT_BY_NAME(SORT_BY_ALIGNMENT(._fuel_gauge_emul_driver_api.static.*)))
                0x0000000000007304                _fuel_gauge_emul_driver_api_list_end = .

emul_sensor_driver_api_area
                0x0000000000007304        0x0
                0x0000000000007304                _emul_sensor_driver_api_list_start = .
 *(SORT_BY_NAME(SORT_BY_ALIGNMENT(._emul_sensor_driver_api.static.*)))
                0x0000000000007304                _emul_sensor_driver_api_list_end = .

entropy_driver_api_area
                0x0000000000007304        0x0
                0x0000000000007304                _entropy_driver_api_list_start = .
 *(SORT_BY_NAME(SORT_BY_ALIGNMENT(._entropy_driver_api.static.*)))
                0x0000000000007304                _entropy_driver_api_list_end = .

espi_driver_api_area
                0x0000000000007304        0x0
                0x0000000000007304                _espi_driver_api_list_start = .
 *(SORT_BY_NAME(SORT_BY_ALIGNMENT(._espi_driver_api.static.*)))
                0x0000000000007304                _espi_driver_api_list_end = .

espi_saf_driver_api_area
                0x0000000000007304        0x0
                0x0000000000007304                _espi_saf_driver_api_list_start = .
 *(SORT_BY_NAME(SORT_BY_ALIGNMENT(._espi_saf_driver_api.static.*)))
                0x0000000000007304                _espi_saf_driver_api_list_end = .

flash_driver_api_area
                0x0000000000007304        0x0
                0x0000000000007304                _flash_driver_api_list_start = .
 *(SORT_BY_NAME(SORT_BY_ALIGNMENT(._flash_driver_api.static.*)))
                0x0000000000007304                _flash_driver_api_list_end = .

fpga_driver_api_area
                0x0000000000007304        0x0
                0x0000000000007304                _fpga_driver_api_list_start = .
 *(SORT_BY_NAME(SORT_BY_ALIGNMENT(._fpga_driver_api.static.*)))
                0x0000000000007304                _fpga_driver_api_list_end = .

fuel_gauge_driver_api_area
                0x0000000000007304        0x0
                0x0000000000007304                _fuel_gauge_driver_api_list_start = .
 *(SORT_BY_NAME(SORT_BY_ALIGNMENT(._fuel_gauge_driver_api.static.*)))
                0x0000000000007304                _fuel_gauge_driver_api_list_end = .

gnss_driver_api_area
                0x0000000000007304        0x0
                0x0000000000007304                _gnss_driver_api_list_start = .
 *(SORT_BY_NAME(SORT_BY_ALIGNMENT(._gnss_driver_api.static.*)))
                0x0000000000007304                _gnss_driver_api_list_end = .

haptics_driver_api_area
                0x0000000000007304        0x0
                0x0000000000007304                _haptics_driver_api_list_start = .
 *(SORT_BY_NAME(SORT_BY_ALIGNMENT(._haptics_driver_api.static.*)))
                0x0000000000007304                _haptics_driver_api_list_end = .

hwspinlock_driver_api_area
                0x0000000000007304        0x0
                0x0000000000007304                _hwspinlock_driver_api_list_start = .
 *(SORT_BY_NAME(SORT_BY_ALIGNMENT(._hwspinlock_driver_api.static.*)))
                0x0000000000007304                _hwspinlock_driver_api_list_end = .

i2c_driver_api_area
                0x0000000000007304        0x0
                0x0000000000007304                _i2c_driver_api_list_start = .
 *(SORT_BY_NAME(SORT_BY_ALIGNMENT(._i2c_driver_api.static.*)))
                0x0000000000007304                _i2c_driver_api_list_end = .

i2c_target_driver_api_area
                0x0000000000007304        0x0
                0x0000000000007304                _i2c_target_driver_api_list_start = .
 *(SORT_BY_NAME(SORT_BY_ALIGNMENT(._i2c_target_driver_api.static.*)))
                0x0000000000007304                _i2c_target_driver_api_list_end = .

i2s_driver_api_area
                0x0000000000007304        0x0
                0x0000000000007304                _i2s_driver_api_list_start = .
 *(SORT_BY_NAME(SORT_BY_ALIGNMENT(._i2s_driver_api.static.*)))
                0x0000000000007304                _i2s_driver_api_list_end = .

i3c_driver_api_area
                0x0000000000007304        0x0
                0x0000000000007304                _i3c_driver_api_list_start = .
 *(SORT_BY_NAME(SORT_BY_ALIGNMENT(._i3c_driver_api.static.*)))
                0x0000000000007304                _i3c_driver_api_list_end = .

ipm_driver_api_area
                0x0000000000007304        0x0
                0x0000000000007304                _ipm_driver_api_list_start = .
 *(SORT_BY_NAME(SORT_BY_ALIGNMENT(._ipm_driver_api.static.*)))
                0x0000000000007304                _ipm_driver_api_list_end = .

led_driver_api_area
                0x0000000000007304        0x0
                0x0000000000007304                _led_driver_api_list_start = .
 *(SORT_BY_NAME(SORT_BY_ALIGNMENT(._led_driver_api.static.*)))
                0x0000000000007304                _led_driver_api_list_end = .

led_strip_driver_api_area
                0x0000000000007304        0x0
                0x0000000000007304                _led_strip_driver_api_list_start = .
 *(SORT_BY_NAME(SORT_BY_ALIGNMENT(._led_strip_driver_api.static.*)))
                0x0000000000007304                _led_strip_driver_api_list_end = .

lora_driver_api_area
                0x0000000000007304        0x0
                0x0000000000007304                _lora_driver_api_list_start = .
 *(SORT_BY_NAME(SORT_BY_ALIGNMENT(._lora_driver_api.static.*)))
                0x0000000000007304                _lora_driver_api_list_end = .

mbox_driver_api_area
                0x0000000000007304        0x0
                0x0000000000007304                _mbox_driver_api_list_start = .
 *(SORT_BY_NAME(SORT_BY_ALIGNMENT(._mbox_driver_api.static.*)))
                0x0000000000007304                _mbox_driver_api_list_end = .

mdio_driver_api_area
                0x0000000000007304        0x0
                0x0000000000007304                _mdio_driver_api_list_start = .
 *(SORT_BY_NAME(SORT_BY_ALIGNMENT(._mdio_driver_api.static.*)))
                0x0000000000007304                _mdio_driver_api_list_end = .

mipi_dbi_driver_api_area
                0x0000000000007304        0x0
                0x0000000000007304                _mipi_dbi_driver_api_list_start = .
 *(SORT_BY_NAME(SORT_BY_ALIGNMENT(._mipi_dbi_driver_api.static.*)))
                0x0000000000007304                _mipi_dbi_driver_api_list_end = .

mipi_dsi_driver_api_area
                0x0000000000007304        0x0
                0x0000000000007304                _mipi_dsi_driver_api_list_start = .
 *(SORT_BY_NAME(SORT_BY_ALIGNMENT(._mipi_dsi_driver_api.static.*)))
                0x0000000000007304                _mipi_dsi_driver_api_list_end = .

mspi_driver_api_area
                0x0000000000007304        0x0
                0x0000000000007304                _mspi_driver_api_list_start = .
 *(SORT_BY_NAME(SORT_BY_ALIGNMENT(._mspi_driver_api.static.*)))
                0x0000000000007304                _mspi_driver_api_list_end = .

peci_driver_api_area
                0x0000000000007304        0x0
                0x0000000000007304                _peci_driver_api_list_start = .
 *(SORT_BY_NAME(SORT_BY_ALIGNMENT(._peci_driver_api.static.*)))
                0x0000000000007304                _peci_driver_api_list_end = .

ps2_driver_api_area
                0x0000000000007304        0x0
                0x0000000000007304                _ps2_driver_api_list_start = .
 *(SORT_BY_NAME(SORT_BY_ALIGNMENT(._ps2_driver_api.static.*)))
                0x0000000000007304                _ps2_driver_api_list_end = .

ptp_clock_driver_api_area
                0x0000000000007304        0x0
                0x0000000000007304                _ptp_clock_driver_api_list_start = .
 *(SORT_BY_NAME(SORT_BY_ALIGNMENT(._ptp_clock_driver_api.static.*)))
                0x0000000000007304                _ptp_clock_driver_api_list_end = .

pwm_driver_api_area
                0x0000000000007304        0x0
                0x0000000000007304                _pwm_driver_api_list_start = .
 *(SORT_BY_NAME(SORT_BY_ALIGNMENT(._pwm_driver_api.static.*)))
                0x0000000000007304                _pwm_driver_api_list_end = .

regulator_parent_driver_api_area
                0x0000000000007304        0x0
                0x0000000000007304                _regulator_parent_driver_api_list_start = .
 *(SORT_BY_NAME(SORT_BY_ALIGNMENT(._regulator_parent_driver_api.static.*)))
                0x0000000000007304                _regulator_parent_driver_api_list_end = .

regulator_driver_api_area
                0x0000000000007304        0x0
                0x0000000000007304                _regulator_driver_api_list_start = .
 *(SORT_BY_NAME(SORT_BY_ALIGNMENT(._regulator_driver_api.static.*)))
                0x0000000000007304                _regulator_driver_api_list_end = .

reset_driver_api_area
                0x0000000000007304        0x0
                0x0000000000007304                _reset_driver_api_list_start = .
 *(SORT_BY_NAME(SORT_BY_ALIGNMENT(._reset_driver_api.static.*)))
                0x0000000000007304                _reset_driver_api_list_end = .

retained_mem_driver_api_area
                0x0000000000007304        0x0
                0x0000000000007304                _retained_mem_driver_api_list_start = .
 *(SORT_BY_NAME(SORT_BY_ALIGNMENT(._retained_mem_driver_api.static.*)))
                0x0000000000007304                _retained_mem_driver_api_list_end = .

rtc_driver_api_area
                0x0000000000007304        0x0
                0x0000000000007304                _rtc_driver_api_list_start = .
 *(SORT_BY_NAME(SORT_BY_ALIGNMENT(._rtc_driver_api.static.*)))
                0x0000000000007304                _rtc_driver_api_list_end = .

sdhc_driver_api_area
                0x0000000000007304        0x0
                0x0000000000007304                _sdhc_driver_api_list_start = .
 *(SORT_BY_NAME(SORT_BY_ALIGNMENT(._sdhc_driver_api.static.*)))
                0x0000000000007304                _sdhc_driver_api_list_end = .

sensor_driver_api_area
                0x0000000000007304        0x0
                0x0000000000007304                _sensor_driver_api_list_start = .
 *(SORT_BY_NAME(SORT_BY_ALIGNMENT(._sensor_driver_api.static.*)))
                0x0000000000007304                _sensor_driver_api_list_end = .

smbus_driver_api_area
                0x0000000000007304        0x0
                0x0000000000007304                _smbus_driver_api_list_start = .
 *(SORT_BY_NAME(SORT_BY_ALIGNMENT(._smbus_driver_api.static.*)))
                0x0000000000007304                _smbus_driver_api_list_end = .

spi_driver_api_area
                0x0000000000007304        0x0
                0x0000000000007304                _spi_driver_api_list_start = .
 *(SORT_BY_NAME(SORT_BY_ALIGNMENT(._spi_driver_api.static.*)))
                0x0000000000007304                _spi_driver_api_list_end = .

stepper_driver_api_area
                0x0000000000007304        0x0
                0x0000000000007304                _stepper_driver_api_list_start = .
 *(SORT_BY_NAME(SORT_BY_ALIGNMENT(._stepper_driver_api.static.*)))
                0x0000000000007304                _stepper_driver_api_list_end = .

syscon_driver_api_area
                0x0000000000007304        0x0
                0x0000000000007304                _syscon_driver_api_list_start = .
 *(SORT_BY_NAME(SORT_BY_ALIGNMENT(._syscon_driver_api.static.*)))
                0x0000000000007304                _syscon_driver_api_list_end = .

tee_driver_api_area
                0x0000000000007304        0x0
                0x0000000000007304                _tee_driver_api_list_start = .
 *(SORT_BY_NAME(SORT_BY_ALIGNMENT(._tee_driver_api.static.*)))
                0x0000000000007304                _tee_driver_api_list_end = .

video_driver_api_area
                0x0000000000007304        0x0
                0x0000000000007304                _video_driver_api_list_start = .
 *(SORT_BY_NAME(SORT_BY_ALIGNMENT(._video_driver_api.static.*)))
                0x0000000000007304                _video_driver_api_list_end = .

w1_driver_api_area
                0x0000000000007304        0x0
                0x0000000000007304                _w1_driver_api_list_start = .
 *(SORT_BY_NAME(SORT_BY_ALIGNMENT(._w1_driver_api.static.*)))
                0x0000000000007304                _w1_driver_api_list_end = .

wdt_driver_api_area
                0x0000000000007304        0x0
                0x0000000000007304                _wdt_driver_api_list_start = .
 *(SORT_BY_NAME(SORT_BY_ALIGNMENT(._wdt_driver_api.static.*)))
                0x0000000000007304                _wdt_driver_api_list_end = .

can_transceiver_driver_api_area
                0x0000000000007304        0x0
                0x0000000000007304                _can_transceiver_driver_api_list_start = .
 *(SORT_BY_NAME(SORT_BY_ALIGNMENT(._can_transceiver_driver_api.static.*)))
                0x0000000000007304                _can_transceiver_driver_api_list_end = .

nrf_clock_control_driver_api_area
                0x0000000000007304        0x0
                0x0000000000007304                _nrf_clock_control_driver_api_list_start = .
 *(SORT_BY_NAME(SORT_BY_ALIGNMENT(._nrf_clock_control_driver_api.static.*)))
                0x0000000000007304                _nrf_clock_control_driver_api_list_end = .

i3c_target_driver_api_area
                0x0000000000007304        0x0
                0x0000000000007304                _i3c_target_driver_api_list_start = .
 *(SORT_BY_NAME(SORT_BY_ALIGNMENT(._i3c_target_driver_api.static.*)))
                0x0000000000007304                _i3c_target_driver_api_list_end = .

its_driver_api_area
                0x0000000000007304        0x0
                0x0000000000007304                _its_driver_api_list_start = .
 *(SORT_BY_NAME(SORT_BY_ALIGNMENT(._its_driver_api.static.*)))