Archive member included to satisfy reference by file (symbol)

platform/libplatform_s.a(system_nrf91.o)
                              secure_fw/CMakeFiles/tfm_s.dir/__/platform/ext/target/nordic_nrf/common/core/startup.o (SystemInit)
platform/libplatform_s.a(exception_info.o)
                              secure_fw/CMakeFiles/tfm_s.dir/__/platform/ext/target/nordic_nrf/common/core/startup_nrf91.o (store_and_dump_context)
platform/libplatform_s.a(tfm_hal_spm_logdev_peripheral.o)
                              platform/libplatform_s.a(exception_info.o) (tfm_hal_output_spm_log)
platform/libplatform_s.a(uart_stdout.o)
                              platform/libplatform_s.a(tfm_hal_spm_logdev_peripheral.o) (stdio_output_string)
platform/libplatform_s.a(Driver_USART.o)
                              platform/libplatform_s.a(uart_stdout.o) (Driver_USART1)
platform/libplatform_s.a(nrfx_uarte.o)
                              platform/libplatform_s.a(Driver_USART.o) (nrfx_uarte_init)
platform/libplatform_s.a(nrfx_glue.o)
                              platform/libplatform_s.a(nrfx_uarte.o) (nrfx_critical_section_enter)
secure_fw/partitions/lib/runtime/libtfm_sprt.a(crt_memmove.o)
                              platform/libplatform_s.a(nrfx_uarte.o) (memmove)
secure_fw/partitions/lib/runtime/libtfm_sprt.a(crt_memcpy.o)
                              platform/libplatform_s.a(exception_info.o) (memcpy)
secure_fw/partitions/lib/runtime/libtfm_sprt.a(crt_memset.o)
                              c:/ncs/toolchains/b8b84efebd/opt/zephyr-sdk/arm-zephyr-eabi/bin/../lib/gcc/arm-zephyr-eabi/12.2.0/../../../../arm-zephyr-eabi/lib/thumb/v8-m.main/nofp/crt0.o (memset)
secure_fw/partitions/lib/runtime/libtfm_sprt.a(psa_interface_sfn.o)
                              secure_fw/CMakeFiles/tfm_s.dir/partitions/ns_agent_tz/psa_api_veneers_v80m.o (psa_framework_version)
secure_fw/spm/libtfm_spm.a(utilities.o)
                              secure_fw/CMakeFiles/tfm_s.dir/__/platform/ext/target/nordic_nrf/common/core/startup.o (tfm_core_panic)
secure_fw/spm/libtfm_spm.a(spm_log.o)
                              platform/libplatform_s.a(exception_info.o) (spm_log_msgval)
secure_fw/spm/libtfm_spm.a(main.o)
                              c:/ncs/toolchains/b8b84efebd/opt/zephyr-sdk/arm-zephyr-eabi/bin/../lib/gcc/arm-zephyr-eabi/12.2.0/../../../../arm-zephyr-eabi/lib/thumb/v8-m.main/nofp/crt0.o (main)
secure_fw/spm/libtfm_spm.a(spm_ipc.o)
                              secure_fw/spm/libtfm_spm.a(main.o) (tfm_spm_init)
secure_fw/spm/libtfm_spm.a(rom_loader.o)
                              secure_fw/spm/libtfm_spm.a(spm_ipc.o) (load_a_partition_assuredly)
secure_fw/spm/libtfm_spm.a(psa_api.o)
                              secure_fw/partitions/lib/runtime/libtfm_sprt.a(psa_interface_sfn.o) (spm_handle_programmer_errors)
secure_fw/spm/libtfm_spm.a(psa_call_api.o)
                              secure_fw/partitions/lib/runtime/libtfm_sprt.a(psa_interface_sfn.o) (tfm_spm_client_psa_call)
secure_fw/spm/libtfm_spm.a(psa_version_api.o)
                              secure_fw/partitions/lib/runtime/libtfm_sprt.a(psa_interface_sfn.o) (tfm_spm_client_psa_framework_version)
secure_fw/spm/libtfm_spm.a(psa_read_write_skip_api.o)
                              secure_fw/partitions/lib/runtime/libtfm_sprt.a(psa_interface_sfn.o) (tfm_spm_partition_psa_read)
secure_fw/spm/libtfm_spm.a(backend_sfn.o)
                              secure_fw/partitions/lib/runtime/libtfm_sprt.a(psa_interface_sfn.o) (p_current_partition)
secure_fw/spm/libtfm_spm.a(tfm_spm_ns_ctx.o)
                              secure_fw/spm/libtfm_spm.a(backend_sfn.o) (tz_ns_agent_register_client_id_range)
secure_fw/spm/libtfm_spm.a(spm_local_connection.o)
                              secure_fw/spm/libtfm_spm.a(spm_ipc.o) (connection_to_handle)
secure_fw/spm/libtfm_spm.a(tfm_arch_v8m_main.o)
                              secure_fw/spm/libtfm_spm.a(main.o) (tfm_arch_set_secure_exception_priorities)
secure_fw/spm/libtfm_spm.a(ns_agent_tz_v80m.o)
                              secure_fw/CMakeFiles/tfm_s.dir/partitions/ns_agent_tz/load_info_ns_agent_tz.o (ns_agent_tz_main)
secure_fw/spm/libtfm_spm.a(tfm_hal_isolation.o)
                              secure_fw/spm/libtfm_spm.a(spm_ipc.o) (tfm_hal_bind_boundary)
secure_fw/spm/libtfm_spm.a(tfm_hal_platform_common.o)
                              secure_fw/spm/libtfm_spm.a(tfm_spm_ns_ctx.o) (tfm_hal_get_ns_VTOR)
secure_fw/spm/libtfm_spm.a(faults.o)
                              secure_fw/CMakeFiles/tfm_s.dir/__/platform/ext/target/nordic_nrf/common/core/startup_nrf91.o (SPU_IRQHandler)
secure_fw/spm/libtfm_spm.a(target_cfg.o)
                              secure_fw/spm/libtfm_spm.a(tfm_hal_platform_common.o) (enable_fault_handlers)
secure_fw/spm/libtfm_spm.a(target_cfg_53_91.o)
                              secure_fw/spm/libtfm_spm.a(tfm_hal_platform_common.o) (init_debug)
secure_fw/spm/libtfm_spm.a(secure_peripherals_defs.o)
[...]
Memory Configuration

Name             Origin             Length             Attributes
FLASH            0x0000000000000000 0x0000000000008000 xr
RAM              0x0000000020000000 0x0000000000008000 rw
*default*        0x0000000000000000 0xffffffffffffffff

Linker script and memory map

LOAD c:/ncs/toolchains/b8b84efebd/opt/zephyr-sdk/arm-zephyr-eabi/bin/../lib/gcc/arm-zephyr-eabi/12.2.0/thumb/v8-m.main/nofp/crti.o
LOAD c:/ncs/toolchains/b8b84efebd/opt/zephyr-sdk/arm-zephyr-eabi/bin/../lib/gcc/arm-zephyr-eabi/12.2.0/thumb/v8-m.main/nofp/crtbegin.o
LOAD c:/ncs/toolchains/b8b84efebd/opt/zephyr-sdk/arm-zephyr-eabi/bin/../lib/gcc/arm-zephyr-eabi/12.2.0/../../../../arm-zephyr-eabi/lib/thumb/v8-m.main/nofp/crt0.o
LOAD secure_fw/CMakeFiles/tfm_s.dir/partitions/ns_agent_tz/psa_api_veneers_v80m.o
LOAD secure_fw/CMakeFiles/tfm_s.dir/__/platform/ext/target/nordic_nrf/common/core/startup.o
LOAD secure_fw/CMakeFiles/tfm_s.dir/__/platform/ext/target/nordic_nrf/common/core/startup_nrf91.o
LOAD secure_fw/CMakeFiles/tfm_s.dir/__/platform/ext/common/faults.o
LOAD secure_fw/CMakeFiles/tfm_s.dir/__/generated/secure_fw/partitions/crypto/auto_generated/load_info_tfm_crypto.o
LOAD secure_fw/CMakeFiles/tfm_s.dir/__/generated/secure_fw/partitions/platform/auto_generated/load_info_tfm_platform.o
LOAD secure_fw/CMakeFiles/tfm_s.dir/partitions/ns_agent_tz/load_info_ns_agent_tz.o
LOAD secure_fw/CMakeFiles/tfm_s.dir/__/platform/ext/common/syscalls_stub.o
LOAD platform/libplatform_s.a
LOAD secure_fw/partitions/lib/runtime/libtfm_sprt.a
LOAD secure_fw/spm/libtfm_spm.a
LOAD secure_fw/partitions/crypto/libtfm_psa_rot_partition_crypto.a
LOAD platform/libplatform_crypto_keys.a
LOAD secure_fw/partitions/crypto/mbedcrypto/nrf_security_src/libcrypto_service_mbedcrypto.a
LOAD secure_fw/partitions/platform/libtfm_psa_rot_partition_platform.a
LOAD secure_fw/partitions/lib/runtime/libtfm_sp_log.a
LOAD secure_fw/partitions/crypto/mbedcrypto/nrf_security_src/libmbedcrypto_base.a
LOAD secure_fw/partitions/crypto/mbedcrypto/nrf_security_src/core/nrf_oberon/libpsa_core.a
LOAD secure_fw/partitions/crypto/mbedcrypto/nrf_security_src/libnrf_security_utils.a
LOAD secure_fw/partitions/crypto/mbedcrypto/nrf_security_src/drivers/nrf_oberon/liboberon_psa_driver.a
LOAD C:/ncs/v3.1.1/nrfxlib/crypto/nrf_oberon/lib/cortex-m33/soft-float/liboberon_mbedtls_3.0.17.a
LOAD platform/libplatform_s.a
LOAD secure_fw/partitions/lib/runtime/libtfm_sprt.a
LOAD secure_fw/spm/libtfm_spm.a
LOAD secure_fw/partitions/crypto/libtfm_psa_rot_partition_crypto.a
LOAD platform/libplatform_crypto_keys.a
LOAD secure_fw/partitions/crypto/mbedcrypto/nrf_security_src/libcrypto_service_mbedcrypto.a
LOAD secure_fw/partitions/platform/libtfm_psa_rot_partition_platform.a
LOAD secure_fw/partitions/lib/runtime/libtfm_sp_log.a
LOAD secure_fw/partitions/crypto/mbedcrypto/nrf_security_src/libmbedcrypto_base.a
LOAD secure_fw/partitions/crypto/mbedcrypto/nrf_security_src/core/nrf_oberon/libpsa_core.a
LOAD secure_fw/partitions/crypto/mbedcrypto/nrf_security_src/libnrf_security_utils.a
LOAD secure_fw/partitions/crypto/mbedcrypto/nrf_security_src/drivers/nrf_oberon/liboberon_psa_driver.a
LOAD C:/ncs/v3.1.1/nrfxlib/crypto/nrf_oberon/lib/cortex-m33/soft-float/liboberon_mbedtls_3.0.17.a
LOAD platform/libplatform_s.a
LOAD secure_fw/partitions/lib/runtime/libtfm_sprt.a
LOAD secure_fw/spm/libtfm_spm.a
LOAD secure_fw/partitions/crypto/libtfm_psa_rot_partition_crypto.a
LOAD platform/libplatform_crypto_keys.a
LOAD secure_fw/partitions/crypto/mbedcrypto/nrf_security_src/libcrypto_service_mbedcrypto.a
LOAD secure_fw/partitions/platform/libtfm_psa_rot_partition_platform.a
LOAD secure_fw/partitions/lib/runtime/libtfm_sp_log.a
LOAD secure_fw/partitions/crypto/mbedcrypto/nrf_security_src/libmbedcrypto_base.a
LOAD secure_fw/partitions/crypto/mbedcrypto/nrf_security_src/core/nrf_oberon/libpsa_core.a
LOAD secure_fw/partitions/crypto/mbedcrypto/nrf_security_src/libnrf_security_utils.a
LOAD secure_fw/partitions/crypto/mbedcrypto/nrf_security_src/drivers/nrf_oberon/liboberon_psa_driver.a
LOAD C:/ncs/v3.1.1/nrfxlib/crypto/nrf_oberon/lib/cortex-m33/soft-float/liboberon_mbedtls_3.0.17.a
LOAD C:/ncs/v3.1.1/nrfxlib/crypto/nrf_cc310_platform/lib/cortex-m33/soft-float/no-interrupts/libnrf_cc310_platform_0.9.19.a
LOAD C:/ncs/v3.1.1/nrfxlib/crypto/nrf_oberon/lib/cortex-m33/soft-float/liboberon_3.0.17.a
START GROUP
LOAD c:/ncs/toolchains/b8b84efebd/opt/zephyr-sdk/arm-zephyr-eabi/bin/../lib/gcc/arm-zephyr-eabi/12.2.0/thumb/v8-m.main/nofp\libgcc.a
LOAD c:/ncs/toolchains/b8b84efebd/opt/zephyr-sdk/arm-zephyr-eabi/bin/../lib/gcc/arm-zephyr-eabi/12.2.0/../../../../arm-zephyr-eabi/lib/thumb/v8-m.main/nofp\libc_nano.a
END GROUP
START GROUP
LOAD c:/ncs/toolchains/b8b84efebd/opt/zephyr-sdk/arm-zephyr-eabi/bin/../lib/gcc/arm-zephyr-eabi/12.2.0/thumb/v8-m.main/nofp\libgcc.a
LOAD c:/ncs/toolchains/b8b84efebd/opt/zephyr-sdk/arm-zephyr-eabi/bin/../lib/gcc/arm-zephyr-eabi/12.2.0/../../../../arm-zephyr-eabi/lib/thumb/v8-m.main/nofp\libc_nano.a
LOAD c:/ncs/toolchains/b8b84efebd/opt/zephyr-sdk/arm-zephyr-eabi/bin/../lib/gcc/arm-zephyr-eabi/12.2.0/../../../../arm-zephyr-eabi/lib/thumb/v8-m.main/nofp\libnosys.a
END GROUP
START GROUP
LOAD c:/ncs/toolchains/b8b84efebd/opt/zephyr-sdk/arm-zephyr-eabi/bin/../lib/gcc/arm-zephyr-eabi/12.2.0/thumb/v8-m.main/nofp\libgcc.a
LOAD c:/ncs/toolchains/b8b84efebd/opt/zephyr-sdk/arm-zephyr-eabi/bin/../lib/gcc/arm-zephyr-eabi/12.2.0/../../../../arm-zephyr-eabi/lib/thumb/v8-m.main/nofp\libc_nano.a
LOAD c:/ncs/toolchains/b8b84efebd/opt/zephyr-sdk/arm-zephyr-eabi/bin/../lib/gcc/arm-zephyr-eabi/12.2.0/../../../../arm-zephyr-eabi/lib/thumb/v8-m.main/nofp\libnosys.a
END GROUP
LOAD c:/ncs/toolchains/b8b84efebd/opt/zephyr-sdk/arm-zephyr-eabi/bin/../lib/gcc/arm-zephyr-eabi/12.2.0/thumb/v8-m.main/nofp/crtend.o
LOAD c:/ncs/toolchains/b8b84efebd/opt/zephyr-sdk/arm-zephyr-eabi/bin/../lib/gcc/arm-zephyr-eabi/12.2.0/thumb/v8-m.main/nofp/crtn.o
                0x0000000000000800                __msp_stack_size__ = 0x800
                0x0000000000000000                Image$$PT_RO_START$$Base = ADDR (.TFM_VECTORS)

.TFM_VECTORS    0x0000000000000000      0x144
                0x0000000000000000                __vectors_start__ = .
 *(.vectors)
 .vectors       0x0000000000000000      0x144 secure_fw/CMakeFiles/tfm_s.dir/__/platform/ext/target/nordic_nrf/common/core/startup_nrf91.o
                0x0000000000000000                __Vectors
                0x0000000000000144                . = ALIGN (0x4)
                0x0000000000000144                __vectors_end__ = .
                0x0000000000000001                ASSERT ((__vectors_start__ != __vectors_end__), .vectors should not be empty)
                0x0000000000000001                ASSERT ((. <= (ADDR (.TFM_VECTORS) + 0x144)), .TFM_VECTORS section size overflow.)
                0x0000000000000144                . = (ADDR (.TFM_VECTORS) + 0x144)

.TFM_SP_LOAD_LIST
                0x0000000000000144       0xd4
 *(.part_load_priority_00)
 .part_load_priority_00
                0x0000000000000144       0x38 secure_fw/CMakeFiles/tfm_s.dir/partitions/ns_agent_tz/load_info_ns_agent_tz.o
                0x0000000000000144                tfm_sp_ns_agent_tz_load
 *(.part_load_priority_01)
 *(.part_load_priority_02)
 .part_load_priority_02
                0x000000000000017c       0x50 secure_fw/CMakeFiles/tfm_s.dir/__/generated/secure_fw/partitions/crypto/auto_generated/load_info_tfm_crypto.o
                0x000000000000017c                tfm_sp_crypto_load
 .part_load_priority_02
                0x00000000000001cc       0x4c secure_fw/CMakeFiles/tfm_s.dir/__/generated/secure_fw/partitions/platform/auto_generated/load_info_tfm_platform.o
                0x00000000000001cc                tfm_sp_platform_load
 *(.part_load_priority_03)
                0x0000000000000144                Image$$TFM_SP_LOAD_LIST$$RO$$Base = ADDR (.TFM_SP_LOAD_LIST)
                0x0000000000000218                Image$$TFM_SP_LOAD_LIST$$RO$$Limit = (ADDR (.TFM_SP_LOAD_LIST) + SIZEOF (.TFM_SP_LOAD_LIST))
                0x0000000000000220                . = ALIGN (0x20)
                0x0000000000000220                Image$$TFM_PSA_CODE_START$$Base = .

.TFM_PSA_ROT_LINKER
                0x0000000000000220      0x420
 *tfm_psa_rot_partition*:(SORT_BY_ALIGNMENT(.text*))
 .text.tfm_crypto_clear_scratch
                0x0000000000000220       0x20 secure_fw/partitions/crypto/libtfm_psa_rot_partition_crypto.a(crypto_init.o)
 .text.tfm_crypto_api_dispatcher
                0x0000000000000240       0xb0 secure_fw/partitions/crypto/libtfm_psa_rot_partition_crypto.a(crypto_init.o)
                0x0000000000000240                tfm_crypto_api_dispatcher
 .text.tfm_crypto_sfn
                0x00000000000002f0      0x17c secure_fw/partitions/crypto/libtfm_psa_rot_partition_crypto.a(crypto_init.o)
                0x00000000000002f0                tfm_crypto_sfn
 .text.tfm_crypto_init_alloc
                0x000000000000046c       0x14 secure_fw/partitions/crypto/libtfm_psa_rot_partition_crypto.a(crypto_alloc.o)
                0x000000000000046c                tfm_crypto_init_alloc
 .text.tfm_crypto_library_get_info
                0x0000000000000480       0x1c secure_fw/partitions/crypto/libtfm_psa_rot_partition_crypto.a(crypto_library.o)
                0x0000000000000480                tfm_crypto_library_get_info
 .text.tfm_crypto_core_library_init
                0x000000000000049c       0x14 secure_fw/partitions/crypto/libtfm_psa_rot_partition_crypto.a(crypto_library.o)
                0x000000000000049c                tfm_crypto_core_library_init
 .text.tfm_crypto_init
                0x00000000000004b0       0x1c secure_fw/partitions/crypto/libtfm_psa_rot_partition_crypto.a(crypto_init.o)
                0x00000000000004b0                tfm_crypto_init
 .text.tfm_crypto_cipher_interface
                0x00000000000004cc        0x6 secure_fw/partitions/crypto/libtfm_psa_rot_partition_crypto.a(crypto_cipher.o)
                0x00000000000004cc                tfm_crypto_cipher_interface
 .text.tfm_crypto_hash_interface
                0x00000000000004d2        0x6 secure_fw/partitions/crypto/libtfm_psa_rot_partition_crypto.a(crypto_hash.o)
                0x00000000000004d2                tfm_crypto_hash_interface
 .text.tfm_crypto_mac_interface
                0x00000000000004d8        0x6 secure_fw/partitions/crypto/libtfm_psa_rot_partition_crypto.a(crypto_mac.o)
                0x00000000000004d8                tfm_crypto_mac_interface
 .text.tfm_crypto_aead_interface
                0x00000000000004de        0x6 secure_fw/partitions/crypto/libtfm_psa_rot_partition_crypto.a(crypto_aead.o)
                0x00000000000004de                tfm_crypto_aead_interface
 .text.tfm_crypto_asymmetric_sign_interface
                0x00000000000004e4        0x6 secure_fw/partitions/crypto/libtfm_psa_rot_partition_crypto.a(crypto_asymmetric.o)
                0x00000000000004e4                tfm_crypto_asymmetric_sign_interface
 .text.tfm_crypto_asymmetric_encrypt_interface
                0x00000000000004ea        0x6 secure_fw/partitions/crypto/libtfm_psa_rot_partition_crypto.a(crypto_asymmetric.o)
                0x00000000000004ea                tfm_crypto_asymmetric_encrypt_interface
 .text.tfm_crypto_key_derivation_interface
                0x00000000000004f0        0x6 secure_fw/partitions/crypto/libtfm_psa_rot_partition_crypto.a(crypto_key_derivation.o)
                0x00000000000004f0                tfm_crypto_key_derivation_interface
 .text.tfm_crypto_key_management_interface
                0x00000000000004f6        0x6 secure_fw/partitions/crypto/libtfm_psa_rot_partition_crypto.a(crypto_key_management.o)
                0x00000000000004f6                tfm_crypto_key_management_interface
 .text.tfm_crypto_random_interface
                0x00000000000004fc        0x8 secure_fw/partitions/crypto/libtfm_psa_rot_partition_crypto.a(crypto_rng.o)
                0x00000000000004fc                tfm_crypto_random_interface
 .text.tfm_crypto_pake_interface
                0x0000000000000504        0x6 secure_fw/partitions/crypto/libtfm_psa_rot_partition_crypto.a(crypto_pake.o)
                0x0000000000000504                tfm_crypto_pake_interface
 .text.tfm_platform_service_sfn
                0x000000000000050a      0x114 secure_fw/partitions/platform/libtfm_psa_rot_partition_platform.a(platform_sp.o)
                0x000000000000050a                tfm_platform_service_sfn
 .text.platform_sp_init
                0x000000000000061e        0x4 secure_fw/partitions/platform/libtfm_psa_rot_partition_platform.a(platform_sp.o)
                0x000000000000061e                platform_sp_init
 *tfm_psa_rot_partition*:(SORT_BY_ALIGNMENT(.rodata*))
 .rodata.tfm_crypto_library_get_info.str1.1
                0x0000000000000622        0xf secure_fw/partitions/crypto/libtfm_psa_rot_partition_crypto.a(crypto_library.o)
 *(TFM_*_PSA-ROT_ATTR_FN)
                0x0000000000000640                . = ALIGN (0x20)
 *fill*         0x0000000000000631        0xf 
                0x0000000000000220                Image$$TFM_PSA_ROT_LINKER$$RO$$Base = ADDR (.TFM_PSA_ROT_LINKER)
                0x0000000000000640                Image$$TFM_PSA_ROT_LINKER$$RO$$Limit = (ADDR (.TFM_PSA_ROT_LINKER) + SIZEOF (.TFM_PSA_ROT_LINKER))
                0x0000000000000220                Image$$TFM_PSA_ROT_LINKER$$Base = ADDR (.TFM_PSA_ROT_LINKER)
                0x0000000000000640                Image$$TFM_PSA_ROT_LINKER$$Limit = (ADDR (.TFM_PSA_ROT_LINKER) + SIZEOF (.TFM_PSA_ROT_LINKER))
                0x0000000000000640                Image$$TFM_PSA_CODE_END$$Base = .
                0x0000000000000640                Image$$TFM_APP_CODE_START$$Base = .

.TFM_APP_ROT_LINKER
                0x0000000000000640        0x0
 *tfm_app_rot_partition*:(SORT_BY_ALIGNMENT(.text*))
 *tfm_app_rot_partition*:(SORT_BY_ALIGNMENT(.rodata*))
 *(TFM_*_APP-ROT_ATTR_FN)
                0x0000000000000640                . = ALIGN (0x20)
                0x0000000000000640                Image$$TFM_APP_ROT_LINKER$$RO$$Base = ADDR (.TFM_APP_ROT_LINKER)
                0x0000000000000640                Image$$TFM_APP_ROT_LINKER$$RO$$Limit = (ADDR (.TFM_APP_ROT_LINKER) + SIZEOF (.TFM_APP_ROT_LINKER))
                0x0000000000000640                Image$$TFM_APP_ROT_LINKER$$Base = ADDR (.TFM_APP_ROT_LINKER)
                0x0000000000000640                Image$$TFM_APP_ROT_LINKER$$Limit = (ADDR (.TFM_APP_ROT_LINKER) + SIZEOF (.TFM_APP_ROT_LINKER))
                0x0000000000000640                Image$$TFM_APP_CODE_END$$Base = .

.ARM.extab
 *(.ARM.extab* .gnu.linkonce.armextab.*)
                0x0000000000000640                __exidx_start = .

.ARM.exidx      0x0000000000000640        0x8
 *(.ARM.exidx* .gnu.linkonce.armexidx.*)
 .ARM.exidx     0x0000000000000640        0x8 c:/ncs/toolchains/b8b84efebd/opt/zephyr-sdk/arm-zephyr-eabi/bin/../lib/gcc/arm-zephyr-eabi/12.2.0/../../../../arm-zephyr-eabi/lib/thumb/v8-m.main/nofp/crt0.o
                                         0x10 (size before relaxing)
                0x0000000000000648                __exidx_end = .

.ER_TFM_CODE    0x0000000000000648     0x2f47
                0x0000000000000648                . = ALIGN (0x4)
                0x0000000000000648                PROVIDE (__preinit_array_start = .)
 *(.preinit_array)
                0x0000000000000648                PROVIDE (__preinit_array_end = .)
                0x0000000000000648                . = ALIGN (0x4)
                0x0000000000000648                PROVIDE (__init_array_start = .)
 *(SORT_BY_NAME(.init_array.*))
 *(.init_array)
 .init_array    0x0000000000000648        0x4 c:/ncs/toolchains/b8b84efebd/opt/zephyr-sdk/arm-zephyr-eabi/bin/../lib/gcc/arm-zephyr-eabi/12.2.0/thumb/v8-m.main/nofp/crtbegin.o
                0x000000000000064c                PROVIDE (__init_array_end = .)
                0x000000000000064c                . = ALIGN (0x4)
                [!provide]                        PROVIDE (__fini_array_start = .)
 *(SORT_BY_NAME(.fini_array.*))
 *(.fini_array)
 .fini_array    0x000000000000064c        0x4 c:/ncs/toolchains/b8b84efebd/opt/zephyr-sdk/arm-zephyr-eabi/bin/../lib/gcc/arm-zephyr-eabi/12.2.0/thumb/v8-m.main/nofp/crtbegin.o
                [!provide]                        PROVIDE (__fini_array_end = .)
                0x0000000000000650                . = ALIGN (0x4)
                0x0000000000000650                __copy_table_start__ = .
                0x0000000000000650        0x4 LONG 0x7c40 LOADADDR (.TFM_DATA)
                0x0000000000000654        0x4 LONG 0x20001080 ADDR (.TFM_DATA)
                0x0000000000000658        0x4 LONG 0x47 (SIZEOF (.TFM_DATA) / 0x4)
                0x000000000000065c        0x4 LONG 0x7c40 LOADADDR (.TFM_PSA_ROT_LINKER_DATA)
                0x0000000000000660        0x4 LONG 0x20000c20 ADDR (.TFM_PSA_ROT_LINKER_DATA)
                0x0000000000000664        0x4 LONG 0x0 (SIZEOF (.TFM_PSA_ROT_LINKER_DATA) / 0x4)
                0x0000000000000668        0x4 LONG 0x7c40 LOADADDR (.TFM_APP_ROT_LINKER_DATA)
                0x000000000000066c        0x4 LONG 0x20000c00 ADDR (.TFM_APP_ROT_LINKER_DATA)
                0x0000000000000670        0x4 LONG 0x0 (SIZEOF (.TFM_APP_ROT_LINKER_DATA) / 0x4)
                0x0000000000000674                __copy_table_end__ = .
                0x0000000000000674                . = ALIGN (0x4)
                0x0000000000000674                __zero_table_start__ = .
                0x0000000000000674        0x4 LONG 0x2000119c ADDR (.TFM_BSS)
                0x0000000000000678        0x4 LONG 0x5c2 (SIZEOF (.TFM_BSS) / 0x4)
                0x000000000000067c        0x4 LONG 0x20000c20 ADDR (.TFM_PSA_ROT_LINKER_BSS)
                0x0000000000000680        0x4 LONG 0x118 (SIZEOF (.TFM_PSA_ROT_LINKER_BSS) / 0x4)
                0x0000000000000684        0x4 LONG 0x20000c00 ADDR (.TFM_APP_ROT_LINKER_BSS)
                0x0000000000000688        0x4 LONG 0x8 (SIZEOF (.TFM_APP_ROT_LINKER_BSS) / 0x4)
                0x000000000000068c                __zero_table_end__ = .
 *startup*(.text*)
 .text.default_irq_handler
                0x000000000000068c        0x4 secure_fw/CMakeFiles/tfm_s.dir/__/platform/ext/target/nordic_nrf/common/core/startup.o
                0x000000000000068c                default_irq_handler
 .text.Reset_Handler
                0x0000000000000690       0xa4 secure_fw/CMakeFiles/tfm_s.dir/__/platform/ext/target/nordic_nrf/common/core/startup.o
                0x0000000000000690                Reset_Handler
 .text.default_tfm_IRQHandler
                0x0000000000000734       0x1c secure_fw/CMakeFiles/tfm_s.dir/__/platform/ext/target/nordic_nrf/common/core/startup_nrf91.o
                0x0000000000000734                TIMER2_IRQHandler
                0x0000000000000734                DebugMon_Handler
                0x0000000000000734                RTC0_IRQHandler
                0x0000000000000734                SysTick_Handler
                0x0000000000000734                PWM1_IRQHandler
                0x0000000000000734                PendSV_Handler
                0x0000000000000734                NMI_Handler
                0x0000000000000734                PDM_IRQHandler
                0x0000000000000734                default_tfm_IRQHandler
                0x0000000000000734                IPC_IRQHandler
                0x0000000000000734                PWM3_IRQHandler
                0x0000000000000734                FPU_IRQHandler
                0x0000000000000734                EGU3_IRQHandler
                0x0000000000000734                KMU_IRQHandler
                0x0000000000000734                CRYPTOCELL_IRQHandler
                0x0000000000000734                I2S_IRQHandler
                0x0000000000000734                EGU2_IRQHandler
                0x0000000000000734                TIMER0_IRQHandler
                0x0000000000000734                EGU4_IRQHandler
                0x0000000000000734                EGU0_IRQHandler
                0x0000000000000734                GPIOTE1_IRQHandler
                0x0000000000000734                TIMER1_IRQHandler
                0x0000000000000734                PWM2_IRQHandler
                0x0000000000000734                EGU1_IRQHandler
                0x0000000000000734                EGU5_IRQHandler
                0x0000000000000734                UARTE3_SPIM3_SPIS3_TWIM3_TWIS3_IRQHandler
                0x0000000000000734                SAADC_IRQHandler
                0x0000000000000734                GPIOTE0_IRQHandler
                0x0000000000000734                WDT_IRQHandler
                0x0000000000000734                SPIM0_SPIS0_TWIM0_TWIS0_UARTE0_IRQHandler
                0x0000000000000734                SPIM2_SPIS2_TWIM2_TWIS2_UARTE2_IRQHandler
                0x0000000000000734                PWM0_IRQHandler
                0x0000000000000734                RTC1_IRQHandler
                0x0000000000000734                SPIM1_SPIS1_TWIM1_TWIS1_UARTE1_IRQHandler
                0x0000000000000734                CLOCK_POWER_IRQHandler
 *libplatform_s*:(SORT_BY_ALIGNMENT(.text*))
 .text.uicr_HFXOCNT_erased
                0x0000000000000750       0x40 platform/libplatform_s.a(system_nrf91.o)
 .text.uicr_HFXOSRC_erased
                0x0000000000000790       0x3c platform/libplatform_s.a(system_nrf91.o)
 .text.SystemInit
                0x00000000000007cc      0x1c8 platform/libplatform_s.a(system_nrf91.o)
                0x00000000000007cc                SystemInit
 .text.tfm_exception_info_get_context
                0x0000000000000994        0xc platform/libplatform_s.a(exception_info.o)
                0x0000000000000994                tfm_exception_info_get_context
 .text.store_and_dump_context
                0x00000000000009a0      0x118 platform/libplatform_s.a(exception_info.o)
                0x00000000000009a0                store_and_dump_context
 .text.stdio_output_string
                0x0000000000000ab8       0x40 platform/libplatform_s.a(uart_stdout.o)
                0x0000000000000ab8                stdio_output_string
 .text.stdio_init
                0x0000000000000af8       0x30 platform/libplatform_s.a(uart_stdout.o)
                0x0000000000000af8                stdio_init
 .text.ARM_USART_GetVersion
                0x0000000000000b28       0x20 platform/libplatform_s.a(Driver_USART.o)
 .text.ARM_USART1_GetTxCount
                0x0000000000000b48        0xc platform/libplatform_s.a(Driver_USART.o)
 .text.ARM_USART1_GetRxCount
                0x0000000000000b54        0xc platform/libplatform_s.a(Driver_USART.o)
 .text.ARM_USART1_Uninitialize
                0x0000000000000b60       0x18 platform/libplatform_s.a(Driver_USART.o)
 .text.ARM_USART1_Receive
                0x0000000000000b78       0x3c platform/libplatform_s.a(Driver_USART.o)
 .text.ARM_USARTx_Send.constprop.0
                0x0000000000000bb4       0x78 platform/libplatform_s.a(Driver_USART.o)
 .text.ARM_USART1_Control
                0x0000000000000c2c      0x178 platform/libplatform_s.a(Driver_USART.o)
 .text.ARM_USART1_Initialize
                0x0000000000000da4       0x6c platform/libplatform_s.a(Driver_USART.o)
 .text.on_rx_disabled
                0x0000000000000e10       0x64 platform/libplatform_s.a(nrfx_uarte.o)
 .text.nrf_gpio_cfg_input.constprop.0
                0x0000000000000e74       0x30 platform/libplatform_s.a(nrfx_uarte.o)
 .text.blocking_tx
                0x0000000000000ea4      0x1b8 platform/libplatform_s.a(nrfx_uarte.o)
 .text.nrf_gpio_pin_set
                0x000000000000105c       0x18 platform/libplatform_s.a(nrfx_uarte.o)
 .text.nrf_gpio_cfg_output
                0x0000000000001074       0x34 platform/libplatform_s.a(nrfx_uarte.o)
 .text.uarte_configure
                0x00000000000010a8      0x178 platform/libplatform_s.a(nrfx_uarte.o)
 .text.nrf_gpio_cfg_default
                0x0000000000001220       0x34 platform/libplatform_s.a(nrfx_uarte.o)
 .text.nrfx_uarte_init
                0x0000000000001254      0x16c platform/libplatform_s.a(nrfx_uarte.o)
                0x0000000000001254                nrfx_uarte_init
 .text.nrfx_uarte_tx
                0x00000000000013c0       0xd8 platform/libplatform_s.a(nrfx_uarte.o)
                0x00000000000013c0                nrfx_uarte_tx
 .text.nrfx_uarte_tx_abort
                0x0000000000001498       0xb8 platform/libplatform_s.a(nrfx_uarte.o)
                0x0000000000001498                nrfx_uarte_tx_abort
 .text.nrfx_uarte_rx_enable
                0x0000000000001550      0x14c platform/libplatform_s.a(nrfx_uarte.o)
                0x0000000000001550                nrfx_uarte_rx_enable
 .text.nrfx_uarte_rx_buffer_set
                0x000000000000169c      0x190 platform/libplatform_s.a(nrfx_uarte.o)
                0x000000000000169c                nrfx_uarte_rx_buffer_set
 .text.nrfx_uarte_rx_abort
                0x000000000000182c      0x150 platform/libplatform_s.a(nrfx_uarte.o)
                0x000000000000182c                nrfx_uarte_rx_abort
 .text.nrfx_uarte_uninit
                0x000000000000197c       0xd0 platform/libplatform_s.a(nrfx_uarte.o)
                0x000000000000197c                nrfx_uarte_uninit
 .text.nrfx_uarte_rx_ready
                0x0000000000001a4c       0x54 platform/libplatform_s.a(nrfx_uarte.o)
                0x0000000000001a4c                nrfx_uarte_rx_ready
 .text.nrfx_uarte_rx
                0x0000000000001aa0       0x84 platform/libplatform_s.a(nrfx_uarte.o)
                0x0000000000001aa0                nrfx_uarte_rx
 .text.nrfx_critical_section_enter
                0x0000000000001b24       0x10 platform/libplatform_s.a(nrfx_glue.o)
                0x0000000000001b24                nrfx_critical_section_enter
 .text.nrfx_critical_section_exit
                0x0000000000001b34       0x14 platform/libplatform_s.a(nrfx_glue.o)
                0x0000000000001b34                nrfx_critical_section_exit
 .text.mpu_armv8m_enable
                0x0000000000001b48       0x34 platform/libplatform_s.a(mpu_armv8m_drv.o)
                0x0000000000001b48                mpu_armv8m_enable
 .text.spu_enable_interrupts
                0x0000000000001b7c       0x10 platform/libplatform_s.a(spu.o)
                0x0000000000001b7c                spu_enable_interrupts
 .text.spu_events_get
                0x0000000000001b8c       0x28 platform/libplatform_s.a(spu.o)
                0x0000000000001b8c                spu_events_get
 .text.spu_clear_events
                0x0000000000001bb4       0x24 platform/libplatform_s.a(spu.o)
                0x0000000000001bb4                spu_clear_events
 .text.spu_regions_reset_unlocked_secure
                0x0000000000001bd8       0x30 platform/libplatform_s.a(spu.o)
                0x0000000000001bd8                spu_regions_reset_unlocked_secure
 .text.spu_regions_flash_config
                0x0000000000001c08       0x2c platform/libplatform_s.a(spu.o)
                0x0000000000001c08                spu_regions_flash_config
 .text.spu_regions_sram_config
                0x0000000000001c34       0x34 platform/libplatform_s.a(spu.o)
                0x0000000000001c34                spu_regions_sram_config
 .text.spu_regions_flash_config_non_secure_callable
                0x0000000000001c68       0x30 platform/libplatform_s.a(spu.o)
                0x0000000000001c68                spu_regions_flash_config_non_secure_callable
 .text.spu_regions_sram_get_last_address_in_region
                0x0000000000001c98        0xc platform/libplatform_s.a(spu.o)
                0x0000000000001c98                spu_regions_sram_get_last_address_in_region
 .text.spu_peripheral_config_secure
                0x0000000000001ca4       0x1c platform/libplatform_s.a(spu.o)
                0x0000000000001ca4                spu_peripheral_config_secure
 .text.spu_peripheral_config_non_secure
                0x0000000000001cc0       0x18 platform/libplatform_s.a(spu.o)
                0x0000000000001cc0                spu_peripheral_config_non_secure
 .text.nrf_exception_info_store_context
                0x0000000000001cd8       0x20 platform/libplatform_s.a(nrf_exception_info.o)
                0x0000000000001cd8                nrf_exception_info_store_context
 .text.nrf_exception_info_get_context
                0x0000000000001cf8        0xc platform/libplatform_s.a(nrf_exception_info.o)
                0x0000000000001cf8                nrf_exception_info_get_context
 .text.tfm_hal_platform_init
                0x0000000000001d04       0x44 platform/libplatform_s.a(tfm_hal_platform.o)
                0x0000000000001d04                tfm_hal_platform_init
 .text.ns_fault_service_set_handler
                0x0000000000001d48       0x14 platform/libplatform_s.a(ns_fault_service.o)
                0x0000000000001d48                ns_fault_service_set_handler
 .text.call_ns_callback
                0x0000000000001d5c       0xa8 platform/libplatform_s.a(ns_fault_service.o)
                0x0000000000001d5c                call_ns_callback
 .text.ns_fault_service_call_handler
                0x0000000000001e04       0x34 platform/libplatform_s.a(ns_fault_service.o)
                0x0000000000001e04                ns_fault_service_call_handler
 .text.tfm_platform_hal_system_reset
                0x0000000000001e38       0x24 platform/libplatform_s.a(tfm_platform_system.o)
                0x0000000000001e38                tfm_platform_hal_system_reset
 .text.tfm_platform_hal_read_service
                0x0000000000001e5c       0xc0 platform/libplatform_s.a(tfm_platform_hal_ioctl.o)
                0x0000000000001e5c                tfm_platform_hal_read_service
 .text.nrf91_errata_6
                0x0000000000001f1c       0x1e platform/libplatform_s.a(system_nrf91.o)
 .text.nrf91_errata_14
                0x0000000000001f3a       0x24 platform/libplatform_s.a(system_nrf91.o)
 .text.tfm_hal_output_spm_log
                0x0000000000001f5e        0x4 platform/libplatform_s.a(tfm_hal_spm_logdev_peripheral.o)
                0x0000000000001f5e                tfm_hal_output_spm_log
 .text.ARM_USART_GetCapabilities
                0x0000000000001f62        0x4 platform/libplatform_s.a(Driver_USART.o)
 .text.ARM_USART_Transfer
                0x0000000000001f66        0x6 platform/libplatform_s.a(Driver_USART.o)
 .text.ARM_USART_GetStatus
                0x0000000000001f6c        0xc platform/libplatform_s.a(Driver_USART.o)
 .text.ARM_USART_SetModemControl
                0x0000000000001f78        0x6 platform/libplatform_s.a(Driver_USART.o)
 .text.ARM_USART_GetModemStatus
                0x0000000000001f7e        0xc platform/libplatform_s.a(Driver_USART.o)
 .text.ARM_USART1_PowerControl
                0x0000000000001f8a        0xc platform/libplatform_s.a(Driver_USART.o)
 .text.ARM_USART1_Send
                0x0000000000001f96        0x4 platform/libplatform_s.a(Driver_USART.o)
 .text.uart_config_set_uart_pins
                0x0000000000001f9a       0x3e platform/libplatform_s.a(Driver_USART.o)
                0x0000000000001f9a                uart_config_set_uart_pins
 .text.is_tx_ready
                0x0000000000001fd8       0x1a platform/libplatform_s.a(nrfx_uarte.o)
 .text.user_handler
                0x0000000000001ff2       0x22 platform/libplatform_s.a(nrfx_uarte.o)
 .text.user_handler_on_rx_done
                0x0000000000002014       0x28 platform/libplatform_s.a(nrfx_uarte.o)
 .text.disable_hw_from_rx
                0x000000000000203c       0x24 platform/libplatform_s.a(nrfx_uarte.o)
 .text.disable_hw_from_tx
                0x0000000000002060       0x16 platform/libplatform_s.a(nrfx_uarte.o)
 .text.tx_prepare_start.isra.0
                0x0000000000002076       0x7e platform/libplatform_s.a(nrfx_uarte.o)
 .text.mpu_armv8m_region_enable
                0x00000000000020f4       0x6a platform/libplatform_s.a(mpu_armv8m_drv.o)
                0x00000000000020f4                mpu_armv8m_region_enable
 .text.mpu_armv8m_region_disable
                0x000000000000215e       0x14 platform/libplatform_s.a(mpu_armv8m_drv.o)
                0x000000000000215e                mpu_armv8m_region_disable
 .text.mpu_armv8m_clean
                0x0000000000002172       0x22 platform/libplatform_s.a(mpu_armv8m_drv.o)
                0x0000000000002172                mpu_armv8m_clean
 .text.spu_regions_flash_get_base_address_in_region
                0x0000000000002194        0x4 platform/libplatform_s.a(spu.o)
                0x0000000000002194                spu_regions_flash_get_base_address_in_region
 .text.spu_regions_flash_get_last_address_in_region
                0x0000000000002198        0xa platform/libplatform_s.a(spu.o)
                0x0000000000002198                spu_regions_flash_get_last_address_in_region
 .text.spu_regions_flash_get_start_id
                0x00000000000021a2        0x4 platform/libplatform_s.a(spu.o)
                0x00000000000021a2                spu_regions_flash_get_start_id
 .text.spu_regions_flash_get_last_id
                0x00000000000021a6        0x4 platform/libplatform_s.a(spu.o)
                0x00000000000021a6                spu_regions_flash_get_last_id
 .text.spu_regions_flash_get_region_size
                0x00000000000021aa        0x6 platform/libplatform_s.a(spu.o)
                0x00000000000021aa                spu_regions_flash_get_region_size
 .text.spu_regions_sram_get_base_address_in_region
                0x00000000000021b0        0xa platform/libplatform_s.a(spu.o)
                0x00000000000021b0                spu_regions_sram_get_base_address_in_region
 .text.spu_regions_sram_get_start_id
                0x00000000000021ba        0x4 platform/libplatform_s.a(spu.o)
                0x00000000000021ba                spu_regions_sram_get_start_id
 .text.spu_regions_sram_get_last_id
                0x00000000000021be        0x4 platform/libplatform_s.a(spu.o)
                0x00000000000021be                spu_regions_sram_get_last_id
 .text.spu_regions_sram_get_region_size
                0x00000000000021c2        0x6 platform/libplatform_s.a(spu.o)
                0x00000000000021c2                spu_regions_sram_get_region_size
 .text.tfm_plat_otp_init
                0x00000000000021c8        0x4 platform/libplatform_s.a(dummy_otp.o)
                0x00000000000021c8                tfm_plat_otp_init
 .text.tfm_hal_system_halt
                0x00000000000021cc        0xc platform/libplatform_s.a(tfm_hal_reset_halt.o)
                0x00000000000021cc                tfm_hal_system_halt
 .text.tfm_plat_provisioning_is_required
                0x00000000000021d8       0x10 platform/libplatform_s.a(dummy_provisioning.o)
                0x00000000000021d8                tfm_plat_provisioning_is_required
 .text.tfm_plat_provisioning_perform
                0x00000000000021e8        0x4 platform/libplatform_s.a(dummy_provisioning.o)
                0x00000000000021e8                tfm_plat_provisioning_perform
 .text.tfm_plat_provisioning_check_for_dummy_keys
                0x00000000000021ec        0x2 platform/libplatform_s.a(dummy_provisioning.o)
                0x00000000000021ec                tfm_plat_provisioning_check_for_dummy_keys
 .text.tfm_platform_hal_ioctl
                0x00000000000021ee       0x7c platform/libplatform_s.a(tfm_platform_system.o)
                0x00000000000021ee                tfm_platform_hal_ioctl
 .text.tfm_platform_hal_write32_service
                0x000000000000226a       0x2c platform/libplatform_s.a(tfm_platform_hal_ioctl.o)
                0x000000000000226a                tfm_platform_hal_write32_service
 *libtfm_spm*:(SORT_BY_ALIGNMENT(.text*))
 *fill*         0x0000000000002296        0x2 
 .text.spm_log_msgval
                0x0000000000002298       0x58 secure_fw/spm/libtfm_spm.a(spm_log.o)
                0x0000000000002298                spm_log_msgval
 .text.startup.main
                0x00000000000022f0       0x7c secure_fw/spm/libtfm_spm.a(main.o)
                0x00000000000022f0                main
 .text.tfm_spm_get_service_by_sid
                0x000000000000236c       0x2c secure_fw/spm/libtfm_spm.a(spm_ipc.o)
                0x000000000000236c                tfm_spm_get_service_by_sid
 .text.tfm_spm_check_authorization
                0x0000000000002398       0x44 secure_fw/spm/libtfm_spm.a(spm_ipc.o)
                0x0000000000002398                tfm_spm_check_authorization
 .text.spm_init_idle_connection
                0x00000000000023dc       0x30 secure_fw/spm/libtfm_spm.a(spm_ipc.o)
                0x00000000000023dc                spm_init_idle_connection
 .text.tfm_spm_partition_get_running_partition_id
                0x000000000000240c       0x14 secure_fw/spm/libtfm_spm.a(spm_ipc.o)
                0x000000000000240c                tfm_spm_partition_get_running_partition_id
 .text.tfm_spm_is_ns_caller
                0x0000000000002420       0x20 secure_fw/spm/libtfm_spm.a(spm_ipc.o)
                0x0000000000002420                tfm_spm_is_ns_caller
 .text.spm_get_idle_connection
                0x0000000000002440       0x78 secure_fw/spm/libtfm_spm.a(spm_ipc.o)
                0x0000000000002440                spm_get_idle_connection
 .text.tfm_spm_init
                0x00000000000024b8       0x64 secure_fw/spm/libtfm_spm.a(spm_ipc.o)
                0x00000000000024b8                tfm_spm_init
 .text.load_a_partition_assuredly
                0x000000000000251c      0x10c secure_fw/spm/libtfm_spm.a(rom_loader.o)
                0x000000000000251c                load_a_partition_assuredly
 .text.load_services_assuredly
                0x0000000000002628       0xb4 secure_fw/spm/libtfm_spm.a(rom_loader.o)
                0x0000000000002628                load_services_assuredly
 .text.spm_associate_call_params
                0x00000000000026dc      0x188 secure_fw/spm/libtfm_spm.a(psa_call_api.o)
                0x00000000000026dc                spm_associate_call_params
 .text.tfm_spm_partition_psa_read
                0x0000000000002864       0x74 secure_fw/spm/libtfm_spm.a(psa_read_write_skip_api.o)
                0x0000000000002864                tfm_spm_partition_psa_read
 .text.tfm_spm_partition_psa_write
                0x00000000000028d8       0x74 secure_fw/spm/libtfm_spm.a(psa_read_write_skip_api.o)
                0x00000000000028d8                tfm_spm_partition_psa_write
 .text.spm_init_function
                0x000000000000294c       0x4c secure_fw/spm/libtfm_spm.a(backend_sfn.o)
 .text.backend_messaging
                0x0000000000002998       0x48 secure_fw/spm/libtfm_spm.a(backend_sfn.o)
                0x0000000000002998                backend_messaging
 .text.backend_replying
                0x00000000000029e0       0x10 secure_fw/spm/libtfm_spm.a(backend_sfn.o)
                0x00000000000029e0                backend_replying
 .text.backend_init_comp_assuredly
                0x00000000000029f0       0x2c secure_fw/spm/libtfm_spm.a(backend_sfn.o)
                0x00000000000029f0                backend_init_comp_assuredly
 .text.backend_system_run
                0x0000000000002a1c       0x5c secure_fw/spm/libtfm_spm.a(backend_sfn.o)
                0x0000000000002a1c                backend_system_run
 .text.tz_ns_agent_register_client_id_range
                0x0000000000002a78        0xc secure_fw/spm/libtfm_spm.a(tfm_spm_ns_ctx.o)
                0x0000000000002a78                tz_ns_agent_register_client_id_range
 .text.tfm_nspm_get_current_client_id
                0x0000000000002a84       0x14 secure_fw/spm/libtfm_spm.a(tfm_spm_ns_ctx.o)
                0x0000000000002a84                tfm_nspm_get_current_client_id
 .text.tfm_nspm_ctx_init
                0x0000000000002a98       0x18 secure_fw/spm/libtfm_spm.a(tfm_spm_ns_ctx.o)
                0x0000000000002a98                tfm_nspm_ctx_init
 .text.SVC_Handler
                0x0000000000002ab0       0x68 secure_fw/spm/libtfm_spm.a(tfm_arch_v8m_main.o)
                0x0000000000002ab0                SVC_Handler
 .text.tfm_arch_set_secure_exception_priorities
                0x0000000000002b18       0x28 secure_fw/spm/libtfm_spm.a(tfm_arch_v8m_main.o)
                0x0000000000002b18                tfm_arch_set_secure_exception_priorities
 .text.ns_agent_tz_main
                0x0000000000002b40       0x30 secure_fw/spm/libtfm_spm.a(ns_agent_tz_v80m.o)
                0x0000000000002b40                ns_agent_tz_main
 .text.tfm_hal_bind_boundary
                0x0000000000002b70       0x78 secure_fw/spm/libtfm_spm.a(tfm_hal_isolation.o)
                0x0000000000002b70                tfm_hal_bind_boundary
 .text.mpu_init_cfg
                0x0000000000002be8       0xf0 secure_fw/spm/libtfm_spm.a(tfm_hal_isolation.o)
                0x0000000000002be8                mpu_init_cfg
 .text.tfm_hal_get_ns_VTOR
                0x0000000000002cd8        0xc secure_fw/spm/libtfm_spm.a(tfm_hal_platform_common.o)
                0x0000000000002cd8                tfm_hal_get_ns_VTOR
 .text.tfm_hal_get_ns_MSP
                0x0000000000002ce4        0xc secure_fw/spm/libtfm_spm.a(tfm_hal_platform_common.o)
                0x0000000000002ce4                tfm_hal_get_ns_MSP
 .text.tfm_hal_get_ns_entry_point
                0x0000000000002cf0        0xc secure_fw/spm/libtfm_spm.a(tfm_hal_platform_common.o)
                0x0000000000002cf0                tfm_hal_get_ns_entry_point
 .text.SPU_Handler
                0x0000000000002cfc       0x3c secure_fw/spm/libtfm_spm.a(faults.o)
                0x0000000000002cfc                SPU_Handler
 .text.enable_fault_handlers
                0x0000000000002d38       0x14 secure_fw/spm/libtfm_spm.a(target_cfg.o)
                0x0000000000002d38                enable_fault_handlers
 .text.system_reset_cfg
                0x0000000000002d4c       0x18 secure_fw/spm/libtfm_spm.a(target_cfg.o)
                0x0000000000002d4c                system_reset_cfg
 .text.sau_and_idau_cfg
                0x0000000000002d64       0x20 secure_fw/spm/libtfm_spm.a(target_cfg_53_91.o)
                0x0000000000002d64                sau_and_idau_cfg
 .text.spu_init_cfg
                0x0000000000002d84       0x68 secure_fw/spm/libtfm_spm.a(target_cfg_53_91.o)
                0x0000000000002d84                spu_init_cfg
 .text.spu_periph_init_cfg
                0x0000000000002dec       0x44 secure_fw/spm/libtfm_spm.a(target_cfg_53_91.o)
                0x0000000000002dec                spu_periph_init_cfg
 .text.nvic_interrupt_target_state_cfg
                0x0000000000002e30       0x40 secure_fw/spm/libtfm_spm.a(target_cfg_53_91.o)
                0x0000000000002e30                nvic_interrupt_target_state_cfg
 .text.nvic_interrupt_enable
                0x0000000000002e70       0x18 secure_fw/spm/libtfm_spm.a(target_cfg_53_91.o)
                0x0000000000002e70                nvic_interrupt_enable
 .text.tfm_core_validate_boot_data
                0x0000000000002e88        0xc secure_fw/spm/libtfm_spm.a(tfm_boot_data.o)
                0x0000000000002e88                tfm_core_validate_boot_data
 .text.tfm_core_get_boot_data_handler
                0x0000000000002e94       0x34 secure_fw/spm/libtfm_spm.a(tfm_boot_data.o)
                0x0000000000002e94                tfm_core_get_boot_data_handler
 .text.spm_svc_handler
                0x0000000000002ec8       0x88 secure_fw/spm/libtfm_spm.a(tfm_svcalls.o)
                0x0000000000002ec8                spm_svc_handler
 .text.tfm_core_panic
                0x0000000000002f50        0x4 secure_fw/spm/libtfm_spm.a(utilities.o)
                0x0000000000002f50                tfm_core_panic
 .text.tfm_spm_check_client_version
                0x0000000000002f54       0x24 secure_fw/spm/libtfm_spm.a(spm_ipc.o)
                0x0000000000002f54                tfm_spm_check_client_version
 .text.spm_msg_handle_to_connection
                0x0000000000002f78       0x28 secure_fw/spm/libtfm_spm.a(spm_ipc.o)
                0x0000000000002f78                spm_msg_handle_to_connection
 .text.tfm_spm_get_client_id
                0x0000000000002fa0       0x20 secure_fw/spm/libtfm_spm.a(spm_ipc.o)
                0x0000000000002fa0                tfm_spm_get_client_id
 .text.load_irqs_assuredly
                0x0000000000002fc0        0x2 secure_fw/spm/libtfm_spm.a(rom_loader.o)
                0x0000000000002fc0                load_irqs_assuredly
 .text.spm_handle_programmer_errors
                0x0000000000002fc2       0x18 secure_fw/spm/libtfm_spm.a(psa_api.o)
                0x0000000000002fc2                spm_handle_programmer_errors
 .text.tfm_spm_partition_psa_reply
                0x0000000000002fda       0xbc secure_fw/spm/libtfm_spm.a(psa_api.o)
                0x0000000000002fda                tfm_spm_partition_psa_reply
 .text.tfm_spm_partition_psa_panic
                0x0000000000003096        0xc secure_fw/spm/libtfm_spm.a(psa_api.o)
                0x0000000000003096                tfm_spm_partition_psa_panic
 .text.tfm_spm_client_psa_call
                0x00000000000030a2       0x54 secure_fw/spm/libtfm_spm.a(psa_call_api.o)
                0x00000000000030a2                tfm_spm_client_psa_call
 .text.tfm_spm_client_psa_framework_version
                0x00000000000030f6        0x6 secure_fw/spm/libtfm_spm.a(psa_version_api.o)
                0x00000000000030f6                tfm_spm_client_psa_framework_version
 .text.tfm_spm_client_psa_version
                0x00000000000030fc       0x2c secure_fw/spm/libtfm_spm.a(psa_version_api.o)
                0x00000000000030fc                tfm_spm_client_psa_version
 .text.connection_to_handle
                0x0000000000003128        0x6 secure_fw/spm/libtfm_spm.a(spm_local_connection.o)
                0x0000000000003128                connection_to_handle
 .text.handle_to_connection
                0x000000000000312e       0x12 secure_fw/spm/libtfm_spm.a(spm_local_connection.o)
                0x000000000000312e                handle_to_connection
 .text.spm_init_connection_space
                0x0000000000003140        0x2 secure_fw/spm/libtfm_spm.a(spm_local_connection.o)
                0x0000000000003140                spm_init_connection_space
 .text.spm_allocate_connection
                0x0000000000003142        0xe secure_fw/spm/libtfm_spm.a(spm_local_connection.o)
                0x0000000000003142                spm_allocate_connection
 .text.spm_validate_connection
                0x0000000000003150        0x4 secure_fw/spm/libtfm_spm.a(spm_local_connection.o)
                0x0000000000003150                spm_validate_connection
 .text.spm_free_connection
                0x0000000000003154        0xc secure_fw/spm/libtfm_spm.a(spm_local_connection.o)
                0x0000000000003154                spm_free_connection
 .text.tfm_arch_config_extensions
                0x0000000000003160        0x2 secure_fw/spm/libtfm_spm.a(tfm_arch_v8m_main.o)
                0x0000000000003160                tfm_arch_config_extensions
 .text.tfm_hal_memory_check
                0x0000000000003162      0x132 secure_fw/spm/libtfm_spm.a(tfm_hal_isolation.o)
                0x0000000000003162                tfm_hal_memory_check
 .text.tfm_hal_set_up_static_boundaries
                0x0000000000003294       0x2a secure_fw/spm/libtfm_spm.a(tfm_hal_isolation.o)
                0x0000000000003294                tfm_hal_set_up_static_boundaries
 .text.tfm_hal_platform_common_init
                0x00000000000032be       0x36 secure_fw/spm/libtfm_spm.a(tfm_hal_platform_common.o)
                0x00000000000032be                tfm_hal_platform_common_init
 .text.SPU_IRQHandler
                0x00000000000032f4       0x1c secure_fw/spm/libtfm_spm.a(faults.o)
                0x00000000000032f4                SPU_IRQHandler
 .text.init_debug
                0x0000000000003310        0x2 secure_fw/spm/libtfm_spm.a(target_cfg_53_91.o)
                0x0000000000003310                init_debug
 .text.tfm_arch_free_msp_and_exc_ret
                0x0000000000003312        0x8 secure_fw/spm/libtfm_spm.a(tfm_arch.o)
                0x0000000000003312                tfm_arch_free_msp_and_exc_ret
 .text.arch_clean_stack_and_launch
                0x000000000000331a       0x18 secure_fw/spm/libtfm_spm.a(tfm_arch.o)
                0x000000000000331a                arch_clean_stack_and_launch
 *libplatform_s*:*(.rodata*)
 .rodata.CSWTCH.16
                0x0000000000003332        0x3 platform/libplatform_s.a(system_nrf91.o)
 .rodata.store_and_dump_context.str1.1
                0x0000000000003335       0x8b platform/libplatform_s.a(exception_info.o)
 .rodata.Driver_USART1
                0x00000000000033c0       0x38 platform/libplatform_s.a(Driver_USART.o)
                0x00000000000033c0                Driver_USART1
 .rodata.UART1_pins
                0x00000000000033f8       0x10 platform/libplatform_s.a(Driver_USART.o)
 .rodata.DriverVersion
                0x0000000000003408        0x4 platform/libplatform_s.a(Driver_USART.o)
 *fill*         0x000000000000340c        0x4 
 .rodata.delay_machine_code.0
                0x0000000000003410        0x6 platform/libplatform_s.a(nrfx_uarte.o)
 .rodata.nrf_exception_info_store_context.str1.1
                0x0000000000003416       0x16 platform/libplatform_s.a(nrf_exception_info.o)
 .rodata.tfm_hal_platform_init.str1.1
                0x000000000000342c       0x2e platform/libplatform_s.a(tfm_hal_platform.o)
 *libtfm_spm*:*(.rodata*)
 .rodata.HEX_TABLE
                0x000000000000345a       0x10 secure_fw/spm/libtfm_spm.a(spm_log.o)
 .rodata.main.str1.1
                0x000000000000346a       0x56 secure_fw/spm/libtfm_spm.a(main.o)
 .rodata.serv_pool_ea
                0x00000000000034c0        0x4 secure_fw/spm/libtfm_spm.a(rom_loader.o)
 .rodata.part_pool_ea
                0x00000000000034c4        0x4 secure_fw/spm/libtfm_spm.a(rom_loader.o)
 .rodata.ldinf_ea
                0x00000000000034c8        0x4 secure_fw/spm/libtfm_spm.a(rom_loader.o)
 .rodata.memory_regions
                0x00000000000034cc       0x14 secure_fw/spm/libtfm_spm.a(target_cfg.o)
                0x00000000000034cc                memory_regions
 .rodata.target_peripherals.0
                0x00000000000034e0       0x74 secure_fw/spm/libtfm_spm.a(target_cfg_53_91.o)
 .rodata.spm_svc_handler.str1.1
                0x0000000000003554       0x3b secure_fw/spm/libtfm_spm.a(tfm_svcalls.o)

.glue_7         0x0000000000003590        0x0
 .glue_7        0x0000000000003590        0x0 linker stubs

.glue_7t        0x0000000000003590        0x0
 .glue_7t       0x0000000000003590        0x0 linker stubs

.vfp11_veneer   0x0000000000003590        0x0
 .vfp11_veneer  0x0000000000003590        0x0 linker stubs

.v4_bx          0x0000000000003590        0x0
 .v4_bx         0x0000000000003590        0x0 linker stubs

.iplt           0x0000000000003590        0x0
 .iplt          0x0000000000003590        0x0 c:/ncs/toolchains/b8b84efebd/opt/zephyr-sdk/arm-zephyr-eabi/bin/../lib/gcc/arm-zephyr-eabi/12.2.0/thumb/v8-m.main/nofp/crtbegin.o

.TFM_UNPRIV_CODE
                0x00000000000035a0     0x28e0
 *(SORT_BY_ALIGNMENT(.text*))
 .text          0x00000000000035a0       0x88 c:/ncs/toolchains/b8b84efebd/opt/zephyr-sdk/arm-zephyr-eabi/bin/../lib/gcc/arm-zephyr-eabi/12.2.0/thumb/v8-m.main/nofp/crtbegin.o
 .text          0x0000000000003628       0x7c c:/ncs/toolchains/b8b84efebd/opt/zephyr-sdk/arm-zephyr-eabi/bin/../lib/gcc/arm-zephyr-eabi/12.2.0/../../../../arm-zephyr-eabi/lib/thumb/v8-m.main/nofp/crt0.o
                0x0000000000003628                _stack_init
                0x0000000000003630                _start
                0x0000000000003630                _mainCRTStartup
 .text.tfm_psa_framework_version_veneer
                0x00000000000036a4       0x24 secure_fw/CMakeFiles/tfm_s.dir/partitions/ns_agent_tz/psa_api_veneers_v80m.o
                0x00000000000036a4                __acle_se_tfm_psa_framework_version_veneer
 .text.tfm_psa_version_veneer
                0x00000000000036c8       0x24 secure_fw/CMakeFiles/tfm_s.dir/partitions/ns_agent_tz/psa_api_veneers_v80m.o
                0x00000000000036c8                __acle_se_tfm_psa_version_veneer
 .text.tfm_psa_call_veneer
                0x00000000000036ec       0x2c secure_fw/CMakeFiles/tfm_s.dir/partitions/ns_agent_tz/psa_api_veneers_v80m.o
                0x00000000000036ec                __acle_se_tfm_psa_call_veneer
 .text.tfm_psa_connect_veneer
                0x0000000000003718       0x1c secure_fw/CMakeFiles/tfm_s.dir/partitions/ns_agent_tz/psa_api_veneers_v80m.o
                0x0000000000003718                __acle_se_tfm_psa_connect_veneer
 .text.tfm_psa_close_veneer
                0x0000000000003734       0x14 secure_fw/CMakeFiles/tfm_s.dir/partitions/ns_agent_tz/psa_api_veneers_v80m.o
                0x0000000000003734                __acle_se_tfm_psa_close_veneer
 .text.tfm_psa_call_pack
                0x0000000000003748       0x54 secure_fw/partitions/lib/runtime/libtfm_sprt.a(psa_interface_sfn.o)
                0x0000000000003748                tfm_psa_call_pack
 .text.verify_header
                0x000000000000379c       0x40 secure_fw/partitions/crypto/mbedcrypto/nrf_security_src/libcrypto_service_mbedcrypto.a(memory_buffer_alloc.o)
 .text.verify_chain
                0x00000000000037dc       0x3c secure_fw/partitions/crypto/mbedcrypto/nrf_security_src/libcrypto_service_mbedcrypto.a(memory_buffer_alloc.o)
 .text.buffer_alloc_calloc
                0x0000000000003818       0xf4 secure_fw/partitions/crypto/mbedcrypto/nrf_security_src/libcrypto_service_mbedcrypto.a(memory_buffer_alloc.o)
 .text.buffer_alloc_free
                0x000000000000390c       0xe8 secure_fw/partitions/crypto/mbedcrypto/nrf_security_src/libcrypto_service_mbedcrypto.a(memory_buffer_alloc.o)
 .text.mbedtls_memory_buffer_alloc_init
                0x00000000000039f4       0x64 secure_fw/partitions/crypto/mbedcrypto/nrf_security_src/libcrypto_service_mbedcrypto.a(memory_buffer_alloc.o)
                0x00000000000039f4                mbedtls_memory_buffer_alloc_init
 .text.mbedtls_free
                0x0000000000003a58        0xc secure_fw/partitions/crypto/mbedcrypto/nrf_security_src/core/nrf_oberon/libpsa_core.a(platform.o)
                0x0000000000003a58                mbedtls_free
 .text.mbedtls_platform_set_calloc_free
                0x0000000000003a64       0x14 secure_fw/partitions/crypto/mbedcrypto/nrf_security_src/core/nrf_oberon/libpsa_core.a(platform.o)
                0x0000000000003a64                mbedtls_platform_set_calloc_free
 .text.mbedtls_platform_zeroize
                0x0000000000003a78       0x18 secure_fw/partitions/crypto/mbedcrypto/nrf_security_src/core/nrf_oberon/libpsa_core.a(platform_util.o)
                0x0000000000003a78                mbedtls_platform_zeroize
 .text.mbedcrypto__psa_generate_random
                0x0000000000003a90       0x24 secure_fw/partitions/crypto/mbedcrypto/nrf_security_src/core/nrf_oberon/libpsa_core.a(psa_crypto.o)
                0x0000000000003a90                mbedcrypto__psa_generate_random
 .text.mbedtls_psa_crypto_free
                0x0000000000003ab4       0x54 secure_fw/partitions/crypto/mbedcrypto/nrf_security_src/core/nrf_oberon/libpsa_core.a(psa_crypto.o)
                0x0000000000003ab4                mbedtls_psa_crypto_free
 .text.mbedcrypto__psa_crypto_init
                0x0000000000003b08       0x7c secure_fw/partitions/crypto/mbedcrypto/nrf_security_src/core/nrf_oberon/libpsa_core.a(psa_crypto.o)
                0x0000000000003b08                mbedcrypto__psa_crypto_init
 .text.psa_initialize_key_slots
                0x0000000000003b84       0x10 secure_fw/partitions/crypto/mbedcrypto/nrf_security_src/core/nrf_oberon/libpsa_core.a(psa_crypto_slot_management.o)
                0x0000000000003b84                psa_initialize_key_slots
 .text.psa_wipe_all_key_slots
                0x0000000000003b94       0x34 secure_fw/partitions/crypto/mbedcrypto/nrf_security_src/core/nrf_oberon/libpsa_core.a(psa_crypto_slot_management.o)
                0x0000000000003b94                psa_wipe_all_key_slots
 .text.nrf_cc3xx_platform_init_hmac_drbg
                0x0000000000003bc8       0x44 C:/ncs/v3.1.1/nrfxlib/crypto/nrf_cc310_platform/lib/cortex-m33/soft-float/no-interrupts/libnrf_cc310_platform_0.9.19.a(nrf_cc3xx_platform.c.obj)
                0x0000000000003bc8                nrf_cc3xx_platform_init_hmac_drbg
 .text.nrf_cc3xx_platform_hmac_drbg_init
                0x0000000000003c0c       0x60 C:/ncs/v3.1.1/nrfxlib/crypto/nrf_cc310_platform/lib/cortex-m33/soft-float/no-interrupts/libnrf_cc310_platform_0.9.19.a(nrf_cc3xx_platform_hmac_drbg.c.obj)
                0x0000000000003c0c                nrf_cc3xx_platform_hmac_drbg_init
 .text.nrf_cc3xx_platform_hmac_drbg_get
                0x0000000000003c6c       0x44 C:/ncs/v3.1.1/nrfxlib/crypto/nrf_cc310_platform/lib/cortex-m33/soft-float/no-interrupts/libnrf_cc310_platform_0.9.19.a(nrf_cc3xx_platform_hmac_drbg.c.obj)
                0x0000000000003c6c                nrf_cc3xx_platform_hmac_drbg_get
 .text.mbedtls_zeroize_internal
                0x0000000000003cb0       0x14 C:/ncs/v3.1.1/nrfxlib/crypto/nrf_cc310_platform/lib/cortex-m33/soft-float/no-interrupts/libnrf_cc310_platform_0.9.19.a(mbedtls_common.c.obj)
                0x0000000000003cb0                mbedtls_zeroize_internal
 .text.cc_mbedtls_platform_zeroize
                0x0000000000003cc4       0x14 C:/ncs/v3.1.1/nrfxlib/crypto/nrf_cc310_platform/lib/cortex-m33/soft-float/no-interrupts/libnrf_cc310_platform_0.9.19.a(mbedtls_common.c.obj)
                0x0000000000003cc4                cc_mbedtls_platform_zeroize
 .text.entropy_update
                0x0000000000003cd8       0x7c C:/ncs/v3.1.1/nrfxlib/crypto/nrf_cc310_platform/lib/cortex-m33/soft-float/no-interrupts/libnrf_cc310_platform_0.9.19.a(custom_entropy.c.obj)
 .text.entropy_gather_internal.part.0
                0x0000000000003d54       0x88 C:/ncs/v3.1.1/nrfxlib/crypto/nrf_cc310_platform/lib/cortex-m33/soft-float/no-interrupts/libnrf_cc310_platform_0.9.19.a(custom_entropy.c.obj)
 .text.cc_mbedtls_entropy_init
                0x0000000000003ddc       0x84 C:/ncs/v3.1.1/nrfxlib/crypto/nrf_cc310_platform/lib/cortex-m33/soft-float/no-interrupts/libnrf_cc310_platform_0.9.19.a(custom_entropy.c.obj)
                0x0000000000003ddc                cc_mbedtls_entropy_init
 .text.cc_mbedtls_entropy_func
                0x0000000000003e60      0x110 C:/ncs/v3.1.1/nrfxlib/crypto/nrf_cc310_platform/lib/cortex-m33/soft-float/no-interrupts/libnrf_cc310_platform_0.9.19.a(custom_entropy.c.obj)
                0x0000000000003e60                cc_mbedtls_entropy_func
 .text.cc_hmac_sha256_starts.constprop.0
                0x0000000000003f70      0x108 C:/ncs/v3.1.1/nrfxlib/crypto/nrf_cc310_platform/lib/cortex-m33/soft-float/no-interrupts/libnrf_cc310_platform_0.9.19.a(hmac_drbg_alt.c.obj)
 .text.cc_mbedtls_hmac_drbg_init
                0x0000000000004078       0x28 C:/ncs/v3.1.1/nrfxlib/crypto/nrf_cc310_platform/lib/cortex-m33/soft-float/no-interrupts/libnrf_cc310_platform_0.9.19.a(hmac_drbg_alt.c.obj)
                0x0000000000004078                cc_mbedtls_hmac_drbg_init
 .text.cc_mbedtls_hmac_drbg_update
                0x00000000000040a0      0x170 C:/ncs/v3.1.1/nrfxlib/crypto/nrf_cc310_platform/lib/cortex-m33/soft-float/no-interrupts/libnrf_cc310_platform_0.9.19.a(hmac_drbg_alt.c.obj)
                0x00000000000040a0                cc_mbedtls_hmac_drbg_update
 .text.cc_hmac_drbg_reseed_core
                0x0000000000004210       0xac C:/ncs/v3.1.1/nrfxlib/crypto/nrf_cc310_platform/lib/cortex-m33/soft-float/no-interrupts/libnrf_cc310_platform_0.9.19.a(hmac_drbg_alt.c.obj)
 .text.cc_mbedtls_hmac_drbg_seed
                0x00000000000042bc       0x54 C:/ncs/v3.1.1/nrfxlib/crypto/nrf_cc310_platform/lib/cortex-m33/soft-float/no-interrupts/libnrf_cc310_platform_0.9.19.a(hmac_drbg_alt.c.obj)
                0x00000000000042bc                cc_mbedtls_hmac_drbg_seed
 .text.cc_mbedtls_hmac_drbg_random_with_add
                0x0000000000004310      0x144 C:/ncs/v3.1.1/nrfxlib/crypto/nrf_cc310_platform/lib/cortex-m33/soft-float/no-interrupts/libnrf_cc310_platform_0.9.19.a(hmac_drbg_alt.c.obj)
                0x0000000000004310                cc_mbedtls_hmac_drbg_random_with_add
 .text.RndStartupTest.constprop.0
                0x0000000000004454       0x98 C:/ncs/v3.1.1/nrfxlib/crypto/nrf_cc310_platform/lib/cortex-m33/soft-float/no-interrupts/libnrf_cc310_platform_0.9.19.a(cc_lib.c.obj)
 .text.CC_LibInit_HMAC_DRBG
                0x00000000000044ec       0xc0 C:/ncs/v3.1.1/nrfxlib/crypto/nrf_cc310_platform/lib/cortex-m33/soft-float/no-interrupts/libnrf_cc310_platform_0.9.19.a(cc_lib.c.obj)
                0x00000000000044ec                CC_LibInit_HMAC_DRBG
 .text.CC_HalInit
                0x00000000000045ac        0x4 C:/ncs/v3.1.1/nrfxlib/crypto/nrf_cc310_platform/lib/cortex-m33/soft-float/no-interrupts/libnrf_cc310_platform_0.9.19.a(cc_hal.c.obj)
                0x00000000000045ac                CC_HalInit
 .text.CC_HalTerminate
                0x00000000000045b0        0x4 C:/ncs/v3.1.1/nrfxlib/crypto/nrf_cc310_platform/lib/cortex-m33/soft-float/no-interrupts/libnrf_cc310_platform_0.9.19.a(cc_hal.c.obj)
                0x00000000000045b0                CC_HalTerminate
 .text.CC_HalClearInterruptBit
                0x00000000000045b4       0x1c C:/ncs/v3.1.1/nrfxlib/crypto/nrf_cc310_platform/lib/cortex-m33/soft-float/no-interrupts/libnrf_cc310_platform_0.9.19.a(cc_hal.c.obj)
                0x00000000000045b4                CC_HalClearInterruptBit
 .text.CC_HalMaskInterrupt
                0x00000000000045d0        0xc C:/ncs/v3.1.1/nrfxlib/crypto/nrf_cc310_platform/lib/cortex-m33/soft-float/no-interrupts/libnrf_cc310_platform_0.9.19.a(cc_hal.c.obj)
                0x00000000000045d0                CC_HalMaskInterrupt
 .text.CC_HalWaitInterrupt
                0x00000000000045dc        0xc C:/ncs/v3.1.1/nrfxlib/crypto/nrf_cc310_platform/lib/cortex-m33/soft-float/no-interrupts/libnrf_cc310_platform_0.9.19.a(cc_hal.c.obj)
                0x00000000000045dc                CC_HalWaitInterrupt
 .text.CC_HalWaitInterruptRND
                0x00000000000045e8        0xc C:/ncs/v3.1.1/nrfxlib/crypto/nrf_cc310_platform/lib/cortex-m33/soft-float/no-interrupts/libnrf_cc310_platform_0.9.19.a(cc_hal.c.obj)
                0x00000000000045e8                CC_HalWaitInterruptRND
 .text.CC_PalInit
                0x00000000000045f4       0x5c C:/ncs/v3.1.1/nrfxlib/crypto/nrf_cc310_platform/lib/cortex-m33/soft-float/no-interrupts/libnrf_cc310_platform_0.9.19.a(cc_pal.c.obj)
                0x00000000000045f4                CC_PalInit
 .text.CC_PalTerminate
                0x0000000000004650       0x34 C:/ncs/v3.1.1/nrfxlib/crypto/nrf_cc310_platform/lib/cortex-m33/soft-float/no-interrupts/libnrf_cc310_platform_0.9.19.a(cc_pal.c.obj)
                0x0000000000004650                CC_PalTerminate
 .text.CC_PalDmaInit
                0x0000000000004684        0x4 C:/ncs/v3.1.1/nrfxlib/crypto/nrf_cc310_platform/lib/cortex-m33/soft-float/no-interrupts/libnrf_cc310_platform_0.9.19.a(cc_pal_dma.c.obj)
                0x0000000000004684                CC_PalDmaInit
 .text.CC_PalDmaTerminate
                0x0000000000004688        0x4 C:/ncs/v3.1.1/nrfxlib/crypto/nrf_cc310_platform/lib/cortex-m33/soft-float/no-interrupts/libnrf_cc310_platform_0.9.19.a(cc_pal_dma.c.obj)
                0x0000000000004688                CC_PalDmaTerminate
 .text.CC_PalWaitInterruptRND
                0x000000000000468c       0x2c C:/ncs/v3.1.1/nrfxlib/crypto/nrf_cc310_platform/lib/cortex-m33/soft-float/no-interrupts/libnrf_cc310_platform_0.9.19.a(cc_pal_interrupt_ctrl.c.obj)
                0x000000000000468c                CC_PalWaitInterruptRND
 .text.CC_PalWaitInterrupt
                0x00000000000046b8       0x18 C:/ncs/v3.1.1/nrfxlib/crypto/nrf_cc310_platform/lib/cortex-m33/soft-float/no-interrupts/libnrf_cc310_platform_0.9.19.a(cc_pal_interrupt_ctrl.c.obj)
                0x00000000000046b8                CC_PalWaitInterrupt
 .text.CC_PalMemCopyPlat
                0x00000000000046d0        0x4 C:/ncs/v3.1.1/nrfxlib/crypto/nrf_cc310_platform/lib/cortex-m33/soft-float/no-interrupts/libnrf_cc310_platform_0.9.19.a(cc_pal_mem.c.obj)
                0x00000000000046d0                CC_PalMemCopyPlat
 .text.CC_PalMemSetZeroPlat
                0x00000000000046d4        0x8 C:/ncs/v3.1.1/nrfxlib/crypto/nrf_cc310_platform/lib/cortex-m33/soft-float/no-interrupts/libnrf_cc310_platform_0.9.19.a(cc_pal_mem.c.obj)
                0x00000000000046d4                CC_PalMemSetZeroPlat
 .text.CC_PalMutexCreate
                0x00000000000046dc       0x14 C:/ncs/v3.1.1/nrfxlib/crypto/nrf_cc310_platform/lib/cortex-m33/soft-float/no-interrupts/libnrf_cc310_platform_0.9.19.a(cc_pal_mutex.c.obj)
                0x00000000000046dc                CC_PalMutexCreate
 .text.CC_PalMutexDestroy
                0x00000000000046f0       0x14 C:/ncs/v3.1.1/nrfxlib/crypto/nrf_cc310_platform/lib/cortex-m33/soft-float/no-interrupts/libnrf_cc310_platform_0.9.19.a(cc_pal_mutex.c.obj)
                0x00000000000046f0                CC_PalMutexDestroy
 .text.CC_PalMutexLock
                0x0000000000004704       0x10 C:/ncs/v3.1.1/nrfxlib/crypto/nrf_cc310_platform/lib/cortex-m33/soft-float/no-interrupts/libnrf_cc310_platform_0.9.19.a(cc_pal_mutex.c.obj)
                0x0000000000004704                CC_PalMutexLock
 .text.CC_PalMutexUnlock
                0x0000000000004714       0x14 C:/ncs/v3.1.1/nrfxlib/crypto/nrf_cc310_platform/lib/cortex-m33/soft-float/no-interrupts/libnrf_cc310_platform_0.9.19.a(cc_pal_mutex.c.obj)
                0x0000000000004714                CC_PalMutexUnlock
 .text.CC_PalPowerSaveModeInit
                0x0000000000004728       0x3c C:/ncs/v3.1.1/nrfxlib/crypto/nrf_cc310_platform/lib/cortex-m33/soft-float/no-interrupts/libnrf_cc310_platform_0.9.19.a(cc_pal_pm.c.obj)
                0x0000000000004728                CC_PalPowerSaveModeInit
 .text.CC_PalPowerSaveModeSelect
                0x0000000000004764       0x84 C:/ncs/v3.1.1/nrfxlib/crypto/nrf_cc310_platform/lib/cortex-m33/soft-float/no-interrupts/libnrf_cc310_platform_0.9.19.a(cc_pal_pm.c.obj)
                0x0000000000004764                CC_PalPowerSaveModeSelect
 .text.mutex_init
                0x00000000000047e8        0xc C:/ncs/v3.1.1/nrfxlib/crypto/nrf_cc310_platform/lib/cortex-m33/soft-float/no-interrupts/libnrf_cc310_platform_0.9.19.a(threading_alt.c.obj)
                0x00000000000047e8                mutex_init
 .text.mutex_lock
                0x00000000000047f4        0xc C:/ncs/v3.1.1/nrfxlib/crypto/nrf_cc310_platform/lib/cortex-m33/soft-float/no-interrupts/libnrf_cc310_platform_0.9.19.a(threading_alt.c.obj)
                0x00000000000047f4                mutex_lock
 .text.mutex_unlock
                0x0000000000004800        0xc C:/ncs/v3.1.1/nrfxlib/crypto/nrf_cc310_platform/lib/cortex-m33/soft-float/no-interrupts/libnrf_cc310_platform_0.9.19.a(threading_alt.c.obj)
                0x0000000000004800                mutex_unlock
 .text.nrf_cc3xx_platform_abort
                0x000000000000480c       0x24 C:/ncs/v3.1.1/nrfxlib/crypto/nrf_cc310_platform/lib/cortex-m33/soft-float/no-interrupts/libnrf_cc310_platform_0.9.19.a(nrf_cc3xx_platform_abort.c.obj)
 .text.CC_PalAbort
                0x0000000000004830       0x34 C:/ncs/v3.1.1/nrfxlib/crypto/nrf_cc310_platform/lib/cortex-m33/soft-float/no-interrupts/libnrf_cc310_platform_0.9.19.a(nrf_cc3xx_platform_abort.c.obj)
                0x0000000000004830                CC_PalAbort
 .text.mutex_free
                0x0000000000004864       0x34 C:/ncs/v3.1.1/nrfxlib/crypto/nrf_cc310_platform/lib/cortex-m33/soft-float/no-interrupts/libnrf_cc310_platform_0.9.19.a(nrf_cc3xx_platform_mutex.c.obj)
 .text.mutex_lock
                0x0000000000004898       0x48 C:/ncs/v3.1.1/nrfxlib/crypto/nrf_cc310_platform/lib/cortex-m33/soft-float/no-interrupts/libnrf_cc310_platform_0.9.19.a(nrf_cc3xx_platform_mutex.c.obj)
 .text.mutex_unlock
                0x00000000000048e0       0x38 C:/ncs/v3.1.1/nrfxlib/crypto/nrf_cc310_platform/lib/cortex-m33/soft-float/no-interrupts/libnrf_cc310_platform_0.9.19.a(nrf_cc3xx_platform_mutex.c.obj)
 .text.mutex_init
                0x0000000000004918       0x20 C:/ncs/v3.1.1/nrfxlib/crypto/nrf_cc310_platform/lib/cortex-m33/soft-float/no-interrupts/libnrf_cc310_platform_0.9.19.a(nrf_cc3xx_platform_mutex.c.obj)
 .text.startTrngHW
                0x0000000000004938      0x140 C:/ncs/v3.1.1/nrfxlib/crypto/nrf_cc310_platform/lib/cortex-m33/soft-float/no-interrupts/libnrf_cc310_platform_0.9.19.a(llf_rnd_trng90b.c.obj)
 .text.LLF_RND_RepetitionCounterTest
                0x0000000000004a78       0x64 C:/ncs/v3.1.1/nrfxlib/crypto/nrf_cc310_platform/lib/cortex-m33/soft-float/no-interrupts/libnrf_cc310_platform_0.9.19.a(llf_rnd_trng90b.c.obj)
                0x0000000000004a78                LLF_RND_RepetitionCounterTest
 .text.LLF_RND_AdaptiveProportionTest
                0x0000000000004adc       0x80 C:/ncs/v3.1.1/nrfxlib/crypto/nrf_cc310_platform/lib/cortex-m33/soft-float/no-interrupts/libnrf_cc310_platform_0.9.19.a(llf_rnd_trng90b.c.obj)
                0x0000000000004adc                LLF_RND_AdaptiveProportionTest
 .text.getTrngSource
                0x0000000000004b5c      0x2b4 C:/ncs/v3.1.1/nrfxlib/crypto/nrf_cc310_platform/lib/cortex-m33/soft-float/no-interrupts/libnrf_cc310_platform_0.9.19.a(llf_rnd_trng90b.c.obj)
 .text.LLF_RND_GetTrngSource
                0x0000000000004e10       0x18 C:/ncs/v3.1.1/nrfxlib/crypto/nrf_cc310_platform/lib/cortex-m33/soft-float/no-interrupts/libnrf_cc310_platform_0.9.19.a(llf_rnd_trng90b.c.obj)
                0x0000000000004e10                LLF_RND_GetTrngSource
 .text.LLF_RND_RunTrngStartupTest
                0x0000000000004e28       0x1c C:/ncs/v3.1.1/nrfxlib/crypto/nrf_cc310_platform/lib/cortex-m33/soft-float/no-interrupts/libnrf_cc310_platform_0.9.19.a(llf_rnd_trng90b.c.obj)
                0x0000000000004e28                LLF_RND_RunTrngStartupTest
 .text.mbedtls_hardware_poll
                0x0000000000004e44       0xfc C:/ncs/v3.1.1/nrfxlib/crypto/nrf_cc310_platform/lib/cortex-m33/soft-float/no-interrupts/libnrf_cc310_platform_0.9.19.a(trng_api.c.obj)
                0x0000000000004e44                mbedtls_hardware_poll
 .text.cc_mbedtls_sha256_init
                0x0000000000004f40       0x28 C:/ncs/v3.1.1/nrfxlib/crypto/nrf_cc310_platform/lib/cortex-m33/soft-float/no-interrupts/libnrf_cc310_platform_0.9.19.a(sha256_alt.c.obj)
                0x0000000000004f40                cc_mbedtls_sha256_init
 .text.cc_mbedtls_sha256_free
                0x0000000000004f68        0xc C:/ncs/v3.1.1/nrfxlib/crypto/nrf_cc310_platform/lib/cortex-m33/soft-float/no-interrupts/libnrf_cc310_platform_0.9.19.a(sha256_alt.c.obj)
                0x0000000000004f68                cc_mbedtls_sha256_free
 .text.cc_mbedtls_sha256_starts
                0x0000000000004f74       0x28 C:/ncs/v3.1.1/nrfxlib/crypto/nrf_cc310_platform/lib/cortex-m33/soft-float/no-interrupts/libnrf_cc310_platform_0.9.19.a(sha256_alt.c.obj)
                0x0000000000004f74                cc_mbedtls_sha256_starts
 .text.cc_mbedtls_sha256_update
                0x0000000000004f9c       0x54 C:/ncs/v3.1.1/nrfxlib/crypto/nrf_cc310_platform/lib/cortex-m33/soft-float/no-interrupts/libnrf_cc310_platform_0.9.19.a(sha256_alt.c.obj)
                0x0000000000004f9c                cc_mbedtls_sha256_update
 .text.cc_mbedtls_sha256_finish
                0x0000000000004ff0       0x48 C:/ncs/v3.1.1/nrfxlib/crypto/nrf_cc310_platform/lib/cortex-m33/soft-float/no-interrupts/libnrf_cc310_platform_0.9.19.a(sha256_alt.c.obj)
                0x0000000000004ff0                cc_mbedtls_sha256_finish
 .text.mbedtls_sha_starts_internal
                0x0000000000005038       0x28 C:/ncs/v3.1.1/nrfxlib/crypto/nrf_cc310_platform/lib/cortex-m33/soft-float/no-interrupts/libnrf_cc310_platform_0.9.19.a(mbedtls_hash_common.c.obj)
                0x0000000000005038                mbedtls_sha_starts_internal
 .text.mbedtls_sha_finish_internal
                0x0000000000005060       0x5c C:/ncs/v3.1.1/nrfxlib/crypto/nrf_cc310_platform/lib/cortex-m33/soft-float/no-interrupts/libnrf_cc310_platform_0.9.19.a(mbedtls_hash_common.c.obj)
                0x0000000000005060                mbedtls_sha_finish_internal
 .text.mbedtls_sha_update_internal
                0x00000000000050bc      0x1ec C:/ncs/v3.1.1/nrfxlib/crypto/nrf_cc310_platform/lib/cortex-m33/soft-float/no-interrupts/libnrf_cc310_platform_0.9.19.a(mbedtls_hash_common.c.obj)
                0x00000000000050bc                mbedtls_sha_update_internal
 .text.cc_mbedtls_sha256
                0x00000000000052a8       0x50 C:/ncs/v3.1.1/nrfxlib/crypto/nrf_cc310_platform/lib/cortex-m33/soft-float/no-interrupts/libnrf_cc310_platform_0.9.19.a(sha256.c.obj)
                0x00000000000052a8                cc_mbedtls_sha256
 .text.RNG_PLAT_SetUserRngParameters
                0x00000000000052f8       0x74 C:/ncs/v3.1.1/nrfxlib/crypto/nrf_cc310_platform/lib/cortex-m33/soft-float/no-interrupts/libnrf_cc310_platform_0.9.19.a(cc_rng_plat.c.obj)
                0x00000000000052f8                RNG_PLAT_SetUserRngParameters
 .text.CC_PalTrngParamGet
                0x000000000000536c      0x114 C:/ncs/v3.1.1/nrfxlib/crypto/nrf_cc310_platform/lib/cortex-m33/soft-float/no-interrupts/libnrf_cc310_platform_0.9.19.a(cc_pal_trng.c.obj)
                0x000000000000536c                CC_PalTrngParamGet
 .text.LLF_RND_WaitRngInterrupt
                0x0000000000005480       0x20 C:/ncs/v3.1.1/nrfxlib/crypto/nrf_cc310_platform/lib/cortex-m33/soft-float/no-interrupts/libnrf_cc310_platform_0.9.19.a(llf_rnd.c.obj)
                0x0000000000005480                LLF_RND_WaitRngInterrupt
 .text.LLF_RND_GetRoscSampleCnt
                0x00000000000054a0       0x34 C:/ncs/v3.1.1/nrfxlib/crypto/nrf_cc310_platform/lib/cortex-m33/soft-float/no-interrupts/libnrf_cc310_platform_0.9.19.a(llf_rnd.c.obj)
                0x00000000000054a0                LLF_RND_GetRoscSampleCnt
 .text.LLF_RND_GetFastestRosc
                0x00000000000054d4       0x20 C:/ncs/v3.1.1/nrfxlib/crypto/nrf_cc310_platform/lib/cortex-m33/soft-float/no-interrupts/libnrf_cc310_platform_0.9.19.a(llf_rnd.c.obj)
                0x00000000000054d4                LLF_RND_GetFastestRosc
 .text.LLF_RND_TurnOffTrng
                0x00000000000054f4       0x18 C:/ncs/v3.1.1/nrfxlib/crypto/nrf_cc310_platform/lib/cortex-m33/soft-float/no-interrupts/libnrf_cc310_platform_0.9.19.a(llf_rnd.c.obj)
                0x00000000000054f4                LLF_RND_TurnOffTrng
 .text.SetDataBuffersInfo
                0x000000000000550c       0x68 C:/ncs/v3.1.1/nrfxlib/crypto/nrf_cc310_platform/lib/cortex-m33/soft-float/no-interrupts/libnrf_cc310_platform_0.9.19.a(driver_common.c.obj)
                0x000000000000550c                SetDataBuffersInfo
 .text.InitHashDrv
                0x0000000000005574       0x50 C:/ncs/v3.1.1/nrfxlib/crypto/nrf_cc310_platform/lib/cortex-m33/soft-float/no-interrupts/libnrf_cc310_platform_0.9.19.a(hash_driver.c.obj)
                0x0000000000005574                InitHashDrv
 .text.ProcessHashDrv
                0x00000000000055c4      0x22c C:/ncs/v3.1.1/nrfxlib/crypto/nrf_cc310_platform/lib/cortex-m33/soft-float/no-interrupts/libnrf_cc310_platform_0.9.19.a(hash_driver.c.obj)
                0x00000000000055c4                ProcessHashDrv
 .text.FinishHashDrv
                0x00000000000057f0       0x74 C:/ncs/v3.1.1/nrfxlib/crypto/nrf_cc310_platform/lib/cortex-m33/soft-float/no-interrupts/libnrf_cc310_platform_0.9.19.a(hash_driver.c.obj)
                0x00000000000057f0                FinishHashDrv
 .text.CC_PalDataBufferAttrGet
                0x0000000000005864        0x8 C:/ncs/v3.1.1/nrfxlib/crypto/nrf_cc310_platform/lib/cortex-m33/soft-float/no-interrupts/libnrf_cc310_platform_0.9.19.a(cc_pal_buff_attr.c.obj)
                0x0000000000005864                CC_PalDataBufferAttrGet
 .text          0x000000000000586c       0xc8 c:/ncs/toolchains/b8b84efebd/opt/zephyr-sdk/arm-zephyr-eabi/bin/../lib/gcc/arm-zephyr-eabi/12.2.0/thumb/v8-m.main/nofp\libgcc.a(cmse.o)
                0x000000000000586c                cmse_check_address_range
 .text.exit     0x0000000000005934       0x28 c:/ncs/toolchains/b8b84efebd/opt/zephyr-sdk/arm-zephyr-eabi/bin/../lib/gcc/arm-zephyr-eabi/12.2.0/../../../../arm-zephyr-eabi/lib/thumb/v8-m.main/nofp\libc_nano.a(lib_a-exit.o)
                0x0000000000005934                exit
 .text.__libc_init_array
                0x000000000000595c       0x48 c:/ncs/toolchains/b8b84efebd/opt/zephyr-sdk/arm-zephyr-eabi/bin/../lib/gcc/arm-zephyr-eabi/12.2.0/../../../../arm-zephyr-eabi/lib/thumb/v8-m.main/nofp\libc_nano.a(lib_a-init.o)
                0x000000000000595c                __libc_init_array
 .text._exit    0x00000000000059a4        0x4 c:/ncs/toolchains/b8b84efebd/opt/zephyr-sdk/arm-zephyr-eabi/bin/../lib/gcc/arm-zephyr-eabi/12.2.0/../../../../arm-zephyr-eabi/lib/thumb/v8-m.main/nofp\libnosys.a(_exit.o)
                0x00000000000059a4                _exit
 .text.clear_caller_context
                0x00000000000059a8        0x8 secure_fw/CMakeFiles/tfm_s.dir/partitions/ns_agent_tz/psa_api_veneers_v80m.o
 .text.C_HardFault_Handler
                0x00000000000059b0        0x4 secure_fw/CMakeFiles/tfm_s.dir/__/platform/ext/common/faults.o
                0x00000000000059b0                C_HardFault_Handler
 .text.HardFault_Handler
                0x00000000000059b4       0x1c secure_fw/CMakeFiles/tfm_s.dir/__/platform/ext/common/faults.o
                0x00000000000059b4                HardFault_Handler
 .text.C_MemManage_Handler
                0x00000000000059d0        0x4 secure_fw/CMakeFiles/tfm_s.dir/__/platform/ext/common/faults.o
                0x00000000000059d0                C_MemManage_Handler
 .text.MemManage_Handler
                0x00000000000059d4       0x1c secure_fw/CMakeFiles/tfm_s.dir/__/platform/ext/common/faults.o
                0x00000000000059d4                MemManage_Handler
 .text.C_BusFault_Handler
                0x00000000000059f0        0x4 secure_fw/CMakeFiles/tfm_s.dir/__/platform/ext/common/faults.o
                0x00000000000059f0                C_BusFault_Handler
 .text.BusFault_Handler
                0x00000000000059f4       0x1c secure_fw/CMakeFiles/tfm_s.dir/__/platform/ext/common/faults.o
                0x00000000000059f4                BusFault_Handler
 .text.C_SecureFault_Handler
                0x0000000000005a10        0x4 secure_fw/CMakeFiles/tfm_s.dir/__/platform/ext/common/faults.o
                0x0000000000005a10                C_SecureFault_Handler
 .text.SecureFault_Handler
                0x0000000000005a14       0x1c secure_fw/CMakeFiles/tfm_s.dir/__/platform/ext/common/faults.o
                0x0000000000005a14                SecureFault_Handler
 .text.C_UsageFault_Handler
                0x0000000000005a30        0x4 secure_fw/CMakeFiles/tfm_s.dir/__/platform/ext/common/faults.o
                0x0000000000005a30                C_UsageFault_Handler
 .text.UsageFault_Handler
                0x0000000000005a34       0x1c secure_fw/CMakeFiles/tfm_s.dir/__/platform/ext/common/faults.o
                0x0000000000005a34                UsageFault_Handler
 .text.memmove  0x0000000000005a50       0x6c secure_fw/partitions/lib/runtime/libtfm_sprt.a(crt_memmove.o)
                0x0000000000005a50                memmove
 .text.memcpy   0x0000000000005abc       0x4a secure_fw/partitions/lib/runtime/libtfm_sprt.a(crt_memcpy.o)
                0x0000000000005abc                memcpy
 .text.memset   0x0000000000005b06       0x46 secure_fw/partitions/lib/runtime/libtfm_sprt.a(crt_memset.o)
                0x0000000000005b06                memset
 .text.psa_framework_version
                0x0000000000005b4c       0x18 secure_fw/partitions/lib/runtime/libtfm_sprt.a(psa_interface_sfn.o)
                0x0000000000005b4c                psa_framework_version
 .text.psa_version
                0x0000000000005b64       0x1c secure_fw/partitions/lib/runtime/libtfm_sprt.a(psa_interface_sfn.o)
                0x0000000000005b64                psa_version
 .text.psa_read
                0x0000000000005b80       0x2a secure_fw/partitions/lib/runtime/libtfm_sprt.a(psa_interface_sfn.o)
                0x0000000000005b80                psa_read
 .text.psa_write
                0x0000000000005baa       0x2a secure_fw/partitions/lib/runtime/libtfm_sprt.a(psa_interface_sfn.o)
                0x0000000000005baa                psa_write
 .text.psa_panic
                0x0000000000005bd4       0x18 secure_fw/partitions/lib/runtime/libtfm_sprt.a(psa_interface_sfn.o)
                0x0000000000005bd4                psa_panic
 .text.platform_calloc_uninit
                0x0000000000005bec        0x4 secure_fw/partitions/crypto/mbedcrypto/nrf_security_src/core/nrf_oberon/libpsa_core.a(platform.o)
 .text.platform_free_uninit
                0x0000000000005bf0        0x2 secure_fw/partitions/crypto/mbedcrypto/nrf_security_src/core/nrf_oberon/libpsa_core.a(platform.o)
 .text.mbedtls_zeroize_and_free
                0x0000000000005bf2       0x14 secure_fw/partitions/crypto/mbedcrypto/nrf_security_src/core/nrf_oberon/libpsa_core.a(platform_util.o)
                0x0000000000005bf2                mbedtls_zeroize_and_free
 .text.psa_remove_key_data_from_memory
                0x0000000000005c06       0x16 secure_fw/partitions/crypto/mbedcrypto/nrf_security_src/core/nrf_oberon/libpsa_core.a(psa_crypto.o)
                0x0000000000005c06                psa_remove_key_data_from_memory
 .text.psa_wipe_key_slot
                0x0000000000005c1c       0x3a secure_fw/partitions/crypto/mbedcrypto/nrf_security_src/core/nrf_oberon/libpsa_core.a(psa_crypto.o)
                0x0000000000005c1c                psa_wipe_key_slot
 .text.psa_driver_wrapper_init
                0x0000000000005c56        0x4 secure_fw/partitions/crypto/mbedcrypto/nrf_security_src/core/nrf_oberon/libpsa_core.a(psa_crypto_driver_wrappers.o)
                0x0000000000005c56                psa_driver_wrapper_init
 .text.psa_driver_wrapper_free
                0x0000000000005c5a        0x2 secure_fw/partitions/crypto/mbedcrypto/nrf_security_src/core/nrf_oberon/libpsa_core.a(psa_crypto_driver_wrappers.o)
                0x0000000000005c5a                psa_driver_wrapper_free
 .text.psa_driver_wrapper_init_random
                0x0000000000005c5c        0x4 secure_fw/partitions/crypto/mbedcrypto/nrf_security_src/core/nrf_oberon/libpsa_core.a(psa_crypto_driver_wrappers.o)
                0x0000000000005c5c                psa_driver_wrapper_init_random
 .text.psa_driver_wrapper_get_random
                0x0000000000005c60       0x22 secure_fw/partitions/crypto/mbedcrypto/nrf_security_src/core/nrf_oberon/libpsa_core.a(psa_crypto_driver_wrappers.o)
                0x0000000000005c60                psa_driver_wrapper_get_random
 .text.psa_driver_wrapper_free_random
                0x0000000000005c82        0x4 secure_fw/partitions/crypto/mbedcrypto/nrf_security_src/core/nrf_oberon/libpsa_core.a(psa_crypto_driver_wrappers.o)
                0x0000000000005c82                psa_driver_wrapper_free_random
 .text          0x0000000000005c86       0x38 c:/ncs/toolchains/b8b84efebd/opt/zephyr-sdk/arm-zephyr-eabi/bin/../lib/gcc/arm-zephyr-eabi/12.2.0/thumb/v8-m.main/nofp\libgcc.a(cmse_nonsecure_call.o)
                0x0000000000005c86                __gnu_cmse_nonsecure_call
 *(.init)
 *fill*         0x0000000000005cbe        0x2 
 .init          0x0000000000005cc0        0x4 c:/ncs/toolchains/b8b84efebd/opt/zephyr-sdk/arm-zephyr-eabi/bin/../lib/gcc/arm-zephyr-eabi/12.2.0/thumb/v8-m.main/nofp/crti.o
                0x0000000000005cc0                _init
 .init          0x0000000000005cc4        0x8 c:/ncs/toolchains/b8b84efebd/opt/zephyr-sdk/arm-zephyr-eabi/bin/../lib/gcc/arm-zephyr-eabi/12.2.0/thumb/v8-m.main/nofp/crtn.o
 *(.fini)
 .fini          0x0000000000005ccc        0x4 c:/ncs/toolchains/b8b84efebd/opt/zephyr-sdk/arm-zephyr-eabi/bin/../lib/gcc/arm-zephyr-eabi/12.2.0/thumb/v8-m.main/nofp/crti.o
                0x0000000000005ccc                _fini
 .fini          0x0000000000005cd0        0x8 c:/ncs/toolchains/b8b84efebd/opt/zephyr-sdk/arm-zephyr-eabi/bin/../lib/gcc/arm-zephyr-eabi/12.2.0/thumb/v8-m.main/nofp/crtn.o
 *crtbegin.o(.ctors)
 *crtbegin?.o(.ctors)
 *(EXCLUDE_FILE(*crtend.o *crtend?.o) .ctors)
 *(SORT_BY_NAME(.ctors.*))
 *(.ctors)
 *crtbegin.o(.dtors)
 *crtbegin?.o(.dtors)
 *(EXCLUDE_FILE(*crtend.o *crtend?.o) .dtors)
 *(SORT_BY_NAME(.dtors.*))
 *(.dtors)
 *(SORT_BY_ALIGNMENT(.rodata*))
 .rodata.ret_err
                0x0000000000005cd8        0x4 secure_fw/CMakeFiles/tfm_s.dir/partitions/ns_agent_tz/psa_api_veneers_v80m.o
                0x0000000000005cd8                ret_err
 .rodata.CSWTCH.10
                0x0000000000005cdc       0x1c C:/ncs/v3.1.1/nrfxlib/crypto/nrf_cc310_platform/lib/cortex-m33/soft-float/no-interrupts/libnrf_cc310_platform_0.9.19.a(nrf_cc3xx_platform.c.obj)
 .rodata.RndStartupTest.constprop.0.str1.4
                0x0000000000005cf8       0x6f C:/ncs/v3.1.1/nrfxlib/crypto/nrf_cc310_platform/lib/cortex-m33/soft-float/no-interrupts/libnrf_cc310_platform_0.9.19.a(cc_lib.c.obj)
 *fill*         0x0000000000005d67        0x1 
 .rodata.CC_PalPowerSaveModeInit.str1.4
                0x0000000000005d68       0x20 C:/ncs/v3.1.1/nrfxlib/crypto/nrf_cc310_platform/lib/cortex-m33/soft-float/no-interrupts/libnrf_cc310_platform_0.9.19.a(cc_pal_pm.c.obj)
 .rodata.mutex_free.str1.4
                0x0000000000005d88       0x26 C:/ncs/v3.1.1/nrfxlib/crypto/nrf_cc310_platform/lib/cortex-m33/soft-float/no-interrupts/libnrf_cc310_platform_0.9.19.a(nrf_cc3xx_platform_mutex.c.obj)
 *fill*         0x0000000000005dae        0x2 
 .rodata.mutex_init.str1.4
                0x0000000000005db0       0x23 C:/ncs/v3.1.1/nrfxlib/crypto/nrf_cc310_platform/lib/cortex-m33/soft-float/no-interrupts/libnrf_cc310_platform_0.9.19.a(nrf_cc3xx_platform_mutex.c.obj)
 *fill*         0x0000000000005dd3        0x1 
 .rodata.mbedtls_hardware_poll.str1.4
                0x0000000000005dd4       0x16 C:/ncs/v3.1.1/nrfxlib/crypto/nrf_cc310_platform/lib/cortex-m33/soft-float/no-interrupts/libnrf_cc310_platform_0.9.19.a(trng_api.c.obj)
                                         0x6e (size before relaxing)
 *fill*         0x0000000000005dea        0x2 
 .rodata.cc_mbedtls_sha256_init.str1.4
                0x0000000000005dec        0xe C:/ncs/v3.1.1/nrfxlib/crypto/nrf_cc310_platform/lib/cortex-m33/soft-float/no-interrupts/libnrf_cc310_platform_0.9.19.a(sha256_alt.c.obj)
 .rodata.ProcessHashDrv.str1.4
                0x0000000000005dfa       0x6f C:/ncs/v3.1.1/nrfxlib/crypto/nrf_cc310_platform/lib/cortex-m33/soft-float/no-interrupts/libnrf_cc310_platform_0.9.19.a(hash_driver.c.obj)
 *fill*         0x0000000000005dfa        0x2 
 .rodata.HASH_LARVAL_SHA256
                0x0000000000005dfc       0x20 C:/ncs/v3.1.1/nrfxlib/crypto/nrf_cc310_platform/lib/cortex-m33/soft-float/no-interrupts/libnrf_cc310_platform_0.9.19.a(hash_driver.c.obj)
 .rodata.HASH_LARVAL_SHA224
                0x0000000000005e1c       0x20 C:/ncs/v3.1.1/nrfxlib/crypto/nrf_cc310_platform/lib/cortex-m33/soft-float/no-interrupts/libnrf_cc310_platform_0.9.19.a(hash_driver.c.obj)
 .rodata.HASH_LARVAL_SHA1
                0x0000000000005e3c       0x14 C:/ncs/v3.1.1/nrfxlib/crypto/nrf_cc310_platform/lib/cortex-m33/soft-float/no-interrupts/libnrf_cc310_platform_0.9.19.a(hash_driver.c.obj)
 .rodata._global_impure_ptr
                0x0000000000005e50        0x4 c:/ncs/toolchains/b8b84efebd/opt/zephyr-sdk/arm-zephyr-eabi/bin/../lib/gcc/arm-zephyr-eabi/12.2.0/../../../../arm-zephyr-eabi/lib/thumb/v8-m.main/nofp\libc_nano.a(lib_a-impure.o)
                0x0000000000005e50                _global_impure_ptr
 .rodata.str1.1
                0x0000000000005e54        0xb secure_fw/CMakeFiles/tfm_s.dir/__/generated/secure_fw/partitions/crypto/auto_generated/load_info_tfm_crypto.o
 .rodata.str1.1
                0x0000000000005e5f       0x15 secure_fw/CMakeFiles/tfm_s.dir/__/generated/secure_fw/partitions/platform/auto_generated/load_info_tfm_platform.o
 *(.eh_frame*)
 .eh_frame      0x0000000000005e74        0x0 c:/ncs/toolchains/b8b84efebd/opt/zephyr-sdk/arm-zephyr-eabi/bin/../lib/gcc/arm-zephyr-eabi/12.2.0/thumb/v8-m.main/nofp/crtbegin.o
 .eh_frame      0x0000000000005e74        0x4 c:/ncs/toolchains/b8b84efebd/opt/zephyr-sdk/arm-zephyr-eabi/bin/../lib/gcc/arm-zephyr-eabi/12.2.0/thumb/v8-m.main/nofp/crtend.o
                0x0000000000005e80                . = ALIGN (0x20)
 *fill*         0x0000000000005e78        0x8 
                0x00000000000035a0                Image$$TFM_UNPRIV_CODE_START$$RO$$Base = ADDR (.TFM_UNPRIV_CODE)
                0x0000000000005e80                Image$$TFM_UNPRIV_CODE_END$$RO$$Limit = (ADDR (.TFM_UNPRIV_CODE) + SIZEOF (.TFM_UNPRIV_CODE))

.rel.dyn        0x0000000000005e80        0x0
 .rel.iplt      0x0000000000005e80        0x0 c:/ncs/toolchains/b8b84efebd/opt/zephyr-sdk/arm-zephyr-eabi/bin/../lib/gcc/arm-zephyr-eabi/12.2.0/thumb/v8-m.main/nofp/crtbegin.o

.gnu.sgstubs    0x0000000000007c00       0x40
 *(.gnu.sgstubs*)
 .gnu.sgstubs.__stub
                0x0000000000007c00       0x28 linker stubs
                0x0000000000007c00                tfm_psa_framework_version_veneer
                0x0000000000007c08                tfm_psa_version_veneer
                0x0000000000007c10                tfm_psa_close_veneer
                0x0000000000007c18                tfm_psa_connect_veneer
                0x0000000000007c20                tfm_psa_call_veneer

.sgstubs_end    0x0000000000008000        0x0
                0x0000000000008000                . = ALIGN (0x20)
                0x0000000000007c40                Image$$PT_RO_END$$Base = .

.tfm_secure_data_start
                0x0000000020000000        0x0
                0x0000000020000000                . = ALIGN (0x4)

.tfm_bl2_shared_data
                0x0000000020000000      0x400
                0x0000000020000400                . = (. + 0x400)
 *fill*         0x0000000020000000      0x400 

.msp_stack      0x0000000020000400      0x7f8
                0x0000000020000bf8                . = (. + (__msp_stack_size__ - 0x8))
 *fill*         0x0000000020000400      0x7f8 
                0x0000000020000400                Image$$ARM_LIB_STACK$$ZI$$Base = ADDR (.msp_stack)
                0x0000000020000bf8                Image$$ARM_LIB_STACK$$ZI$$Limit = (ADDR (.msp_stack) + SIZEOF (.msp_stack))

.msp_stack_seal_res
                0x0000000020000bf8        0x8
                0x0000000020000c00                . = (. + 0x8)
 *fill*         0x0000000020000bf8        0x8 
                0x0000000020000bf8                __StackSeal = ADDR (.msp_stack_seal_res)
                0x0000000020000c00                . = ALIGN (0x20)
                0x0000000020000c00                Image$$TFM_APP_RW_STACK_START$$Base = .

.TFM_APP_ROT_LINKER_DATA
                0x0000000020000c00        0x0 load address 0x0000000000007c40
 *tfm_app_rot_partition*:(SORT_BY_ALIGNMENT(.data*))
 *(TFM_*_APP-ROT_ATTR_RW)
                0x0000000020000c00                . = ALIGN (0x4)
                0x0000000020000c00                Image$$TFM_APP_ROT_LINKER_DATA$$RW$$Base = ADDR (.TFM_APP_ROT_LINKER_DATA)
                0x0000000020000c00                Image$$TFM_APP_ROT_LINKER_DATA$$RW$$Limit = (ADDR (.TFM_APP_ROT_LINKER_DATA) + SIZEOF (.TFM_APP_ROT_LINKER_DATA))

.TFM_APP_ROT_LINKER_BSS
                0x0000000020000c00       0x20
                0x0000000020000c00                start_of_TFM_APP_ROT_LINKER = .
 *tfm_app_rot_partition*:(SORT_BY_ALIGNMENT(.bss*))
 *tfm_app_rot_partition*:*(COMMON)
 *(TFM_*_APP-ROT_ATTR_ZI)
                0x0000000020000c04                . = (. + (. - start_of_TFM_APP_ROT_LINKER)?0x0:0x4)
 *fill*         0x0000000020000c00        0x4 
                0x0000000020000c20                . = ALIGN (0x20)
 *fill*         0x0000000020000c04       0x1c 
                0x0000000020000c00                Image$$TFM_APP_ROT_LINKER_DATA$$ZI$$Base = ADDR (.TFM_APP_ROT_LINKER_BSS)
                0x0000000020000c20                Image$$TFM_APP_ROT_LINKER_DATA$$ZI$$Limit = (ADDR (.TFM_APP_ROT_LINKER_BSS) + SIZEOF (.TFM_APP_ROT_LINKER_BSS))
                0x0000000020000c20                Image$$TFM_APP_RW_STACK_END$$Base = .
                0x0000000020000c20                Image$$TFM_PSA_RW_STACK_START$$Base = .

.TFM_PSA_ROT_LINKER_DATA
                0x0000000020000c20        0x0 load address 0x0000000000007c40
 *tfm_psa_rot_partition*:(SORT_BY_ALIGNMENT(.data*))
 *(TFM_*_PSA-ROT_ATTR_RW)
                0x0000000020000c20                . = ALIGN (0x4)
                0x0000000020000c20                Image$$TFM_PSA_ROT_LINKER_DATA$$RW$$Base = ADDR (.TFM_PSA_ROT_LINKER_DATA)
                0x0000000020000c20                Image$$TFM_PSA_ROT_LINKER_DATA$$RW$$Limit = (ADDR (.TFM_PSA_ROT_LINKER_DATA) + SIZEOF (.TFM_PSA_ROT_LINKER_DATA))

.TFM_PSA_ROT_LINKER_BSS
                0x0000000020000c20      0x460
                0x0000000020000c20                start_of_TFM_PSA_ROT_LINKER = .
 *tfm_psa_rot_partition*:(SORT_BY_ALIGNMENT(.bss*))
 .bss.scratch   0x0000000020000c20      0x408 secure_fw/partitions/crypto/libtfm_psa_rot_partition_crypto.a(crypto_init.o)
 .bss.operations
                0x0000000020001028       0x28 secure_fw/partitions/crypto/libtfm_psa_rot_partition_crypto.a(crypto_alloc.o)
 .bss.mbedtls_mem_buf
                0x0000000020001050        0x1 secure_fw/partitions/crypto/libtfm_psa_rot_partition_crypto.a(crypto_library.o)
 .bss.mbedtls_version_full
                0x0000000020001051       0x12 secure_fw/partitions/crypto/libtfm_psa_rot_partition_crypto.a(crypto_library.o)
 *tfm_psa_rot_partition*:*(COMMON)
 *(TFM_*_PSA-ROT_ATTR_ZI)
                0x0000000020001063                . = (. + (. - start_of_TFM_PSA_ROT_LINKER)?0x0:0x4)
                0x0000000020001080                . = ALIGN (0x20)
 *fill*         0x0000000020001063       0x1d 
                0x0000000020000c20                Image$$TFM_PSA_ROT_LINKER_DATA$$ZI$$Base = ADDR (.TFM_PSA_ROT_LINKER_BSS)